<html>
<body>
<pre>
<h1>µVision Build Log</h1>
<h2>Tool Versions:</h2>
IDE-Version: ¦ÌVision V5.28.0.0
Copyright (C) 2019 ARM Ltd and ARM Germany GmbH. All rights reserved.
License Information: CL CL, HP Inc., LIC=BUUAR-KEXHB-WD9K8-3U9L5-A8NHB-N1FED
 
Tool Versions:
Toolchain:       MDK-ARM Plus  Version: 5.28.0.0
Toolchain Path:  E:\Keil_v5\ARM\ARMCLANG\Bin
C Compiler:      ArmClang.exe V6.12
Assembler:       Armasm.exe V6.12
Linker/Locator:  ArmLink.exe V6.12
Library Manager: ArmAr.exe V6.12
Hex Converter:   FromElf.exe V6.12
CPU DLL:         SARMCM3.DLL V5.28.0.0
Dialog DLL:      DCM.DLL V1.17.3.0
Target DLL:      UL2CM3.DLL V1.162.16.0
Dialog DLL:      TCM.DLL V1.36.2.0
 
<h2>Project:</h2>
E:\Projects\EIS_BootLoader\User\Keil5_project\Project.uvprojx
Project File Date:  08/25/2022

<h2>Output:</h2>
*** Using Compiler 'V6.12', folder: 'E:\Keil_v5\ARM\ARMCLANG\Bin'
Rebuild target 'GD32F10X_MD'
compiling systick.c...
compiling gd32f10x_it.c...
compiling iap_bootloader.c...
compiling main.c...
compiling system_gd32f10x.c...
compiling gd32f10x_adc.c...
compiling gd32f10x_crc.c...
compiling gd32f10x_bkp.c...
compiling gd32f10x_dbg.c...
compiling gd32f10x_dac.c...
compiling gd32f10x_can.c...
compiling gd32f10x_enet.c...
compiling gd32f10x_dma.c...
compiling gd32f10x_exti.c...
compiling gd32f10x_exmc.c...
compiling gd32f10x_fwdgt.c...
compiling gd32f10x_fmc.c...
compiling gd32f10x_gpio.c...
compiling gd32f10x_i2c.c...
compiling gd32f10x_misc.c...
compiling gd32f10x_pmu.c...
compiling gd32f10x_rtc.c...
compiling gd32f10x_rcu.c...
assembling startup_gd32f10x_md.s...
compiling gd32f10x_spi.c...
compiling gd32f10x_sdio.c...
compiling gd32f10x_usart.c...
compiling gd32f10x_wwdgt.c...
compiling gd32f10x_timer.c...
compiling gd32f10x_eval.c...
linking...
Program Size: Code=932 RO-data=324 RW-data=4 ZI-data=1044  
".\output\Project.axf" - 0 Error(s), 0 Warning(s).

<h2>Software Packages used:</h2>

Package Vendor: GigaDevice
                http://gd32mcu.com/data/documents/pack/GigaDevice.GD32F10x_DFP.2.0.2.pack
                GigaDevice.GD32F10x_DFP.2.0.2
                GigaDevice GD32F10x Series Device Support and Examples

<h2>Collection of Component include folders:</h2>
  .\RTE\_GD32F10X_MD
  C:\Users\CL\AppData\Local\Arm\Packs\GigaDevice\GD32F10x_DFP\2.0.2\Device\Include

<h2>Collection of Component Files used:</h2>
Build Time Elapsed:  00:00:01
</pre>
</body>
</html>
