<html>
<body>
<pre>
<h1>µVision Build Log</h1>
<h2>Tool Versions:</h2>
IDE-Version: ¦ÌVision V5.28.0.0
Copyright (C) 2019 ARM Ltd and ARM Germany GmbH. All rights reserved.
License Information: CL CL, HP Inc., LIC=BUUAR-KEXHB-WD9K8-3U9L5-A8NHB-N1FED
 
Tool Versions:
Toolchain:       MDK-ARM Plus  Version: 5.28.0.0
Toolchain Path:  E:\Keil_v5\ARM\ARMCC\Bin
C Compiler:      Armcc.exe V5.06 update 6 (build 750)
Assembler:       Armasm.exe V5.06 update 6 (build 750)
Linker/Locator:  ArmLink.exe V5.06 update 6 (build 750)
Library Manager: ArmAr.exe V5.06 update 6 (build 750)
Hex Converter:   FromElf.exe V5.06 update 6 (build 750)
CPU DLL:         SARMCM3.DLL V5.28.0.0
Dialog DLL:      DCM.DLL V1.17.3.0
Target DLL:      Segger\JL2CM3.dll V2.99.36.0
Dialog DLL:      TCM.DLL V1.36.2.0
 
<h2>Project:</h2>
E:\Projects\EIS_Master_GD32_V00.02\USER\EIS_Master_GD32.uvprojx
Project File Date:  08/24/2022

<h2>Output:</h2>
*** Using Compiler 'V5.06 update 6 (build 750)', folder: 'E:\Keil_v5\ARM\ARMCC\Bin'
Rebuild target 'Target 1'
compiling system_gd32f10x.c...
compiling gd32f10x_adc.c...
compiling gd32f10x_it.c...
compiling gd32f10x_bkp.c...
compiling systick.c...
compiling main.c...
main.c(213): warning:  #177-D: function "IAP_task"  was declared but never referenced
  static void IAP_task(void *pvParameters)
main.c: 1 warning, 0 errors
compiling gd32f10x_crc.c...
compiling gd32f10x_dbg.c...
compiling gd32f10x_enet.c...
compiling gd32f10x_dac.c...
compiling gd32f10x_can.c...
compiling gd32f10x_dma.c...
compiling gd32f10x_exti.c...
compiling gd32f10x_fwdgt.c...
compiling gd32f10x_exmc.c...
compiling gd32f10x_gpio.c...
compiling gd32f10x_i2c.c...
compiling gd32f10x_fmc.c...
compiling gd32f10x_misc.c...
compiling gd32f10x_pmu.c...
compiling gd32f10x_rtc.c...
compiling gd32f10x_rcu.c...
compiling gd32f10x_spi.c...
compiling gd32f10x_sdio.c...
assembling startup_gd32f10x_md.s...
compiling croutine.c...
compiling event_groups.c...
compiling list.c...
compiling queue.c...
compiling stream_buffer.c...
compiling gd32f10x_wwdgt.c...
compiling gd32f10x_usart.c...
compiling timers.c...
compiling gd32f10x_timer.c...
compiling tasks.c...
compiling heap_4.c...
compiling port.c...
compiling fsm.c...
compiling gd32f10x_eval.c...
compiling led.c...
compiling direct.c...
compiling slave.c...
compiling spi.c...
compiling msg_handler.c...
compiling lora_module.c...
compiling sensirion_common.c...
compiling scd4x_i2c.c...
compiling sensirion_i2c.c...
compiling battery.c...
compiling iap.c...
compiling dsl_08.c...
compiling rs485.c...
compiling timer.c...
compiling uart.c...
compiling sensirion_i2c_hal.c...
compiling myiic.c...
linking...
Program Size: Code=23280 RO-data=292 RW-data=744 ZI-data=8544  
FromELF: creating hex file...
".\Objects\EIS_Master_GD32.axf" - 0 Error(s), 1 Warning(s).

<h2>Software Packages used:</h2>

Package Vendor: GigaDevice
                http://gd32mcu.com/data/documents/pack/GigaDevice.GD32F10x_DFP.2.0.2.pack
                GigaDevice.GD32F10x_DFP.2.0.2
                GigaDevice GD32F10x Series Device Support and Examples

<h2>Collection of Component include folders:</h2>
  .\RTE\_Target_1
  C:\Users\CL\AppData\Local\Arm\Packs\GigaDevice\GD32F10x_DFP\2.0.2\Device\Include

<h2>Collection of Component Files used:</h2>
Build Time Elapsed:  00:00:02
</pre>
</body>
</html>
