<!doctype html public "-//w3c//dtd html 4.0 transitional//en">
<html><head>
<title>Static Call Graph - [.\Objects\EIS_Master_GD32.axf]</title></head>
<body><HR>
<H1>Static Call Graph for image .\Objects\EIS_Master_GD32.axf</H1><HR>
<BR><P>#&#060CALLGRAPH&#062# ARM Linker, 5060750: Last Updated: Thu Aug 25 19:37:32 2022
<BR><P>
<H3>Maximum Stack Usage =        268 bytes + Unknown(Cycles, Untraceable Function Pointers)</H3><H3>
Call chain for Maximum Stack Depth:</H3>
SensorMonitor_task &rArr; Sensor_Process &rArr; SCDxx_Process &rArr; scd4x_read_measurement &rArr; scd4x_read_measurement_ticks &rArr; sensirion_i2c_read_data_inplace &rArr; sensirion_i2c_hal_read &rArr; IIC_Read_Byte &rArr; IIC_NAck &rArr; BSP_IIC_SDA_OUT &rArr; gpio_init
<P>
<H3>
Mutually Recursive functions
</H3> <LI><a href="#[28]">ADC0_1_IRQHandler</a>&nbsp;&nbsp;&nbsp;&rArr;&nbsp;&nbsp;&nbsp;<a href="#[28]">ADC0_1_IRQHandler</a><BR>
</UL>
<P>
<H3>
Function Pointers
</H3><UL>
 <LI><a href="#[28]">ADC0_1_IRQHandler</a> from startup_gd32f10x_md.o(.text) referenced from startup_gd32f10x_md.o(RESET)
 <LI><a href="#[10]">BusFault_Handler</a> from gd32f10x_it.o(i.BusFault_Handler) referenced from startup_gd32f10x_md.o(RESET)
 <LI><a href="#[2c]">CAN0_EWMC_IRQHandler</a> from startup_gd32f10x_md.o(.text) referenced from startup_gd32f10x_md.o(RESET)
 <LI><a href="#[2b]">CAN0_RX1_IRQHandler</a> from startup_gd32f10x_md.o(.text) referenced from startup_gd32f10x_md.o(RESET)
 <LI><a href="#[0]">CMDList_Refresh_Func</a> from lora_module.o(i.CMDList_Refresh_Func) referenced 4 times from lora_module.o(.data)
 <LI><a href="#[1]">CMD_Transimit_Func</a> from lora_module.o(i.CMD_Transimit_Func) referenced 4 times from lora_module.o(.data)
 <LI><a href="#[2]">CmdIdex_Inc_Func</a> from lora_module.o(i.CmdIdex_Inc_Func) referenced 2 times from lora_module.o(.data)
 <LI><a href="#[21]">DMA0_Channel0_IRQHandler</a> from startup_gd32f10x_md.o(.text) referenced from startup_gd32f10x_md.o(RESET)
 <LI><a href="#[22]">DMA0_Channel1_IRQHandler</a> from startup_gd32f10x_md.o(.text) referenced from startup_gd32f10x_md.o(RESET)
 <LI><a href="#[23]">DMA0_Channel2_IRQHandler</a> from startup_gd32f10x_md.o(.text) referenced from startup_gd32f10x_md.o(RESET)
 <LI><a href="#[24]">DMA0_Channel3_IRQHandler</a> from startup_gd32f10x_md.o(.text) referenced from startup_gd32f10x_md.o(RESET)
 <LI><a href="#[25]">DMA0_Channel4_IRQHandler</a> from startup_gd32f10x_md.o(.text) referenced from startup_gd32f10x_md.o(RESET)
 <LI><a href="#[26]">DMA0_Channel5_IRQHandler</a> from startup_gd32f10x_md.o(.text) referenced from startup_gd32f10x_md.o(RESET)
 <LI><a href="#[27]">DMA0_Channel6_IRQHandler</a> from uart.o(i.DMA0_Channel6_IRQHandler) referenced from startup_gd32f10x_md.o(RESET)
 <LI><a href="#[8]">Data_Upload_Func</a> from msg_handler.o(i.Data_Upload_Func) referenced 2 times from msg_handler.o(.data)
 <LI><a href="#[13]">DebugMon_Handler</a> from gd32f10x_it.o(i.DebugMon_Handler) referenced from startup_gd32f10x_md.o(RESET)
 <LI><a href="#[48]">Direct_task</a> from main.o(i.Direct_task) referenced from main.o(i.main)
 <LI><a href="#[41]">EXMC_IRQHandler</a> from startup_gd32f10x_md.o(.text) referenced from startup_gd32f10x_md.o(RESET)
 <LI><a href="#[1c]">EXTI0_IRQHandler</a> from startup_gd32f10x_md.o(.text) referenced from startup_gd32f10x_md.o(RESET)
 <LI><a href="#[3e]">EXTI10_15_IRQHandler</a> from gd32f10x_it.o(i.EXTI10_15_IRQHandler) referenced from startup_gd32f10x_md.o(RESET)
 <LI><a href="#[1d]">EXTI1_IRQHandler</a> from startup_gd32f10x_md.o(.text) referenced from startup_gd32f10x_md.o(RESET)
 <LI><a href="#[1e]">EXTI2_IRQHandler</a> from startup_gd32f10x_md.o(.text) referenced from startup_gd32f10x_md.o(RESET)
 <LI><a href="#[1f]">EXTI3_IRQHandler</a> from startup_gd32f10x_md.o(.text) referenced from startup_gd32f10x_md.o(RESET)
 <LI><a href="#[20]">EXTI4_IRQHandler</a> from startup_gd32f10x_md.o(.text) referenced from startup_gd32f10x_md.o(RESET)
 <LI><a href="#[2d]">EXTI5_9_IRQHandler</a> from gd32f10x_it.o(i.EXTI5_9_IRQHandler) referenced from startup_gd32f10x_md.o(RESET)
 <LI><a href="#[1a]">FMC_IRQHandler</a> from startup_gd32f10x_md.o(.text) referenced from startup_gd32f10x_md.o(RESET)
 <LI><a href="#[e]">HardFault_Handler</a> from gd32f10x_it.o(i.HardFault_Handler) referenced from startup_gd32f10x_md.o(RESET)
 <LI><a href="#[36]">I2C0_ER_IRQHandler</a> from startup_gd32f10x_md.o(.text) referenced from startup_gd32f10x_md.o(RESET)
 <LI><a href="#[35]">I2C0_EV_IRQHandler</a> from startup_gd32f10x_md.o(.text) referenced from startup_gd32f10x_md.o(RESET)
 <LI><a href="#[38]">I2C1_ER_IRQHandler</a> from startup_gd32f10x_md.o(.text) referenced from startup_gd32f10x_md.o(RESET)
 <LI><a href="#[37]">I2C1_EV_IRQHandler</a> from startup_gd32f10x_md.o(.text) referenced from startup_gd32f10x_md.o(RESET)
 <LI><a href="#[7]">Idle_Func</a> from msg_handler.o(i.Idle_Func) referenced 2 times from msg_handler.o(.data)
 <LI><a href="#[47]">LORACTL_task</a> from main.o(i.LORACTL_task) referenced from main.o(i.main)
 <LI><a href="#[17]">LVD_IRQHandler</a> from startup_gd32f10x_md.o(.text) referenced from startup_gd32f10x_md.o(RESET)
 <LI><a href="#[b]">Log_Func</a> from msg_handler.o(i.Log_Func) referenced 2 times from msg_handler.o(.data)
 <LI><a href="#[46]">MSGTR_task</a> from main.o(i.MSGTR_task) referenced from main.o(i.main)
 <LI><a href="#[6]">MSG_Init_Func</a> from msg_handler.o(i.MSG_Init_Func) referenced 2 times from msg_handler.o(.data)
 <LI><a href="#[f]">MemManage_Handler</a> from gd32f10x_it.o(i.MemManage_Handler) referenced from startup_gd32f10x_md.o(RESET)
 <LI><a href="#[5]">Mode_Change_Func</a> from lora_module.o(i.Mode_Change_Func) referenced 2 times from lora_module.o(.data)
 <LI><a href="#[d]">NMI_Handler</a> from gd32f10x_it.o(i.NMI_Handler) referenced from startup_gd32f10x_md.o(RESET)
 <LI><a href="#[14]">PendSV_Handler</a> from port.o(.emb_text) referenced from startup_gd32f10x_md.o(RESET)
 <LI><a href="#[4a]">PowerMonitor_task</a> from main.o(i.PowerMonitor_task) referenced from main.o(i.main)
 <LI><a href="#[1b]">RCU_IRQHandler</a> from startup_gd32f10x_md.o(.text) referenced from startup_gd32f10x_md.o(RESET)
 <LI><a href="#[3f]">RTC_Alarm_IRQHandler</a> from startup_gd32f10x_md.o(.text) referenced from startup_gd32f10x_md.o(RESET)
 <LI><a href="#[19]">RTC_IRQHandler</a> from startup_gd32f10x_md.o(.text) referenced from startup_gd32f10x_md.o(RESET)
 <LI><a href="#[c]">Reset_Handler</a> from startup_gd32f10x_md.o(.text) referenced from startup_gd32f10x_md.o(RESET)
 <LI><a href="#[4]">RetryTime_Clr_Func</a> from lora_module.o(i.RetryTime_Clr_Func) referenced 2 times from lora_module.o(.data)
 <LI><a href="#[3]">RetryTimes_Inc_Func</a> from lora_module.o(i.RetryTimes_Inc_Func) referenced 2 times from lora_module.o(.data)
 <LI><a href="#[a]">Retry_Func</a> from msg_handler.o(i.Retry_Func) referenced 2 times from msg_handler.o(.data)
 <LI><a href="#[39]">SPI0_IRQHandler</a> from startup_gd32f10x_md.o(.text) referenced from startup_gd32f10x_md.o(RESET)
 <LI><a href="#[3a]">SPI1_IRQHandler</a> from startup_gd32f10x_md.o(.text) referenced from startup_gd32f10x_md.o(RESET)
 <LI><a href="#[12]">SVC_Handler</a> from port.o(.emb_text) referenced from startup_gd32f10x_md.o(RESET)
 <LI><a href="#[49]">SensorMonitor_task</a> from main.o(i.SensorMonitor_task) referenced from main.o(i.main)
 <LI><a href="#[15]">SysTick_Handler</a> from gd32f10x_it.o(i.SysTick_Handler) referenced from startup_gd32f10x_md.o(RESET)
 <LI><a href="#[43]">SystemInit</a> from system_gd32f10x.o(i.SystemInit) referenced from startup_gd32f10x_md.o(.text)
 <LI><a href="#[18]">TAMPER_IRQHandler</a> from startup_gd32f10x_md.o(.text) referenced from startup_gd32f10x_md.o(RESET)
 <LI><a href="#[2e]">TIMER0_BRK_IRQHandler</a> from startup_gd32f10x_md.o(.text) referenced from startup_gd32f10x_md.o(RESET)
 <LI><a href="#[31]">TIMER0_Channel_IRQHandler</a> from startup_gd32f10x_md.o(.text) referenced from startup_gd32f10x_md.o(RESET)
 <LI><a href="#[30]">TIMER0_TRG_CMT_IRQHandler</a> from startup_gd32f10x_md.o(.text) referenced from startup_gd32f10x_md.o(RESET)
 <LI><a href="#[2f]">TIMER0_UP_IRQHandler</a> from startup_gd32f10x_md.o(.text) referenced from startup_gd32f10x_md.o(RESET)
 <LI><a href="#[32]">TIMER1_IRQHandler</a> from startup_gd32f10x_md.o(.text) referenced from startup_gd32f10x_md.o(RESET)
 <LI><a href="#[33]">TIMER2_IRQHandler</a> from startup_gd32f10x_md.o(.text) referenced from startup_gd32f10x_md.o(RESET)
 <LI><a href="#[34]">TIMER3_IRQHandler</a> from startup_gd32f10x_md.o(.text) referenced from startup_gd32f10x_md.o(RESET)
 <LI><a href="#[9]">Timeout_Clr_Func</a> from msg_handler.o(i.Timeout_Clr_Func) referenced 2 times from msg_handler.o(.data)
 <LI><a href="#[4b]">Timer_task</a> from main.o(i.Timer_task) referenced from main.o(i.main)
 <LI><a href="#[3b]">USART0_IRQHandler</a> from uart.o(i.USART0_IRQHandler) referenced from startup_gd32f10x_md.o(RESET)
 <LI><a href="#[3c]">USART1_IRQHandler</a> from uart.o(i.USART1_IRQHandler) referenced from startup_gd32f10x_md.o(RESET)
 <LI><a href="#[3d]">USART2_IRQHandler</a> from uart.o(i.USART2_IRQHandler) referenced from startup_gd32f10x_md.o(RESET)
 <LI><a href="#[29]">USBD_HP_CAN0_TX_IRQHandler</a> from startup_gd32f10x_md.o(.text) referenced from startup_gd32f10x_md.o(RESET)
 <LI><a href="#[2a]">USBD_LP_CAN0_RX0_IRQHandler</a> from startup_gd32f10x_md.o(.text) referenced from startup_gd32f10x_md.o(RESET)
 <LI><a href="#[40]">USBD_WKUP_IRQHandler</a> from startup_gd32f10x_md.o(.text) referenced from startup_gd32f10x_md.o(RESET)
 <LI><a href="#[11]">UsageFault_Handler</a> from gd32f10x_it.o(i.UsageFault_Handler) referenced from startup_gd32f10x_md.o(RESET)
 <LI><a href="#[16]">WWDGT_IRQHandler</a> from startup_gd32f10x_md.o(.text) referenced from startup_gd32f10x_md.o(RESET)
 <LI><a href="#[44]">__main</a> from entry.o(.ARM.Collect$$$$00000000) referenced from startup_gd32f10x_md.o(.text)
 <LI><a href="#[45]">_sputc</a> from printf6.o(i._sputc) referenced from printf6.o(i.__0sprintf$6)
 <LI><a href="#[42]">main</a> from main.o(i.main) referenced from entry9a.o(.ARM.Collect$$$$0000000B)
 <LI><a href="#[4d]">prvIdleTask</a> from tasks.o(i.prvIdleTask) referenced from tasks.o(i.vTaskStartScheduler)
 <LI><a href="#[4c]">prvTaskExitError</a> from port.o(i.prvTaskExitError) referenced from port.o(i.pxPortInitialiseStack)
</UL>
<P>
<H3>
Global Symbols
</H3>
<P><STRONG><a name="[44]"></a>__main</STRONG> (Thumb, 0 bytes, Stack size unknown bytes, entry.o(.ARM.Collect$$$$00000000))
<BR>[Address Reference Count : 1]<UL><LI> startup_gd32f10x_md.o(.text)
</UL>
<P><STRONG><a name="[153]"></a>_main_stk</STRONG> (Thumb, 0 bytes, Stack size unknown bytes, entry2.o(.ARM.Collect$$$$00000001))

<P><STRONG><a name="[4e]"></a>_main_scatterload</STRONG> (Thumb, 0 bytes, Stack size unknown bytes, entry5.o(.ARM.Collect$$$$00000004))
<BR><BR>[Calls]<UL><LI><a href="#[4f]">&gt;&gt;</a>&nbsp;&nbsp;&nbsp;__scatterload
</UL>

<P><STRONG><a name="[5e]"></a>__main_after_scatterload</STRONG> (Thumb, 0 bytes, Stack size unknown bytes, entry5.o(.ARM.Collect$$$$00000004))
<BR><BR>[Called By]<UL><LI><a href="#[4f]">&gt;&gt;</a>&nbsp;&nbsp;&nbsp;__scatterload
</UL>

<P><STRONG><a name="[154]"></a>_main_clock</STRONG> (Thumb, 0 bytes, Stack size unknown bytes, entry7b.o(.ARM.Collect$$$$00000008))

<P><STRONG><a name="[155]"></a>_main_cpp_init</STRONG> (Thumb, 0 bytes, Stack size unknown bytes, entry8b.o(.ARM.Collect$$$$0000000A))

<P><STRONG><a name="[156]"></a>_main_init</STRONG> (Thumb, 0 bytes, Stack size unknown bytes, entry9a.o(.ARM.Collect$$$$0000000B))

<P><STRONG><a name="[157]"></a>__rt_final_cpp</STRONG> (Thumb, 0 bytes, Stack size unknown bytes, entry10a.o(.ARM.Collect$$$$0000000D))

<P><STRONG><a name="[158]"></a>__rt_final_exit</STRONG> (Thumb, 0 bytes, Stack size unknown bytes, entry11a.o(.ARM.Collect$$$$0000000F))

<P><STRONG><a name="[12]"></a>SVC_Handler</STRONG> (Thumb, 32 bytes, Stack size 0 bytes, port.o(.emb_text))
<BR>[Address Reference Count : 1]<UL><LI> startup_gd32f10x_md.o(RESET)
</UL>
<P><STRONG><a name="[14b]"></a>__asm___6_port_c_39a90d8d__prvStartFirstTask</STRONG> (Thumb, 28 bytes, Stack size 0 bytes, port.o(.emb_text))
<BR><BR>[Called By]<UL><LI><a href="#[149]">&gt;&gt;</a>&nbsp;&nbsp;&nbsp;xPortStartScheduler
</UL>

<P><STRONG><a name="[14]"></a>PendSV_Handler</STRONG> (Thumb, 72 bytes, Stack size 0 bytes, port.o(.emb_text))
<BR><BR>[Calls]<UL><LI><a href="#[50]">&gt;&gt;</a>&nbsp;&nbsp;&nbsp;vTaskSwitchContext
</UL>
<BR>[Address Reference Count : 1]<UL><LI> startup_gd32f10x_md.o(RESET)
</UL>
<P><STRONG><a name="[159]"></a>vPortGetIPSR</STRONG> (Thumb, 6 bytes, Stack size 0 bytes, port.o(.emb_text), UNUSED)

<P><STRONG><a name="[c]"></a>Reset_Handler</STRONG> (Thumb, 8 bytes, Stack size 0 bytes, startup_gd32f10x_md.o(.text))
<BR>[Address Reference Count : 1]<UL><LI> startup_gd32f10x_md.o(RESET)
</UL>
<P><STRONG><a name="[28]"></a>ADC0_1_IRQHandler</STRONG> (Thumb, 0 bytes, Stack size 0 bytes, startup_gd32f10x_md.o(.text))
<BR><BR>[Calls]<UL><LI><a href="#[28]">&gt;&gt;</a>&nbsp;&nbsp;&nbsp;ADC0_1_IRQHandler
</UL>
<BR>[Called By]<UL><LI><a href="#[28]">&gt;&gt;</a>&nbsp;&nbsp;&nbsp;ADC0_1_IRQHandler
</UL>
<BR>[Address Reference Count : 1]<UL><LI> startup_gd32f10x_md.o(RESET)
</UL>
<P><STRONG><a name="[2c]"></a>CAN0_EWMC_IRQHandler</STRONG> (Thumb, 0 bytes, Stack size 0 bytes, startup_gd32f10x_md.o(.text))
<BR>[Address Reference Count : 1]<UL><LI> startup_gd32f10x_md.o(RESET)
</UL>
<P><STRONG><a name="[2b]"></a>CAN0_RX1_IRQHandler</STRONG> (Thumb, 0 bytes, Stack size 0 bytes, startup_gd32f10x_md.o(.text))
<BR>[Address Reference Count : 1]<UL><LI> startup_gd32f10x_md.o(RESET)
</UL>
<P><STRONG><a name="[21]"></a>DMA0_Channel0_IRQHandler</STRONG> (Thumb, 0 bytes, Stack size 0 bytes, startup_gd32f10x_md.o(.text))
<BR>[Address Reference Count : 1]<UL><LI> startup_gd32f10x_md.o(RESET)
</UL>
<P><STRONG><a name="[22]"></a>DMA0_Channel1_IRQHandler</STRONG> (Thumb, 0 bytes, Stack size 0 bytes, startup_gd32f10x_md.o(.text))
<BR>[Address Reference Count : 1]<UL><LI> startup_gd32f10x_md.o(RESET)
</UL>
<P><STRONG><a name="[23]"></a>DMA0_Channel2_IRQHandler</STRONG> (Thumb, 0 bytes, Stack size 0 bytes, startup_gd32f10x_md.o(.text))
<BR>[Address Reference Count : 1]<UL><LI> startup_gd32f10x_md.o(RESET)
</UL>
<P><STRONG><a name="[24]"></a>DMA0_Channel3_IRQHandler</STRONG> (Thumb, 0 bytes, Stack size 0 bytes, startup_gd32f10x_md.o(.text))
<BR>[Address Reference Count : 1]<UL><LI> startup_gd32f10x_md.o(RESET)
</UL>
<P><STRONG><a name="[25]"></a>DMA0_Channel4_IRQHandler</STRONG> (Thumb, 0 bytes, Stack size 0 bytes, startup_gd32f10x_md.o(.text))
<BR>[Address Reference Count : 1]<UL><LI> startup_gd32f10x_md.o(RESET)
</UL>
<P><STRONG><a name="[26]"></a>DMA0_Channel5_IRQHandler</STRONG> (Thumb, 0 bytes, Stack size 0 bytes, startup_gd32f10x_md.o(.text))
<BR>[Address Reference Count : 1]<UL><LI> startup_gd32f10x_md.o(RESET)
</UL>
<P><STRONG><a name="[41]"></a>EXMC_IRQHandler</STRONG> (Thumb, 0 bytes, Stack size 0 bytes, startup_gd32f10x_md.o(.text))
<BR>[Address Reference Count : 1]<UL><LI> startup_gd32f10x_md.o(RESET)
</UL>
<P><STRONG><a name="[1c]"></a>EXTI0_IRQHandler</STRONG> (Thumb, 0 bytes, Stack size 0 bytes, startup_gd32f10x_md.o(.text))
<BR>[Address Reference Count : 1]<UL><LI> startup_gd32f10x_md.o(RESET)
</UL>
<P><STRONG><a name="[1d]"></a>EXTI1_IRQHandler</STRONG> (Thumb, 0 bytes, Stack size 0 bytes, startup_gd32f10x_md.o(.text))
<BR>[Address Reference Count : 1]<UL><LI> startup_gd32f10x_md.o(RESET)
</UL>
<P><STRONG><a name="[1e]"></a>EXTI2_IRQHandler</STRONG> (Thumb, 0 bytes, Stack size 0 bytes, startup_gd32f10x_md.o(.text))
<BR>[Address Reference Count : 1]<UL><LI> startup_gd32f10x_md.o(RESET)
</UL>
<P><STRONG><a name="[1f]"></a>EXTI3_IRQHandler</STRONG> (Thumb, 0 bytes, Stack size 0 bytes, startup_gd32f10x_md.o(.text))
<BR>[Address Reference Count : 1]<UL><LI> startup_gd32f10x_md.o(RESET)
</UL>
<P><STRONG><a name="[20]"></a>EXTI4_IRQHandler</STRONG> (Thumb, 0 bytes, Stack size 0 bytes, startup_gd32f10x_md.o(.text))
<BR>[Address Reference Count : 1]<UL><LI> startup_gd32f10x_md.o(RESET)
</UL>
<P><STRONG><a name="[1a]"></a>FMC_IRQHandler</STRONG> (Thumb, 0 bytes, Stack size 0 bytes, startup_gd32f10x_md.o(.text))
<BR>[Address Reference Count : 1]<UL><LI> startup_gd32f10x_md.o(RESET)
</UL>
<P><STRONG><a name="[36]"></a>I2C0_ER_IRQHandler</STRONG> (Thumb, 0 bytes, Stack size 0 bytes, startup_gd32f10x_md.o(.text))
<BR>[Address Reference Count : 1]<UL><LI> startup_gd32f10x_md.o(RESET)
</UL>
<P><STRONG><a name="[35]"></a>I2C0_EV_IRQHandler</STRONG> (Thumb, 0 bytes, Stack size 0 bytes, startup_gd32f10x_md.o(.text))
<BR>[Address Reference Count : 1]<UL><LI> startup_gd32f10x_md.o(RESET)
</UL>
<P><STRONG><a name="[38]"></a>I2C1_ER_IRQHandler</STRONG> (Thumb, 0 bytes, Stack size 0 bytes, startup_gd32f10x_md.o(.text))
<BR>[Address Reference Count : 1]<UL><LI> startup_gd32f10x_md.o(RESET)
</UL>
<P><STRONG><a name="[37]"></a>I2C1_EV_IRQHandler</STRONG> (Thumb, 0 bytes, Stack size 0 bytes, startup_gd32f10x_md.o(.text))
<BR>[Address Reference Count : 1]<UL><LI> startup_gd32f10x_md.o(RESET)
</UL>
<P><STRONG><a name="[17]"></a>LVD_IRQHandler</STRONG> (Thumb, 0 bytes, Stack size 0 bytes, startup_gd32f10x_md.o(.text))
<BR>[Address Reference Count : 1]<UL><LI> startup_gd32f10x_md.o(RESET)
</UL>
<P><STRONG><a name="[1b]"></a>RCU_IRQHandler</STRONG> (Thumb, 0 bytes, Stack size 0 bytes, startup_gd32f10x_md.o(.text))
<BR>[Address Reference Count : 1]<UL><LI> startup_gd32f10x_md.o(RESET)
</UL>
<P><STRONG><a name="[3f]"></a>RTC_Alarm_IRQHandler</STRONG> (Thumb, 0 bytes, Stack size 0 bytes, startup_gd32f10x_md.o(.text))
<BR>[Address Reference Count : 1]<UL><LI> startup_gd32f10x_md.o(RESET)
</UL>
<P><STRONG><a name="[19]"></a>RTC_IRQHandler</STRONG> (Thumb, 0 bytes, Stack size 0 bytes, startup_gd32f10x_md.o(.text))
<BR>[Address Reference Count : 1]<UL><LI> startup_gd32f10x_md.o(RESET)
</UL>
<P><STRONG><a name="[39]"></a>SPI0_IRQHandler</STRONG> (Thumb, 0 bytes, Stack size 0 bytes, startup_gd32f10x_md.o(.text))
<BR>[Address Reference Count : 1]<UL><LI> startup_gd32f10x_md.o(RESET)
</UL>
<P><STRONG><a name="[3a]"></a>SPI1_IRQHandler</STRONG> (Thumb, 0 bytes, Stack size 0 bytes, startup_gd32f10x_md.o(.text))
<BR>[Address Reference Count : 1]<UL><LI> startup_gd32f10x_md.o(RESET)
</UL>
<P><STRONG><a name="[18]"></a>TAMPER_IRQHandler</STRONG> (Thumb, 0 bytes, Stack size 0 bytes, startup_gd32f10x_md.o(.text))
<BR>[Address Reference Count : 1]<UL><LI> startup_gd32f10x_md.o(RESET)
</UL>
<P><STRONG><a name="[2e]"></a>TIMER0_BRK_IRQHandler</STRONG> (Thumb, 0 bytes, Stack size 0 bytes, startup_gd32f10x_md.o(.text))
<BR>[Address Reference Count : 1]<UL><LI> startup_gd32f10x_md.o(RESET)
</UL>
<P><STRONG><a name="[31]"></a>TIMER0_Channel_IRQHandler</STRONG> (Thumb, 0 bytes, Stack size 0 bytes, startup_gd32f10x_md.o(.text))
<BR>[Address Reference Count : 1]<UL><LI> startup_gd32f10x_md.o(RESET)
</UL>
<P><STRONG><a name="[30]"></a>TIMER0_TRG_CMT_IRQHandler</STRONG> (Thumb, 0 bytes, Stack size 0 bytes, startup_gd32f10x_md.o(.text))
<BR>[Address Reference Count : 1]<UL><LI> startup_gd32f10x_md.o(RESET)
</UL>
<P><STRONG><a name="[2f]"></a>TIMER0_UP_IRQHandler</STRONG> (Thumb, 0 bytes, Stack size 0 bytes, startup_gd32f10x_md.o(.text))
<BR>[Address Reference Count : 1]<UL><LI> startup_gd32f10x_md.o(RESET)
</UL>
<P><STRONG><a name="[32]"></a>TIMER1_IRQHandler</STRONG> (Thumb, 0 bytes, Stack size 0 bytes, startup_gd32f10x_md.o(.text))
<BR>[Address Reference Count : 1]<UL><LI> startup_gd32f10x_md.o(RESET)
</UL>
<P><STRONG><a name="[33]"></a>TIMER2_IRQHandler</STRONG> (Thumb, 0 bytes, Stack size 0 bytes, startup_gd32f10x_md.o(.text))
<BR>[Address Reference Count : 1]<UL><LI> startup_gd32f10x_md.o(RESET)
</UL>
<P><STRONG><a name="[34]"></a>TIMER3_IRQHandler</STRONG> (Thumb, 0 bytes, Stack size 0 bytes, startup_gd32f10x_md.o(.text))
<BR>[Address Reference Count : 1]<UL><LI> startup_gd32f10x_md.o(RESET)
</UL>
<P><STRONG><a name="[29]"></a>USBD_HP_CAN0_TX_IRQHandler</STRONG> (Thumb, 0 bytes, Stack size 0 bytes, startup_gd32f10x_md.o(.text))
<BR>[Address Reference Count : 1]<UL><LI> startup_gd32f10x_md.o(RESET)
</UL>
<P><STRONG><a name="[2a]"></a>USBD_LP_CAN0_RX0_IRQHandler</STRONG> (Thumb, 0 bytes, Stack size 0 bytes, startup_gd32f10x_md.o(.text))
<BR>[Address Reference Count : 1]<UL><LI> startup_gd32f10x_md.o(RESET)
</UL>
<P><STRONG><a name="[40]"></a>USBD_WKUP_IRQHandler</STRONG> (Thumb, 0 bytes, Stack size 0 bytes, startup_gd32f10x_md.o(.text))
<BR>[Address Reference Count : 1]<UL><LI> startup_gd32f10x_md.o(RESET)
</UL>
<P><STRONG><a name="[16]"></a>WWDGT_IRQHandler</STRONG> (Thumb, 0 bytes, Stack size 0 bytes, startup_gd32f10x_md.o(.text))
<BR>[Address Reference Count : 1]<UL><LI> startup_gd32f10x_md.o(RESET)
</UL>
<P><STRONG><a name="[8a]"></a>__aeabi_memcpy</STRONG> (Thumb, 36 bytes, Stack size 0 bytes, memcpya.o(.text))
<BR><BR>[Called By]<UL><LI><a href="#[d3]">&gt;&gt;</a>&nbsp;&nbsp;&nbsp;Sensor_Process
<LI><a href="#[c2]">&gt;&gt;</a>&nbsp;&nbsp;&nbsp;LORA_RX_Func
<LI><a href="#[118]">&gt;&gt;</a>&nbsp;&nbsp;&nbsp;prvCopyDataToQueue
<LI><a href="#[117]">&gt;&gt;</a>&nbsp;&nbsp;&nbsp;prvCopyDataFromQueue
<LI><a href="#[c7]">&gt;&gt;</a>&nbsp;&nbsp;&nbsp;Lora_TxMSG_Produce
<LI><a href="#[3d]">&gt;&gt;</a>&nbsp;&nbsp;&nbsp;USART2_IRQHandler
<LI><a href="#[3c]">&gt;&gt;</a>&nbsp;&nbsp;&nbsp;USART1_IRQHandler
<LI><a href="#[3b]">&gt;&gt;</a>&nbsp;&nbsp;&nbsp;USART0_IRQHandler
<LI><a href="#[85]">&gt;&gt;</a>&nbsp;&nbsp;&nbsp;DSL_Receive_Data
</UL>

<P><STRONG><a name="[93]"></a>__aeabi_memcpy4</STRONG> (Thumb, 0 bytes, Stack size 0 bytes, memcpya.o(.text))
<BR><BR>[Called By]<UL><LI><a href="#[a]">&gt;&gt;</a>&nbsp;&nbsp;&nbsp;Retry_Func
<LI><a href="#[8]">&gt;&gt;</a>&nbsp;&nbsp;&nbsp;Data_Upload_Func
</UL>

<P><STRONG><a name="[15a]"></a>__aeabi_memcpy8</STRONG> (Thumb, 0 bytes, Stack size 0 bytes, memcpya.o(.text), UNUSED)

<P><STRONG><a name="[52]"></a>__aeabi_memset</STRONG> (Thumb, 14 bytes, Stack size 0 bytes, memseta.o(.text))
<BR><BR>[Called By]<UL><LI><a href="#[53]">&gt;&gt;</a>&nbsp;&nbsp;&nbsp;_memset$wrapper
<LI><a href="#[51]">&gt;&gt;</a>&nbsp;&nbsp;&nbsp;__aeabi_memclr
</UL>

<P><STRONG><a name="[15b]"></a>__aeabi_memset4</STRONG> (Thumb, 0 bytes, Stack size 0 bytes, memseta.o(.text), UNUSED)

<P><STRONG><a name="[15c]"></a>__aeabi_memset8</STRONG> (Thumb, 0 bytes, Stack size 0 bytes, memseta.o(.text), UNUSED)

<P><STRONG><a name="[51]"></a>__aeabi_memclr</STRONG> (Thumb, 4 bytes, Stack size 0 bytes, memseta.o(.text))
<BR><BR>[Calls]<UL><LI><a href="#[52]">&gt;&gt;</a>&nbsp;&nbsp;&nbsp;__aeabi_memset
</UL>
<BR>[Called By]<UL><LI><a href="#[83]">&gt;&gt;</a>&nbsp;&nbsp;&nbsp;DSL_Send_CMD
</UL>

<P><STRONG><a name="[15d]"></a>__aeabi_memclr4</STRONG> (Thumb, 0 bytes, Stack size 0 bytes, memseta.o(.text), UNUSED)

<P><STRONG><a name="[15e]"></a>__aeabi_memclr8</STRONG> (Thumb, 0 bytes, Stack size 0 bytes, memseta.o(.text), UNUSED)

<P><STRONG><a name="[53]"></a>_memset$wrapper</STRONG> (Thumb, 18 bytes, Stack size 8 bytes, memseta.o(.text), UNUSED)
<BR><BR>[Calls]<UL><LI><a href="#[52]">&gt;&gt;</a>&nbsp;&nbsp;&nbsp;__aeabi_memset
</UL>

<P><STRONG><a name="[c1]"></a>strstr</STRONG> (Thumb, 36 bytes, Stack size 12 bytes, strstr.o(.text))
<BR><BR>[Stack]<UL><LI>Max Depth = 12<LI>Call Chain = strstr
</UL>
<BR>[Called By]<UL><LI><a href="#[b6]">&gt;&gt;</a>&nbsp;&nbsp;&nbsp;LORA_Para_Func
</UL>

<P><STRONG><a name="[c4]"></a>strncmp</STRONG> (Thumb, 30 bytes, Stack size 12 bytes, strncmp.o(.text))
<BR><BR>[Stack]<UL><LI>Max Depth = 12<LI>Call Chain = strncmp
</UL>
<BR>[Called By]<UL><LI><a href="#[c2]">&gt;&gt;</a>&nbsp;&nbsp;&nbsp;LORA_RX_Func
</UL>

<P><STRONG><a name="[54]"></a>__aeabi_fdiv</STRONG> (Thumb, 124 bytes, Stack size 8 bytes, fdiv.o(.text))
<BR><BR>[Stack]<UL><LI>Max Depth = 8<LI>Call Chain = __aeabi_fdiv
</UL>
<BR>[Calls]<UL><LI><a href="#[55]">&gt;&gt;</a>&nbsp;&nbsp;&nbsp;_float_round
</UL>
<BR>[Called By]<UL><LI><a href="#[ce]">&gt;&gt;</a>&nbsp;&nbsp;&nbsp;Voltage_Get
</UL>

<P><STRONG><a name="[56]"></a>__aeabi_dmul</STRONG> (Thumb, 228 bytes, Stack size 48 bytes, dmul.o(.text))
<BR><BR>[Stack]<UL><LI>Max Depth = 88<LI>Call Chain = __aeabi_dmul &rArr; _double_epilogue &rArr; _double_round
</UL>
<BR>[Calls]<UL><LI><a href="#[57]">&gt;&gt;</a>&nbsp;&nbsp;&nbsp;_double_epilogue
</UL>
<BR>[Called By]<UL><LI><a href="#[ce]">&gt;&gt;</a>&nbsp;&nbsp;&nbsp;Voltage_Get
</UL>

<P><STRONG><a name="[58]"></a>__aeabi_ui2f</STRONG> (Thumb, 10 bytes, Stack size 0 bytes, ffltui.o(.text))
<BR><BR>[Stack]<UL><LI>Max Depth = 4<LI>Call Chain = __aeabi_ui2f &rArr; _float_epilogue
</UL>
<BR>[Calls]<UL><LI><a href="#[59]">&gt;&gt;</a>&nbsp;&nbsp;&nbsp;_float_epilogue
</UL>
<BR>[Called By]<UL><LI><a href="#[ce]">&gt;&gt;</a>&nbsp;&nbsp;&nbsp;Voltage_Get
</UL>

<P><STRONG><a name="[e9]"></a>__aeabi_f2uiz</STRONG> (Thumb, 40 bytes, Stack size 0 bytes, ffixui.o(.text))
<BR><BR>[Called By]<UL><LI><a href="#[ce]">&gt;&gt;</a>&nbsp;&nbsp;&nbsp;Voltage_Get
</UL>

<P><STRONG><a name="[e8]"></a>__aeabi_f2d</STRONG> (Thumb, 38 bytes, Stack size 0 bytes, f2d.o(.text))
<BR><BR>[Called By]<UL><LI><a href="#[ce]">&gt;&gt;</a>&nbsp;&nbsp;&nbsp;Voltage_Get
</UL>

<P><STRONG><a name="[5a]"></a>__aeabi_d2f</STRONG> (Thumb, 56 bytes, Stack size 8 bytes, d2f.o(.text))
<BR><BR>[Stack]<UL><LI>Max Depth = 8<LI>Call Chain = __aeabi_d2f
</UL>
<BR>[Calls]<UL><LI><a href="#[55]">&gt;&gt;</a>&nbsp;&nbsp;&nbsp;_float_round
</UL>
<BR>[Called By]<UL><LI><a href="#[ce]">&gt;&gt;</a>&nbsp;&nbsp;&nbsp;Voltage_Get
</UL>

<P><STRONG><a name="[15f]"></a>__aeabi_uidiv</STRONG> (Thumb, 0 bytes, Stack size 12 bytes, uidiv.o(.text), UNUSED)

<P><STRONG><a name="[ed]"></a>__aeabi_uidivmod</STRONG> (Thumb, 44 bytes, Stack size 12 bytes, uidiv.o(.text), UNUSED)
<BR><BR>[Called By]<UL><LI><a href="#[eb]">&gt;&gt;</a>&nbsp;&nbsp;&nbsp;_printf_core
</UL>

<P><STRONG><a name="[160]"></a>__I$use$fp</STRONG> (Thumb, 0 bytes, Stack size 0 bytes, iusefp.o(.text), UNUSED)

<P><STRONG><a name="[55]"></a>_float_round</STRONG> (Thumb, 18 bytes, Stack size 0 bytes, fepilogue.o(.text))
<BR><BR>[Called By]<UL><LI><a href="#[54]">&gt;&gt;</a>&nbsp;&nbsp;&nbsp;__aeabi_fdiv
<LI><a href="#[5a]">&gt;&gt;</a>&nbsp;&nbsp;&nbsp;__aeabi_d2f
</UL>

<P><STRONG><a name="[59]"></a>_float_epilogue</STRONG> (Thumb, 92 bytes, Stack size 4 bytes, fepilogue.o(.text))
<BR><BR>[Stack]<UL><LI>Max Depth = 4<LI>Call Chain = _float_epilogue
</UL>
<BR>[Called By]<UL><LI><a href="#[58]">&gt;&gt;</a>&nbsp;&nbsp;&nbsp;__aeabi_ui2f
</UL>

<P><STRONG><a name="[5d]"></a>_double_round</STRONG> (Thumb, 30 bytes, Stack size 8 bytes, depilogue.o(.text))
<BR><BR>[Stack]<UL><LI>Max Depth = 8<LI>Call Chain = _double_round
</UL>
<BR>[Called By]<UL><LI><a href="#[57]">&gt;&gt;</a>&nbsp;&nbsp;&nbsp;_double_epilogue
</UL>

<P><STRONG><a name="[57]"></a>_double_epilogue</STRONG> (Thumb, 156 bytes, Stack size 32 bytes, depilogue.o(.text))
<BR><BR>[Stack]<UL><LI>Max Depth = 40<LI>Call Chain = _double_epilogue &rArr; _double_round
</UL>
<BR>[Calls]<UL><LI><a href="#[5c]">&gt;&gt;</a>&nbsp;&nbsp;&nbsp;__aeabi_llsr
<LI><a href="#[5b]">&gt;&gt;</a>&nbsp;&nbsp;&nbsp;__aeabi_llsl
<LI><a href="#[5d]">&gt;&gt;</a>&nbsp;&nbsp;&nbsp;_double_round
</UL>
<BR>[Called By]<UL><LI><a href="#[56]">&gt;&gt;</a>&nbsp;&nbsp;&nbsp;__aeabi_dmul
</UL>

<P><STRONG><a name="[4f]"></a>__scatterload</STRONG> (Thumb, 28 bytes, Stack size 0 bytes, init.o(.text))
<BR><BR>[Calls]<UL><LI><a href="#[5e]">&gt;&gt;</a>&nbsp;&nbsp;&nbsp;__main_after_scatterload
</UL>
<BR>[Called By]<UL><LI><a href="#[4e]">&gt;&gt;</a>&nbsp;&nbsp;&nbsp;_main_scatterload
</UL>

<P><STRONG><a name="[161]"></a>__scatterload_rt2</STRONG> (Thumb, 0 bytes, Stack size 0 bytes, init.o(.text), UNUSED)

<P><STRONG><a name="[5b]"></a>__aeabi_llsl</STRONG> (Thumb, 30 bytes, Stack size 0 bytes, llshl.o(.text))
<BR><BR>[Called By]<UL><LI><a href="#[57]">&gt;&gt;</a>&nbsp;&nbsp;&nbsp;_double_epilogue
</UL>

<P><STRONG><a name="[162]"></a>_ll_shift_l</STRONG> (Thumb, 0 bytes, Stack size 0 bytes, llshl.o(.text), UNUSED)

<P><STRONG><a name="[5c]"></a>__aeabi_llsr</STRONG> (Thumb, 32 bytes, Stack size 0 bytes, llushr.o(.text))
<BR><BR>[Called By]<UL><LI><a href="#[57]">&gt;&gt;</a>&nbsp;&nbsp;&nbsp;_double_epilogue
</UL>

<P><STRONG><a name="[163]"></a>_ll_ushift_r</STRONG> (Thumb, 0 bytes, Stack size 0 bytes, llushr.o(.text), UNUSED)

<P><STRONG><a name="[164]"></a>__decompress</STRONG> (Thumb, 0 bytes, Stack size unknown bytes, __dczerorl2.o(.text), UNUSED)

<P><STRONG><a name="[165]"></a>__decompress1</STRONG> (Thumb, 86 bytes, Stack size unknown bytes, __dczerorl2.o(.text), UNUSED)

<P><STRONG><a name="[6d]"></a>ADC_Value_Get</STRONG> (Thumb, 58 bytes, Stack size 8 bytes, battery.o(i.ADC_Value_Get))
<BR><BR>[Stack]<UL><LI>Max Depth = 28<LI>Call Chain = ADC_Value_Get &rArr; adc_regular_channel_config
</UL>
<BR>[Calls]<UL><LI><a href="#[68]">&gt;&gt;</a>&nbsp;&nbsp;&nbsp;adc_software_trigger_enable
<LI><a href="#[71]">&gt;&gt;</a>&nbsp;&nbsp;&nbsp;adc_regular_data_read
<LI><a href="#[6e]">&gt;&gt;</a>&nbsp;&nbsp;&nbsp;adc_regular_channel_config
<LI><a href="#[6f]">&gt;&gt;</a>&nbsp;&nbsp;&nbsp;adc_flag_get
<LI><a href="#[70]">&gt;&gt;</a>&nbsp;&nbsp;&nbsp;adc_flag_clear
</UL>
<BR>[Called By]<UL><LI><a href="#[ce]">&gt;&gt;</a>&nbsp;&nbsp;&nbsp;Voltage_Get
</UL>

<P><STRONG><a name="[72]"></a>AQI_Process</STRONG> (Thumb, 88 bytes, Stack size 8 bytes, dsl_08.o(i.AQI_Process))
<BR><BR>[Stack]<UL><LI>Max Depth = 88<LI>Call Chain = AQI_Process &rArr; DSL_Data_Read &rArr; delay_ms &rArr; vTaskDelay &rArr; xTaskResumeAll &rArr; xTaskIncrementTick
</UL>
<BR>[Calls]<UL><LI><a href="#[73]">&gt;&gt;</a>&nbsp;&nbsp;&nbsp;DSL_Data_Read
<LI><a href="#[74]">&gt;&gt;</a>&nbsp;&nbsp;&nbsp;DSL_Data_Calc
</UL>
<BR>[Called By]<UL><LI><a href="#[d3]">&gt;&gt;</a>&nbsp;&nbsp;&nbsp;Sensor_Process
</UL>

<P><STRONG><a name="[75]"></a>BSP_Dir_Light_Init</STRONG> (Thumb, 82 bytes, Stack size 8 bytes, gd32f10x_eval.o(i.BSP_Dir_Light_Init))
<BR><BR>[Stack]<UL><LI>Max Depth = 28<LI>Call Chain = BSP_Dir_Light_Init &rArr; gpio_pin_remap_config
</UL>
<BR>[Calls]<UL><LI><a href="#[76]">&gt;&gt;</a>&nbsp;&nbsp;&nbsp;gpio_pin_remap_config
<LI><a href="#[77]">&gt;&gt;</a>&nbsp;&nbsp;&nbsp;gpio_init
<LI><a href="#[61]">&gt;&gt;</a>&nbsp;&nbsp;&nbsp;rcu_periph_clock_enable
</UL>
<BR>[Called By]<UL><LI><a href="#[9b]">&gt;&gt;</a>&nbsp;&nbsp;&nbsp;Direct_GPIO_Init
</UL>

<P><STRONG><a name="[78]"></a>BSP_IIC_Init</STRONG> (Thumb, 62 bytes, Stack size 8 bytes, gd32f10x_eval.o(i.BSP_IIC_Init))
<BR><BR>[Stack]<UL><LI>Max Depth = 28<LI>Call Chain = BSP_IIC_Init &rArr; gpio_init
</UL>
<BR>[Calls]<UL><LI><a href="#[77]">&gt;&gt;</a>&nbsp;&nbsp;&nbsp;gpio_init
<LI><a href="#[79]">&gt;&gt;</a>&nbsp;&nbsp;&nbsp;gpio_bit_set
<LI><a href="#[61]">&gt;&gt;</a>&nbsp;&nbsp;&nbsp;rcu_periph_clock_enable
</UL>
<BR>[Called By]<UL><LI><a href="#[12a]">&gt;&gt;</a>&nbsp;&nbsp;&nbsp;sensirion_i2c_hal_init
</UL>

<P><STRONG><a name="[7a]"></a>BSP_IIC_SDA_IN</STRONG> (Thumb, 16 bytes, Stack size 8 bytes, gd32f10x_eval.o(i.BSP_IIC_SDA_IN))
<BR><BR>[Stack]<UL><LI>Max Depth = 28<LI>Call Chain = BSP_IIC_SDA_IN &rArr; gpio_init
</UL>
<BR>[Calls]<UL><LI><a href="#[77]">&gt;&gt;</a>&nbsp;&nbsp;&nbsp;gpio_init
</UL>
<BR>[Called By]<UL><LI><a href="#[b2]">&gt;&gt;</a>&nbsp;&nbsp;&nbsp;IIC_Wait_Ack
<LI><a href="#[ae]">&gt;&gt;</a>&nbsp;&nbsp;&nbsp;IIC_Read_Byte
</UL>

<P><STRONG><a name="[7b]"></a>BSP_IIC_SDA_OUT</STRONG> (Thumb, 16 bytes, Stack size 8 bytes, gd32f10x_eval.o(i.BSP_IIC_SDA_OUT))
<BR><BR>[Stack]<UL><LI>Max Depth = 28<LI>Call Chain = BSP_IIC_SDA_OUT &rArr; gpio_init
</UL>
<BR>[Calls]<UL><LI><a href="#[77]">&gt;&gt;</a>&nbsp;&nbsp;&nbsp;gpio_init
</UL>
<BR>[Called By]<UL><LI><a href="#[ad]">&gt;&gt;</a>&nbsp;&nbsp;&nbsp;IIC_NAck
<LI><a href="#[ab]">&gt;&gt;</a>&nbsp;&nbsp;&nbsp;IIC_Ack
<LI><a href="#[b1]">&gt;&gt;</a>&nbsp;&nbsp;&nbsp;IIC_Stop
<LI><a href="#[b0]">&gt;&gt;</a>&nbsp;&nbsp;&nbsp;IIC_Start
<LI><a href="#[af]">&gt;&gt;</a>&nbsp;&nbsp;&nbsp;IIC_Send_Byte
</UL>

<P><STRONG><a name="[9d]"></a>BSP_Light_Control</STRONG> (Thumb, 138 bytes, Stack size 0 bytes, gd32f10x_eval.o(i.BSP_Light_Control))
<BR><BR>[Called By]<UL><LI><a href="#[98]">&gt;&gt;</a>&nbsp;&nbsp;&nbsp;Direct_Light_Control
</UL>

<P><STRONG><a name="[7c]"></a>BSP_Light_Get</STRONG> (Thumb, 112 bytes, Stack size 16 bytes, gd32f10x_eval.o(i.BSP_Light_Get))
<BR><BR>[Stack]<UL><LI>Max Depth = 16<LI>Call Chain = BSP_Light_Get
</UL>
<BR>[Calls]<UL><LI><a href="#[7d]">&gt;&gt;</a>&nbsp;&nbsp;&nbsp;gpio_output_bit_get
</UL>
<BR>[Called By]<UL><LI><a href="#[95]">&gt;&gt;</a>&nbsp;&nbsp;&nbsp;Direct_Light_Get
</UL>

<P><STRONG><a name="[60]"></a>Battery_Voltage_Monitor_GPIO_Init</STRONG> (Thumb, 24 bytes, Stack size 8 bytes, gd32f10x_eval.o(i.Battery_Voltage_Monitor_GPIO_Init))
<BR><BR>[Stack]<UL><LI>Max Depth = 28<LI>Call Chain = Battery_Voltage_Monitor_GPIO_Init &rArr; gpio_init
</UL>
<BR>[Calls]<UL><LI><a href="#[77]">&gt;&gt;</a>&nbsp;&nbsp;&nbsp;gpio_init
<LI><a href="#[61]">&gt;&gt;</a>&nbsp;&nbsp;&nbsp;rcu_periph_clock_enable
</UL>
<BR>[Called By]<UL><LI><a href="#[5f]">&gt;&gt;</a>&nbsp;&nbsp;&nbsp;ADC_Init
</UL>

<P><STRONG><a name="[10]"></a>BusFault_Handler</STRONG> (Thumb, 4 bytes, Stack size 0 bytes, gd32f10x_it.o(i.BusFault_Handler))
<BR>[Address Reference Count : 1]<UL><LI> startup_gd32f10x_md.o(RESET)
</UL>
<P><STRONG><a name="[0]"></a>CMDList_Refresh_Func</STRONG> (Thumb, 104 bytes, Stack size 12 bytes, lora_module.o(i.CMDList_Refresh_Func))
<BR><BR>[Stack]<UL><LI>Max Depth = 12<LI>Call Chain = CMDList_Refresh_Func
</UL>
<BR>[Address Reference Count : 1]<UL><LI> lora_module.o(.data)
</UL>
<P><STRONG><a name="[1]"></a>CMD_Transimit_Func</STRONG> (Thumb, 32 bytes, Stack size 8 bytes, lora_module.o(i.CMD_Transimit_Func))
<BR><BR>[Stack]<UL><LI>Max Depth = 56<LI>Call Chain = CMD_Transimit_Func &rArr; LORA_send_data &rArr; USART_Data_DMA_Send &rArr; dma_transfer_number_config
</UL>
<BR>[Calls]<UL><LI><a href="#[7e]">&gt;&gt;</a>&nbsp;&nbsp;&nbsp;LORA_send_data
</UL>
<BR>[Address Reference Count : 1]<UL><LI> lora_module.o(.data)
</UL>
<P><STRONG><a name="[c3]"></a>CRC_Calc</STRONG> (Thumb, 28 bytes, Stack size 8 bytes, lora_module.o(i.CRC_Calc))
<BR><BR>[Stack]<UL><LI>Max Depth = 8<LI>Call Chain = CRC_Calc
</UL>
<BR>[Called By]<UL><LI><a href="#[c2]">&gt;&gt;</a>&nbsp;&nbsp;&nbsp;LORA_RX_Func
<LI><a href="#[c7]">&gt;&gt;</a>&nbsp;&nbsp;&nbsp;Lora_TxMSG_Produce
</UL>

<P><STRONG><a name="[cf]"></a>Charge_Control</STRONG> (Thumb, 20 bytes, Stack size 0 bytes, gd32f10x_eval.o(i.Charge_Control))
<BR><BR>[Called By]<UL><LI><a href="#[cd]">&gt;&gt;</a>&nbsp;&nbsp;&nbsp;PowerMonitor_Process
</UL>

<P><STRONG><a name="[7f]"></a>Charge_Control_GPIO_Init</STRONG> (Thumb, 32 bytes, Stack size 8 bytes, gd32f10x_eval.o(i.Charge_Control_GPIO_Init))
<BR><BR>[Stack]<UL><LI>Max Depth = 28<LI>Call Chain = Charge_Control_GPIO_Init &rArr; gpio_init
</UL>
<BR>[Calls]<UL><LI><a href="#[77]">&gt;&gt;</a>&nbsp;&nbsp;&nbsp;gpio_init
<LI><a href="#[61]">&gt;&gt;</a>&nbsp;&nbsp;&nbsp;rcu_periph_clock_enable
</UL>
<BR>[Called By]<UL><LI><a href="#[cc]">&gt;&gt;</a>&nbsp;&nbsp;&nbsp;PowerMonitor_Init
</UL>

<P><STRONG><a name="[2]"></a>CmdIdex_Inc_Func</STRONG> (Thumb, 12 bytes, Stack size 0 bytes, lora_module.o(i.CmdIdex_Inc_Func))
<BR>[Address Reference Count : 1]<UL><LI> lora_module.o(.data)
</UL>
<P><STRONG><a name="[27]"></a>DMA0_Channel6_IRQHandler</STRONG> (Thumb, 32 bytes, Stack size 8 bytes, uart.o(i.DMA0_Channel6_IRQHandler))
<BR><BR>[Stack]<UL><LI>Max Depth = 24<LI>Call Chain = DMA0_Channel6_IRQHandler &rArr; dma_interrupt_flag_get
</UL>
<BR>[Calls]<UL><LI><a href="#[80]">&gt;&gt;</a>&nbsp;&nbsp;&nbsp;dma_interrupt_flag_get
<LI><a href="#[81]">&gt;&gt;</a>&nbsp;&nbsp;&nbsp;dma_interrupt_flag_clear
<LI><a href="#[82]">&gt;&gt;</a>&nbsp;&nbsp;&nbsp;gd_rs485_en_control
</UL>
<BR>[Address Reference Count : 1]<UL><LI> startup_gd32f10x_md.o(RESET)
</UL>
<P><STRONG><a name="[73]"></a>DSL_Data_Read</STRONG> (Thumb, 80 bytes, Stack size 16 bytes, dsl_08.o(i.DSL_Data_Read))
<BR><BR>[Stack]<UL><LI>Max Depth = 80<LI>Call Chain = DSL_Data_Read &rArr; delay_ms &rArr; vTaskDelay &rArr; xTaskResumeAll &rArr; xTaskIncrementTick
</UL>
<BR>[Calls]<UL><LI><a href="#[84]">&gt;&gt;</a>&nbsp;&nbsp;&nbsp;delay_ms
<LI><a href="#[83]">&gt;&gt;</a>&nbsp;&nbsp;&nbsp;DSL_Send_CMD
<LI><a href="#[85]">&gt;&gt;</a>&nbsp;&nbsp;&nbsp;DSL_Receive_Data
</UL>
<BR>[Called By]<UL><LI><a href="#[72]">&gt;&gt;</a>&nbsp;&nbsp;&nbsp;AQI_Process
</UL>

<P><STRONG><a name="[86]"></a>DSL_IO_Init</STRONG> (Thumb, 18 bytes, Stack size 8 bytes, dsl_08.o(i.DSL_IO_Init))
<BR><BR>[Stack]<UL><LI>Max Depth = 160<LI>Call Chain = DSL_IO_Init &rArr; usart_init &rArr; usart_baudrate_set &rArr; rcu_clock_freq_get
</UL>
<BR>[Calls]<UL><LI><a href="#[87]">&gt;&gt;</a>&nbsp;&nbsp;&nbsp;usart_init
<LI><a href="#[88]">&gt;&gt;</a>&nbsp;&nbsp;&nbsp;dsl_board_init
</UL>
<BR>[Called By]<UL><LI><a href="#[90]">&gt;&gt;</a>&nbsp;&nbsp;&nbsp;DSL_Sensor_Init
</UL>

<P><STRONG><a name="[8b]"></a>DSL_LRC_Check</STRONG> (Thumb, 54 bytes, Stack size 8 bytes, dsl_08.o(i.DSL_LRC_Check))
<BR><BR>[Stack]<UL><LI>Max Depth = 8<LI>Call Chain = DSL_LRC_Check
</UL>
<BR>[Called By]<UL><LI><a href="#[83]">&gt;&gt;</a>&nbsp;&nbsp;&nbsp;DSL_Send_CMD
<LI><a href="#[85]">&gt;&gt;</a>&nbsp;&nbsp;&nbsp;DSL_Receive_Data
</UL>

<P><STRONG><a name="[89]"></a>DSL_Mode_Change</STRONG> (Thumb, 14 bytes, Stack size 8 bytes, dsl_08.o(i.DSL_Mode_Change))
<BR><BR>[Stack]<UL><LI>Max Depth = 64<LI>Call Chain = DSL_Mode_Change &rArr; DSL_Send_CMD &rArr; USART_Data_Send &rArr; usart_flag_get
</UL>
<BR>[Calls]<UL><LI><a href="#[83]">&gt;&gt;</a>&nbsp;&nbsp;&nbsp;DSL_Send_CMD
</UL>
<BR>[Called By]<UL><LI><a href="#[90]">&gt;&gt;</a>&nbsp;&nbsp;&nbsp;DSL_Sensor_Init
</UL>

<P><STRONG><a name="[85]"></a>DSL_Receive_Data</STRONG> (Thumb, 174 bytes, Stack size 48 bytes, dsl_08.o(i.DSL_Receive_Data))
<BR><BR>[Stack]<UL><LI>Max Depth = 56<LI>Call Chain = DSL_Receive_Data &rArr; DSL_LRC_Check
</UL>
<BR>[Calls]<UL><LI><a href="#[8a]">&gt;&gt;</a>&nbsp;&nbsp;&nbsp;__aeabi_memcpy
<LI><a href="#[8b]">&gt;&gt;</a>&nbsp;&nbsp;&nbsp;DSL_LRC_Check
</UL>
<BR>[Called By]<UL><LI><a href="#[73]">&gt;&gt;</a>&nbsp;&nbsp;&nbsp;DSL_Data_Read
</UL>

<P><STRONG><a name="[83]"></a>DSL_Send_CMD</STRONG> (Thumb, 64 bytes, Stack size 24 bytes, dsl_08.o(i.DSL_Send_CMD))
<BR><BR>[Stack]<UL><LI>Max Depth = 56<LI>Call Chain = DSL_Send_CMD &rArr; USART_Data_Send &rArr; usart_flag_get
</UL>
<BR>[Calls]<UL><LI><a href="#[8c]">&gt;&gt;</a>&nbsp;&nbsp;&nbsp;usart_ch_sw_ctrl
<LI><a href="#[8d]">&gt;&gt;</a>&nbsp;&nbsp;&nbsp;USART_Data_Send
<LI><a href="#[8b]">&gt;&gt;</a>&nbsp;&nbsp;&nbsp;DSL_LRC_Check
<LI><a href="#[51]">&gt;&gt;</a>&nbsp;&nbsp;&nbsp;__aeabi_memclr
</UL>
<BR>[Called By]<UL><LI><a href="#[89]">&gt;&gt;</a>&nbsp;&nbsp;&nbsp;DSL_Mode_Change
<LI><a href="#[73]">&gt;&gt;</a>&nbsp;&nbsp;&nbsp;DSL_Data_Read
</UL>

<P><STRONG><a name="[8e]"></a>DSL_Sensor_Creat</STRONG> (Thumb, 30 bytes, Stack size 8 bytes, dsl_08.o(i.DSL_Sensor_Creat))
<BR><BR>[Stack]<UL><LI>Max Depth = 28<LI>Call Chain = DSL_Sensor_Creat &rArr; malloc
</UL>
<BR>[Calls]<UL><LI><a href="#[8f]">&gt;&gt;</a>&nbsp;&nbsp;&nbsp;malloc
</UL>
<BR>[Called By]<UL><LI><a href="#[90]">&gt;&gt;</a>&nbsp;&nbsp;&nbsp;DSL_Sensor_Init
</UL>

<P><STRONG><a name="[90]"></a>DSL_Sensor_Init</STRONG> (Thumb, 48 bytes, Stack size 8 bytes, dsl_08.o(i.DSL_Sensor_Init))
<BR><BR>[Stack]<UL><LI>Max Depth = 168<LI>Call Chain = DSL_Sensor_Init &rArr; DSL_IO_Init &rArr; usart_init &rArr; usart_baudrate_set &rArr; rcu_clock_freq_get
</UL>
<BR>[Calls]<UL><LI><a href="#[92]">&gt;&gt;</a>&nbsp;&nbsp;&nbsp;usart_ch_sw_init
<LI><a href="#[91]">&gt;&gt;</a>&nbsp;&nbsp;&nbsp;DSL_Sensor_Param_Config
<LI><a href="#[8e]">&gt;&gt;</a>&nbsp;&nbsp;&nbsp;DSL_Sensor_Creat
<LI><a href="#[89]">&gt;&gt;</a>&nbsp;&nbsp;&nbsp;DSL_Mode_Change
<LI><a href="#[86]">&gt;&gt;</a>&nbsp;&nbsp;&nbsp;DSL_IO_Init
</UL>
<BR>[Called By]<UL><LI><a href="#[d2]">&gt;&gt;</a>&nbsp;&nbsp;&nbsp;Sensor_Init
</UL>

<P><STRONG><a name="[91]"></a>DSL_Sensor_Param_Config</STRONG> (Thumb, 102 bytes, Stack size 12 bytes, dsl_08.o(i.DSL_Sensor_Param_Config))
<BR><BR>[Stack]<UL><LI>Max Depth = 12<LI>Call Chain = DSL_Sensor_Param_Config
</UL>
<BR>[Called By]<UL><LI><a href="#[90]">&gt;&gt;</a>&nbsp;&nbsp;&nbsp;DSL_Sensor_Init
</UL>

<P><STRONG><a name="[8]"></a>Data_Upload_Func</STRONG> (Thumb, 90 bytes, Stack size 16 bytes, msg_handler.o(i.Data_Upload_Func))
<BR><BR>[Stack]<UL><LI>Max Depth = 36<LI>Call Chain = Data_Upload_Func &rArr; malloc
</UL>
<BR>[Calls]<UL><LI><a href="#[93]">&gt;&gt;</a>&nbsp;&nbsp;&nbsp;__aeabi_memcpy4
<LI><a href="#[8f]">&gt;&gt;</a>&nbsp;&nbsp;&nbsp;malloc
</UL>
<BR>[Address Reference Count : 1]<UL><LI> msg_handler.o(.data)
</UL>
<P><STRONG><a name="[13]"></a>DebugMon_Handler</STRONG> (Thumb, 2 bytes, Stack size 0 bytes, gd32f10x_it.o(i.DebugMon_Handler))
<BR>[Address Reference Count : 1]<UL><LI> startup_gd32f10x_md.o(RESET)
</UL>
<P><STRONG><a name="[bf]"></a>Device_ID_Get</STRONG> (Thumb, 78 bytes, Stack size 16 bytes, lora_module.o(i.Device_ID_Get))
<BR><BR>[Stack]<UL><LI>Max Depth = 16<LI>Call Chain = Device_ID_Get
</UL>
<BR>[Called By]<UL><LI><a href="#[b4]">&gt;&gt;</a>&nbsp;&nbsp;&nbsp;LORA_Init
</UL>

<P><STRONG><a name="[94]"></a>Dir_Func</STRONG> (Thumb, 616 bytes, Stack size 32 bytes, direct.o(i.Dir_Func))
<BR><BR>[Stack]<UL><LI>Max Depth = 136<LI>Call Chain = Dir_Func &rArr; xQueueGenericSend &rArr; vTaskPlaceOnEventList &rArr; prvAddCurrentTaskToDelayedList &rArr; vListInsert
</UL>
<BR>[Calls]<UL><LI><a href="#[97]">&gt;&gt;</a>&nbsp;&nbsp;&nbsp;xQueueGenericSend
<LI><a href="#[96]">&gt;&gt;</a>&nbsp;&nbsp;&nbsp;xQueueSemaphoreTake
<LI><a href="#[99]">&gt;&gt;</a>&nbsp;&nbsp;&nbsp;Position_Parameter_Set
<LI><a href="#[9a]">&gt;&gt;</a>&nbsp;&nbsp;&nbsp;Position_Parameter_Access
<LI><a href="#[95]">&gt;&gt;</a>&nbsp;&nbsp;&nbsp;Direct_Light_Get
<LI><a href="#[98]">&gt;&gt;</a>&nbsp;&nbsp;&nbsp;Direct_Light_Control
<LI><a href="#[8f]">&gt;&gt;</a>&nbsp;&nbsp;&nbsp;malloc
</UL>
<BR>[Called By]<UL><LI><a href="#[48]">&gt;&gt;</a>&nbsp;&nbsp;&nbsp;Direct_task
</UL>

<P><STRONG><a name="[9b]"></a>Direct_GPIO_Init</STRONG> (Thumb, 8 bytes, Stack size 8 bytes, direct.o(i.Direct_GPIO_Init))
<BR><BR>[Stack]<UL><LI>Max Depth = 36<LI>Call Chain = Direct_GPIO_Init &rArr; BSP_Dir_Light_Init &rArr; gpio_pin_remap_config
</UL>
<BR>[Calls]<UL><LI><a href="#[75]">&gt;&gt;</a>&nbsp;&nbsp;&nbsp;BSP_Dir_Light_Init
</UL>
<BR>[Called By]<UL><LI><a href="#[9c]">&gt;&gt;</a>&nbsp;&nbsp;&nbsp;Direct_Init
</UL>

<P><STRONG><a name="[9c]"></a>Direct_Init</STRONG> (Thumb, 18 bytes, Stack size 8 bytes, direct.o(i.Direct_Init))
<BR><BR>[Stack]<UL><LI>Max Depth = 44<LI>Call Chain = Direct_Init &rArr; Direct_GPIO_Init &rArr; BSP_Dir_Light_Init &rArr; gpio_pin_remap_config
</UL>
<BR>[Calls]<UL><LI><a href="#[9a]">&gt;&gt;</a>&nbsp;&nbsp;&nbsp;Position_Parameter_Access
<LI><a href="#[98]">&gt;&gt;</a>&nbsp;&nbsp;&nbsp;Direct_Light_Control
<LI><a href="#[9b]">&gt;&gt;</a>&nbsp;&nbsp;&nbsp;Direct_GPIO_Init
</UL>
<BR>[Called By]<UL><LI><a href="#[48]">&gt;&gt;</a>&nbsp;&nbsp;&nbsp;Direct_task
</UL>

<P><STRONG><a name="[98]"></a>Direct_Light_Control</STRONG> (Thumb, 14 bytes, Stack size 16 bytes, direct.o(i.Direct_Light_Control))
<BR><BR>[Stack]<UL><LI>Max Depth = 16<LI>Call Chain = Direct_Light_Control
</UL>
<BR>[Calls]<UL><LI><a href="#[9d]">&gt;&gt;</a>&nbsp;&nbsp;&nbsp;BSP_Light_Control
</UL>
<BR>[Called By]<UL><LI><a href="#[9c]">&gt;&gt;</a>&nbsp;&nbsp;&nbsp;Direct_Init
<LI><a href="#[94]">&gt;&gt;</a>&nbsp;&nbsp;&nbsp;Dir_Func
</UL>

<P><STRONG><a name="[95]"></a>Direct_Light_Get</STRONG> (Thumb, 14 bytes, Stack size 8 bytes, direct.o(i.Direct_Light_Get))
<BR><BR>[Stack]<UL><LI>Max Depth = 24<LI>Call Chain = Direct_Light_Get &rArr; BSP_Light_Get
</UL>
<BR>[Calls]<UL><LI><a href="#[7c]">&gt;&gt;</a>&nbsp;&nbsp;&nbsp;BSP_Light_Get
</UL>
<BR>[Called By]<UL><LI><a href="#[94]">&gt;&gt;</a>&nbsp;&nbsp;&nbsp;Dir_Func
</UL>

<P><STRONG><a name="[3e]"></a>EXTI10_15_IRQHandler</STRONG> (Thumb, 26 bytes, Stack size 8 bytes, gd32f10x_it.o(i.EXTI10_15_IRQHandler))
<BR><BR>[Stack]<UL><LI>Max Depth = 32<LI>Call Chain = EXTI10_15_IRQHandler &rArr; Fire_Irq_Callback &rArr; gd_eval_led_toggle
</UL>
<BR>[Calls]<UL><LI><a href="#[9f]">&gt;&gt;</a>&nbsp;&nbsp;&nbsp;exti_interrupt_flag_get
<LI><a href="#[a1]">&gt;&gt;</a>&nbsp;&nbsp;&nbsp;exti_interrupt_flag_clear
<LI><a href="#[a0]">&gt;&gt;</a>&nbsp;&nbsp;&nbsp;Fire_Irq_Callback
</UL>
<BR>[Address Reference Count : 1]<UL><LI> startup_gd32f10x_md.o(RESET)
</UL>
<P><STRONG><a name="[2d]"></a>EXTI5_9_IRQHandler</STRONG> (Thumb, 22 bytes, Stack size 8 bytes, gd32f10x_it.o(i.EXTI5_9_IRQHandler))
<BR><BR>[Stack]<UL><LI>Max Depth = 32<LI>Call Chain = EXTI5_9_IRQHandler &rArr; Water_Irq_Callback &rArr; gd_eval_led_toggle
</UL>
<BR>[Calls]<UL><LI><a href="#[9f]">&gt;&gt;</a>&nbsp;&nbsp;&nbsp;exti_interrupt_flag_get
<LI><a href="#[a1]">&gt;&gt;</a>&nbsp;&nbsp;&nbsp;exti_interrupt_flag_clear
<LI><a href="#[a2]">&gt;&gt;</a>&nbsp;&nbsp;&nbsp;Water_Irq_Callback
</UL>
<BR>[Address Reference Count : 1]<UL><LI> startup_gd32f10x_md.o(RESET)
</UL>
<P><STRONG><a name="[a3]"></a>Ext_MSG_Init</STRONG> (Thumb, 128 bytes, Stack size 48 bytes, lora_module.o(i.Ext_MSG_Init))
<BR><BR>[Stack]<UL><LI>Max Depth = 68<LI>Call Chain = Ext_MSG_Init &rArr; malloc
</UL>
<BR>[Calls]<UL><LI><a href="#[8f]">&gt;&gt;</a>&nbsp;&nbsp;&nbsp;malloc
</UL>
<BR>[Called By]<UL><LI><a href="#[b4]">&gt;&gt;</a>&nbsp;&nbsp;&nbsp;LORA_Init
</UL>

<P><STRONG><a name="[a4]"></a>FIRE_Monitor_Init</STRONG> (Thumb, 12 bytes, Stack size 8 bytes, slave.o(i.FIRE_Monitor_Init))
<BR><BR>[Stack]<UL><LI>Max Depth = 48<LI>Call Chain = FIRE_Monitor_Init &rArr; gd_eval_EXIT_init &rArr; nvic_irq_enable
</UL>
<BR>[Calls]<UL><LI><a href="#[a5]">&gt;&gt;</a>&nbsp;&nbsp;&nbsp;gd_eval_EXIT_init
</UL>
<BR>[Called By]<UL><LI><a href="#[d2]">&gt;&gt;</a>&nbsp;&nbsp;&nbsp;Sensor_Init
</UL>

<P><STRONG><a name="[a6]"></a>FSM_EventHandle</STRONG> (Thumb, 34 bytes, Stack size 16 bytes, fsm.o(i.FSM_EventHandle))
<BR><BR>[Stack]<UL><LI>Max Depth = 24<LI>Call Chain = FSM_EventHandle &rArr; FindTrans
</UL>
<BR>[Calls]<UL><LI><a href="#[a7]">&gt;&gt;</a>&nbsp;&nbsp;&nbsp;FindTrans
<LI><a href="#[a8]">&gt;&gt;</a>&nbsp;&nbsp;&nbsp;FSM_StateTransfer
</UL>
<BR>[Called By]<UL><LI><a href="#[b3]">&gt;&gt;</a>&nbsp;&nbsp;&nbsp;LORACTL_FMS_RUN
</UL>

<P><STRONG><a name="[ba]"></a>FSM_Regist</STRONG> (Thumb, 4 bytes, Stack size 0 bytes, fsm.o(i.FSM_Regist))
<BR><BR>[Called By]<UL><LI><a href="#[b9]">&gt;&gt;</a>&nbsp;&nbsp;&nbsp;LORA_Config_FSM_Init
</UL>

<P><STRONG><a name="[a8]"></a>FSM_StateTransfer</STRONG> (Thumb, 4 bytes, Stack size 0 bytes, fsm.o(i.FSM_StateTransfer))
<BR><BR>[Called By]<UL><LI><a href="#[b9]">&gt;&gt;</a>&nbsp;&nbsp;&nbsp;LORA_Config_FSM_Init
<LI><a href="#[a6]">&gt;&gt;</a>&nbsp;&nbsp;&nbsp;FSM_EventHandle
</UL>

<P><STRONG><a name="[a7]"></a>FindTrans</STRONG> (Thumb, 56 bytes, Stack size 8 bytes, fsm.o(i.FindTrans))
<BR><BR>[Stack]<UL><LI>Max Depth = 8<LI>Call Chain = FindTrans
</UL>
<BR>[Called By]<UL><LI><a href="#[a6]">&gt;&gt;</a>&nbsp;&nbsp;&nbsp;FSM_EventHandle
</UL>

<P><STRONG><a name="[a0]"></a>Fire_Irq_Callback</STRONG> (Thumb, 22 bytes, Stack size 8 bytes, slave.o(i.Fire_Irq_Callback))
<BR><BR>[Stack]<UL><LI>Max Depth = 24<LI>Call Chain = Fire_Irq_Callback &rArr; gd_eval_led_toggle
</UL>
<BR>[Calls]<UL><LI><a href="#[aa]">&gt;&gt;</a>&nbsp;&nbsp;&nbsp;gd_eval_led_toggle
<LI><a href="#[a9]">&gt;&gt;</a>&nbsp;&nbsp;&nbsp;gpio_input_bit_get
</UL>
<BR>[Called By]<UL><LI><a href="#[3e]">&gt;&gt;</a>&nbsp;&nbsp;&nbsp;EXTI10_15_IRQHandler
</UL>

<P><STRONG><a name="[e]"></a>HardFault_Handler</STRONG> (Thumb, 4 bytes, Stack size 0 bytes, gd32f10x_it.o(i.HardFault_Handler))
<BR>[Address Reference Count : 1]<UL><LI> startup_gd32f10x_md.o(RESET)
</UL>
<P><STRONG><a name="[ab]"></a>IIC_Ack</STRONG> (Thumb, 58 bytes, Stack size 8 bytes, myiic.o(i.IIC_Ack))
<BR><BR>[Stack]<UL><LI>Max Depth = 36<LI>Call Chain = IIC_Ack &rArr; BSP_IIC_SDA_OUT &rArr; gpio_init
</UL>
<BR>[Calls]<UL><LI><a href="#[79]">&gt;&gt;</a>&nbsp;&nbsp;&nbsp;gpio_bit_set
<LI><a href="#[ac]">&gt;&gt;</a>&nbsp;&nbsp;&nbsp;gpio_bit_reset
<LI><a href="#[6b]">&gt;&gt;</a>&nbsp;&nbsp;&nbsp;delay_us
<LI><a href="#[7b]">&gt;&gt;</a>&nbsp;&nbsp;&nbsp;BSP_IIC_SDA_OUT
</UL>
<BR>[Called By]<UL><LI><a href="#[ae]">&gt;&gt;</a>&nbsp;&nbsp;&nbsp;IIC_Read_Byte
</UL>

<P><STRONG><a name="[ad]"></a>IIC_NAck</STRONG> (Thumb, 58 bytes, Stack size 8 bytes, myiic.o(i.IIC_NAck))
<BR><BR>[Stack]<UL><LI>Max Depth = 36<LI>Call Chain = IIC_NAck &rArr; BSP_IIC_SDA_OUT &rArr; gpio_init
</UL>
<BR>[Calls]<UL><LI><a href="#[79]">&gt;&gt;</a>&nbsp;&nbsp;&nbsp;gpio_bit_set
<LI><a href="#[ac]">&gt;&gt;</a>&nbsp;&nbsp;&nbsp;gpio_bit_reset
<LI><a href="#[6b]">&gt;&gt;</a>&nbsp;&nbsp;&nbsp;delay_us
<LI><a href="#[7b]">&gt;&gt;</a>&nbsp;&nbsp;&nbsp;BSP_IIC_SDA_OUT
</UL>
<BR>[Called By]<UL><LI><a href="#[ae]">&gt;&gt;</a>&nbsp;&nbsp;&nbsp;IIC_Read_Byte
</UL>

<P><STRONG><a name="[ae]"></a>IIC_Read_Byte</STRONG> (Thumb, 98 bytes, Stack size 24 bytes, myiic.o(i.IIC_Read_Byte))
<BR><BR>[Stack]<UL><LI>Max Depth = 60<LI>Call Chain = IIC_Read_Byte &rArr; IIC_NAck &rArr; BSP_IIC_SDA_OUT &rArr; gpio_init
</UL>
<BR>[Calls]<UL><LI><a href="#[a9]">&gt;&gt;</a>&nbsp;&nbsp;&nbsp;gpio_input_bit_get
<LI><a href="#[79]">&gt;&gt;</a>&nbsp;&nbsp;&nbsp;gpio_bit_set
<LI><a href="#[ac]">&gt;&gt;</a>&nbsp;&nbsp;&nbsp;gpio_bit_reset
<LI><a href="#[6b]">&gt;&gt;</a>&nbsp;&nbsp;&nbsp;delay_us
<LI><a href="#[7a]">&gt;&gt;</a>&nbsp;&nbsp;&nbsp;BSP_IIC_SDA_IN
<LI><a href="#[ad]">&gt;&gt;</a>&nbsp;&nbsp;&nbsp;IIC_NAck
<LI><a href="#[ab]">&gt;&gt;</a>&nbsp;&nbsp;&nbsp;IIC_Ack
</UL>
<BR>[Called By]<UL><LI><a href="#[135]">&gt;&gt;</a>&nbsp;&nbsp;&nbsp;sensirion_i2c_hal_read
</UL>

<P><STRONG><a name="[af]"></a>IIC_Send_Byte</STRONG> (Thumb, 96 bytes, Stack size 16 bytes, myiic.o(i.IIC_Send_Byte))
<BR><BR>[Stack]<UL><LI>Max Depth = 44<LI>Call Chain = IIC_Send_Byte &rArr; BSP_IIC_SDA_OUT &rArr; gpio_init
</UL>
<BR>[Calls]<UL><LI><a href="#[79]">&gt;&gt;</a>&nbsp;&nbsp;&nbsp;gpio_bit_set
<LI><a href="#[ac]">&gt;&gt;</a>&nbsp;&nbsp;&nbsp;gpio_bit_reset
<LI><a href="#[6b]">&gt;&gt;</a>&nbsp;&nbsp;&nbsp;delay_us
<LI><a href="#[7b]">&gt;&gt;</a>&nbsp;&nbsp;&nbsp;BSP_IIC_SDA_OUT
</UL>
<BR>[Called By]<UL><LI><a href="#[136]">&gt;&gt;</a>&nbsp;&nbsp;&nbsp;sensirion_i2c_hal_write
<LI><a href="#[135]">&gt;&gt;</a>&nbsp;&nbsp;&nbsp;sensirion_i2c_hal_read
</UL>

<P><STRONG><a name="[b0]"></a>IIC_Start</STRONG> (Thumb, 58 bytes, Stack size 8 bytes, myiic.o(i.IIC_Start))
<BR><BR>[Stack]<UL><LI>Max Depth = 36<LI>Call Chain = IIC_Start &rArr; BSP_IIC_SDA_OUT &rArr; gpio_init
</UL>
<BR>[Calls]<UL><LI><a href="#[79]">&gt;&gt;</a>&nbsp;&nbsp;&nbsp;gpio_bit_set
<LI><a href="#[ac]">&gt;&gt;</a>&nbsp;&nbsp;&nbsp;gpio_bit_reset
<LI><a href="#[6b]">&gt;&gt;</a>&nbsp;&nbsp;&nbsp;delay_us
<LI><a href="#[7b]">&gt;&gt;</a>&nbsp;&nbsp;&nbsp;BSP_IIC_SDA_OUT
</UL>
<BR>[Called By]<UL><LI><a href="#[136]">&gt;&gt;</a>&nbsp;&nbsp;&nbsp;sensirion_i2c_hal_write
<LI><a href="#[135]">&gt;&gt;</a>&nbsp;&nbsp;&nbsp;sensirion_i2c_hal_read
</UL>

<P><STRONG><a name="[b1]"></a>IIC_Stop</STRONG> (Thumb, 64 bytes, Stack size 8 bytes, myiic.o(i.IIC_Stop))
<BR><BR>[Stack]<UL><LI>Max Depth = 36<LI>Call Chain = IIC_Stop &rArr; BSP_IIC_SDA_OUT &rArr; gpio_init
</UL>
<BR>[Calls]<UL><LI><a href="#[79]">&gt;&gt;</a>&nbsp;&nbsp;&nbsp;gpio_bit_set
<LI><a href="#[ac]">&gt;&gt;</a>&nbsp;&nbsp;&nbsp;gpio_bit_reset
<LI><a href="#[6b]">&gt;&gt;</a>&nbsp;&nbsp;&nbsp;delay_us
<LI><a href="#[7b]">&gt;&gt;</a>&nbsp;&nbsp;&nbsp;BSP_IIC_SDA_OUT
</UL>
<BR>[Called By]<UL><LI><a href="#[b2]">&gt;&gt;</a>&nbsp;&nbsp;&nbsp;IIC_Wait_Ack
<LI><a href="#[136]">&gt;&gt;</a>&nbsp;&nbsp;&nbsp;sensirion_i2c_hal_write
<LI><a href="#[135]">&gt;&gt;</a>&nbsp;&nbsp;&nbsp;sensirion_i2c_hal_read
</UL>

<P><STRONG><a name="[b2]"></a>IIC_Wait_Ack</STRONG> (Thumb, 86 bytes, Stack size 16 bytes, myiic.o(i.IIC_Wait_Ack))
<BR><BR>[Stack]<UL><LI>Max Depth = 52<LI>Call Chain = IIC_Wait_Ack &rArr; IIC_Stop &rArr; BSP_IIC_SDA_OUT &rArr; gpio_init
</UL>
<BR>[Calls]<UL><LI><a href="#[a9]">&gt;&gt;</a>&nbsp;&nbsp;&nbsp;gpio_input_bit_get
<LI><a href="#[79]">&gt;&gt;</a>&nbsp;&nbsp;&nbsp;gpio_bit_set
<LI><a href="#[ac]">&gt;&gt;</a>&nbsp;&nbsp;&nbsp;gpio_bit_reset
<LI><a href="#[6b]">&gt;&gt;</a>&nbsp;&nbsp;&nbsp;delay_us
<LI><a href="#[7a]">&gt;&gt;</a>&nbsp;&nbsp;&nbsp;BSP_IIC_SDA_IN
<LI><a href="#[b1]">&gt;&gt;</a>&nbsp;&nbsp;&nbsp;IIC_Stop
</UL>
<BR>[Called By]<UL><LI><a href="#[136]">&gt;&gt;</a>&nbsp;&nbsp;&nbsp;sensirion_i2c_hal_write
<LI><a href="#[135]">&gt;&gt;</a>&nbsp;&nbsp;&nbsp;sensirion_i2c_hal_read
</UL>

<P><STRONG><a name="[7]"></a>Idle_Func</STRONG> (Thumb, 2 bytes, Stack size 0 bytes, msg_handler.o(i.Idle_Func))
<BR>[Address Reference Count : 1]<UL><LI> msg_handler.o(.data)
</UL>
<P><STRONG><a name="[b3]"></a>LORACTL_FMS_RUN</STRONG> (Thumb, 16 bytes, Stack size 8 bytes, lora_module.o(i.LORACTL_FMS_RUN))
<BR><BR>[Stack]<UL><LI>Max Depth = 32<LI>Call Chain = LORACTL_FMS_RUN &rArr; FSM_EventHandle &rArr; FindTrans
</UL>
<BR>[Calls]<UL><LI><a href="#[a6]">&gt;&gt;</a>&nbsp;&nbsp;&nbsp;FSM_EventHandle
</UL>
<BR>[Called By]<UL><LI><a href="#[47]">&gt;&gt;</a>&nbsp;&nbsp;&nbsp;LORACTL_task
</UL>

<P><STRONG><a name="[b9]"></a>LORA_Config_FSM_Init</STRONG> (Thumb, 48 bytes, Stack size 8 bytes, lora_module.o(i.LORA_Config_FSM_Init))
<BR><BR>[Stack]<UL><LI>Max Depth = 28<LI>Call Chain = LORA_Config_FSM_Init &rArr; malloc
</UL>
<BR>[Calls]<UL><LI><a href="#[a8]">&gt;&gt;</a>&nbsp;&nbsp;&nbsp;FSM_StateTransfer
<LI><a href="#[ba]">&gt;&gt;</a>&nbsp;&nbsp;&nbsp;FSM_Regist
<LI><a href="#[8f]">&gt;&gt;</a>&nbsp;&nbsp;&nbsp;malloc
</UL>
<BR>[Called By]<UL><LI><a href="#[b4]">&gt;&gt;</a>&nbsp;&nbsp;&nbsp;LORA_Init
</UL>

<P><STRONG><a name="[bb]"></a>LORA_Hardware_Reset</STRONG> (Thumb, 22 bytes, Stack size 8 bytes, lora_module.o(i.LORA_Hardware_Reset))
<BR><BR>[Stack]<UL><LI>Max Depth = 72<LI>Call Chain = LORA_Hardware_Reset &rArr; delay_ms &rArr; vTaskDelay &rArr; xTaskResumeAll &rArr; xTaskIncrementTick
</UL>
<BR>[Calls]<UL><LI><a href="#[84]">&gt;&gt;</a>&nbsp;&nbsp;&nbsp;delay_ms
<LI><a href="#[bc]">&gt;&gt;</a>&nbsp;&nbsp;&nbsp;LORA_Module_Reset_Control
</UL>
<BR>[Called By]<UL><LI><a href="#[b4]">&gt;&gt;</a>&nbsp;&nbsp;&nbsp;LORA_Init
</UL>

<P><STRONG><a name="[b4]"></a>LORA_Init</STRONG> (Thumb, 122 bytes, Stack size 16 bytes, lora_module.o(i.LORA_Init))
<BR><BR>[Stack]<UL><LI>Max Depth = 168<LI>Call Chain = LORA_Init &rArr; usart_init &rArr; usart_baudrate_set &rArr; rcu_clock_freq_get
</UL>
<BR>[Calls]<UL><LI><a href="#[87]">&gt;&gt;</a>&nbsp;&nbsp;&nbsp;usart_init
<LI><a href="#[84]">&gt;&gt;</a>&nbsp;&nbsp;&nbsp;delay_ms
<LI><a href="#[be]">&gt;&gt;</a>&nbsp;&nbsp;&nbsp;LORA_Setup_Parameter_Access
<LI><a href="#[bb]">&gt;&gt;</a>&nbsp;&nbsp;&nbsp;LORA_Hardware_Reset
<LI><a href="#[b9]">&gt;&gt;</a>&nbsp;&nbsp;&nbsp;LORA_Config_FSM_Init
<LI><a href="#[a3]">&gt;&gt;</a>&nbsp;&nbsp;&nbsp;Ext_MSG_Init
<LI><a href="#[bf]">&gt;&gt;</a>&nbsp;&nbsp;&nbsp;Device_ID_Get
<LI><a href="#[bd]">&gt;&gt;</a>&nbsp;&nbsp;&nbsp;LORA_Module_GPIO_Init
<LI><a href="#[8f]">&gt;&gt;</a>&nbsp;&nbsp;&nbsp;malloc
</UL>
<BR>[Called By]<UL><LI><a href="#[47]">&gt;&gt;</a>&nbsp;&nbsp;&nbsp;LORACTL_task
</UL>

<P><STRONG><a name="[bd]"></a>LORA_Module_GPIO_Init</STRONG> (Thumb, 36 bytes, Stack size 8 bytes, gd32f10x_eval.o(i.LORA_Module_GPIO_Init))
<BR><BR>[Stack]<UL><LI>Max Depth = 28<LI>Call Chain = LORA_Module_GPIO_Init &rArr; gpio_init
</UL>
<BR>[Calls]<UL><LI><a href="#[77]">&gt;&gt;</a>&nbsp;&nbsp;&nbsp;gpio_init
<LI><a href="#[61]">&gt;&gt;</a>&nbsp;&nbsp;&nbsp;rcu_periph_clock_enable
</UL>
<BR>[Called By]<UL><LI><a href="#[b4]">&gt;&gt;</a>&nbsp;&nbsp;&nbsp;LORA_Init
</UL>

<P><STRONG><a name="[bc]"></a>LORA_Module_Reset_Control</STRONG> (Thumb, 24 bytes, Stack size 0 bytes, gd32f10x_eval.o(i.LORA_Module_Reset_Control))
<BR><BR>[Called By]<UL><LI><a href="#[bb]">&gt;&gt;</a>&nbsp;&nbsp;&nbsp;LORA_Hardware_Reset
</UL>

<P><STRONG><a name="[b6]"></a>LORA_Para_Func</STRONG> (Thumb, 232 bytes, Stack size 16 bytes, lora_module.o(i.LORA_Para_Func))
<BR><BR>[Stack]<UL><LI>Max Depth = 40<LI>Call Chain = LORA_Para_Func &rArr; __2sprintf
</UL>
<BR>[Calls]<UL><LI><a href="#[c0]">&gt;&gt;</a>&nbsp;&nbsp;&nbsp;__2sprintf
<LI><a href="#[c1]">&gt;&gt;</a>&nbsp;&nbsp;&nbsp;strstr
</UL>
<BR>[Called By]<UL><LI><a href="#[47]">&gt;&gt;</a>&nbsp;&nbsp;&nbsp;LORACTL_task
</UL>

<P><STRONG><a name="[c2]"></a>LORA_RX_Func</STRONG> (Thumb, 486 bytes, Stack size 32 bytes, lora_module.o(i.LORA_RX_Func))
<BR><BR>[Stack]<UL><LI>Max Depth = 136<LI>Call Chain = LORA_RX_Func &rArr; xQueueGenericSend &rArr; vTaskPlaceOnEventList &rArr; prvAddCurrentTaskToDelayedList &rArr; vListInsert
</UL>
<BR>[Calls]<UL><LI><a href="#[97]">&gt;&gt;</a>&nbsp;&nbsp;&nbsp;xQueueGenericSend
<LI><a href="#[b7]">&gt;&gt;</a>&nbsp;&nbsp;&nbsp;vPortFree
<LI><a href="#[c5]">&gt;&gt;</a>&nbsp;&nbsp;&nbsp;pvPortMalloc
<LI><a href="#[c3]">&gt;&gt;</a>&nbsp;&nbsp;&nbsp;CRC_Calc
<LI><a href="#[8a]">&gt;&gt;</a>&nbsp;&nbsp;&nbsp;__aeabi_memcpy
<LI><a href="#[c4]">&gt;&gt;</a>&nbsp;&nbsp;&nbsp;strncmp
</UL>
<BR>[Called By]<UL><LI><a href="#[46]">&gt;&gt;</a>&nbsp;&nbsp;&nbsp;MSGTR_task
</UL>

<P><STRONG><a name="[be]"></a>LORA_Setup_Parameter_Access</STRONG> (Thumb, 36 bytes, Stack size 0 bytes, lora_module.o(i.LORA_Setup_Parameter_Access))
<BR><BR>[Called By]<UL><LI><a href="#[b4]">&gt;&gt;</a>&nbsp;&nbsp;&nbsp;LORA_Init
</UL>

<P><STRONG><a name="[c6]"></a>LORA_TX_Func</STRONG> (Thumb, 132 bytes, Stack size 24 bytes, lora_module.o(i.LORA_TX_Func))
<BR><BR>[Stack]<UL><LI>Max Depth = 128<LI>Call Chain = LORA_TX_Func &rArr; xQueueGenericSend &rArr; vTaskPlaceOnEventList &rArr; prvAddCurrentTaskToDelayedList &rArr; vListInsert
</UL>
<BR>[Calls]<UL><LI><a href="#[97]">&gt;&gt;</a>&nbsp;&nbsp;&nbsp;xQueueGenericSend
<LI><a href="#[96]">&gt;&gt;</a>&nbsp;&nbsp;&nbsp;xQueueSemaphoreTake
<LI><a href="#[c7]">&gt;&gt;</a>&nbsp;&nbsp;&nbsp;Lora_TxMSG_Produce
<LI><a href="#[7e]">&gt;&gt;</a>&nbsp;&nbsp;&nbsp;LORA_send_data
<LI><a href="#[c8]">&gt;&gt;</a>&nbsp;&nbsp;&nbsp;free
</UL>
<BR>[Called By]<UL><LI><a href="#[46]">&gt;&gt;</a>&nbsp;&nbsp;&nbsp;MSGTR_task
</UL>

<P><STRONG><a name="[7e]"></a>LORA_send_data</STRONG> (Thumb, 22 bytes, Stack size 16 bytes, lora_module.o(i.LORA_send_data))
<BR><BR>[Stack]<UL><LI>Max Depth = 48<LI>Call Chain = LORA_send_data &rArr; USART_Data_DMA_Send &rArr; dma_transfer_number_config
</UL>
<BR>[Calls]<UL><LI><a href="#[c9]">&gt;&gt;</a>&nbsp;&nbsp;&nbsp;USART_Data_DMA_Send
</UL>
<BR>[Called By]<UL><LI><a href="#[c6]">&gt;&gt;</a>&nbsp;&nbsp;&nbsp;LORA_TX_Func
<LI><a href="#[1]">&gt;&gt;</a>&nbsp;&nbsp;&nbsp;CMD_Transimit_Func
</UL>

<P><STRONG><a name="[b]"></a>Log_Func</STRONG> (Thumb, 8 bytes, Stack size 0 bytes, msg_handler.o(i.Log_Func))
<BR>[Address Reference Count : 1]<UL><LI> msg_handler.o(.data)
</UL>
<P><STRONG><a name="[c7]"></a>Lora_TxMSG_Produce</STRONG> (Thumb, 146 bytes, Stack size 40 bytes, lora_module.o(i.Lora_TxMSG_Produce))
<BR><BR>[Stack]<UL><LI>Max Depth = 60<LI>Call Chain = Lora_TxMSG_Produce &rArr; malloc
</UL>
<BR>[Calls]<UL><LI><a href="#[c3]">&gt;&gt;</a>&nbsp;&nbsp;&nbsp;CRC_Calc
<LI><a href="#[8a]">&gt;&gt;</a>&nbsp;&nbsp;&nbsp;__aeabi_memcpy
<LI><a href="#[8f]">&gt;&gt;</a>&nbsp;&nbsp;&nbsp;malloc
</UL>
<BR>[Called By]<UL><LI><a href="#[c6]">&gt;&gt;</a>&nbsp;&nbsp;&nbsp;LORA_TX_Func
</UL>

<P><STRONG><a name="[6]"></a>MSG_Init_Func</STRONG> (Thumb, 14 bytes, Stack size 8 bytes, msg_handler.o(i.MSG_Init_Func))
<BR><BR>[Stack]<UL><LI>Max Depth = 36<LI>Call Chain = MSG_Init_Func &rArr; MsgLink_Init &rArr; malloc
</UL>
<BR>[Calls]<UL><LI><a href="#[ca]">&gt;&gt;</a>&nbsp;&nbsp;&nbsp;MsgLink_Init
</UL>
<BR>[Address Reference Count : 1]<UL><LI> msg_handler.o(.data)
</UL>
<P><STRONG><a name="[f]"></a>MemManage_Handler</STRONG> (Thumb, 4 bytes, Stack size 0 bytes, gd32f10x_it.o(i.MemManage_Handler))
<BR>[Address Reference Count : 1]<UL><LI> startup_gd32f10x_md.o(RESET)
</UL>
<P><STRONG><a name="[5]"></a>Mode_Change_Func</STRONG> (Thumb, 8 bytes, Stack size 0 bytes, lora_module.o(i.Mode_Change_Func))
<BR>[Address Reference Count : 1]<UL><LI> lora_module.o(.data)
</UL>
<P><STRONG><a name="[ca]"></a>MsgLink_Init</STRONG> (Thumb, 20 bytes, Stack size 8 bytes, msg_handler.o(i.MsgLink_Init))
<BR><BR>[Stack]<UL><LI>Max Depth = 28<LI>Call Chain = MsgLink_Init &rArr; malloc
</UL>
<BR>[Calls]<UL><LI><a href="#[8f]">&gt;&gt;</a>&nbsp;&nbsp;&nbsp;malloc
</UL>
<BR>[Called By]<UL><LI><a href="#[6]">&gt;&gt;</a>&nbsp;&nbsp;&nbsp;MSG_Init_Func
</UL>

<P><STRONG><a name="[d]"></a>NMI_Handler</STRONG> (Thumb, 2 bytes, Stack size 0 bytes, gd32f10x_it.o(i.NMI_Handler))
<BR>[Address Reference Count : 1]<UL><LI> startup_gd32f10x_md.o(RESET)
</UL>
<P><STRONG><a name="[9a]"></a>Position_Parameter_Access</STRONG> (Thumb, 28 bytes, Stack size 0 bytes, direct.o(i.Position_Parameter_Access))
<BR><BR>[Called By]<UL><LI><a href="#[9c]">&gt;&gt;</a>&nbsp;&nbsp;&nbsp;Direct_Init
<LI><a href="#[94]">&gt;&gt;</a>&nbsp;&nbsp;&nbsp;Dir_Func
</UL>

<P><STRONG><a name="[99]"></a>Position_Parameter_Set</STRONG> (Thumb, 48 bytes, Stack size 16 bytes, direct.o(i.Position_Parameter_Set))
<BR><BR>[Stack]<UL><LI>Max Depth = 56<LI>Call Chain = Position_Parameter_Set &rArr; fmc_word_write &rArr; fmc_word_program &rArr; fmc_bank1_ready_wait
</UL>
<BR>[Calls]<UL><LI><a href="#[cb]">&gt;&gt;</a>&nbsp;&nbsp;&nbsp;fmc_word_write
</UL>
<BR>[Called By]<UL><LI><a href="#[94]">&gt;&gt;</a>&nbsp;&nbsp;&nbsp;Dir_Func
</UL>

<P><STRONG><a name="[cc]"></a>PowerMonitor_Init</STRONG> (Thumb, 12 bytes, Stack size 8 bytes, battery.o(i.PowerMonitor_Init))
<BR><BR>[Stack]<UL><LI>Max Depth = 44<LI>Call Chain = PowerMonitor_Init &rArr; ADC_Init &rArr; Battery_Voltage_Monitor_GPIO_Init &rArr; gpio_init
</UL>
<BR>[Calls]<UL><LI><a href="#[7f]">&gt;&gt;</a>&nbsp;&nbsp;&nbsp;Charge_Control_GPIO_Init
<LI><a href="#[5f]">&gt;&gt;</a>&nbsp;&nbsp;&nbsp;ADC_Init
</UL>
<BR>[Called By]<UL><LI><a href="#[4a]">&gt;&gt;</a>&nbsp;&nbsp;&nbsp;PowerMonitor_task
</UL>

<P><STRONG><a name="[cd]"></a>PowerMonitor_Process</STRONG> (Thumb, 56 bytes, Stack size 8 bytes, battery.o(i.PowerMonitor_Process))
<BR><BR>[Stack]<UL><LI>Max Depth = 160<LI>Call Chain = PowerMonitor_Process &rArr; Voltage_Get &rArr; __aeabi_dmul &rArr; _double_epilogue &rArr; _double_round
</UL>
<BR>[Calls]<UL><LI><a href="#[cf]">&gt;&gt;</a>&nbsp;&nbsp;&nbsp;Charge_Control
<LI><a href="#[ce]">&gt;&gt;</a>&nbsp;&nbsp;&nbsp;Voltage_Get
</UL>
<BR>[Called By]<UL><LI><a href="#[4a]">&gt;&gt;</a>&nbsp;&nbsp;&nbsp;PowerMonitor_task
</UL>

<P><STRONG><a name="[4]"></a>RetryTime_Clr_Func</STRONG> (Thumb, 8 bytes, Stack size 0 bytes, lora_module.o(i.RetryTime_Clr_Func))
<BR>[Address Reference Count : 1]<UL><LI> lora_module.o(.data)
</UL>
<P><STRONG><a name="[3]"></a>RetryTimes_Inc_Func</STRONG> (Thumb, 18 bytes, Stack size 0 bytes, lora_module.o(i.RetryTimes_Inc_Func))
<BR>[Address Reference Count : 1]<UL><LI> lora_module.o(.data)
</UL>
<P><STRONG><a name="[a]"></a>Retry_Func</STRONG> (Thumb, 86 bytes, Stack size 16 bytes, msg_handler.o(i.Retry_Func))
<BR><BR>[Stack]<UL><LI>Max Depth = 36<LI>Call Chain = Retry_Func &rArr; malloc
</UL>
<BR>[Calls]<UL><LI><a href="#[93]">&gt;&gt;</a>&nbsp;&nbsp;&nbsp;__aeabi_memcpy4
<LI><a href="#[8f]">&gt;&gt;</a>&nbsp;&nbsp;&nbsp;malloc
</UL>
<BR>[Address Reference Count : 1]<UL><LI> msg_handler.o(.data)
</UL>
<P><STRONG><a name="[d0]"></a>SCDxx_Process</STRONG> (Thumb, 322 bytes, Stack size 24 bytes, scd4x_i2c.o(i.SCDxx_Process))
<BR><BR>[Stack]<UL><LI>Max Depth = 220<LI>Call Chain = SCDxx_Process &rArr; scd4x_read_measurement &rArr; scd4x_read_measurement_ticks &rArr; sensirion_i2c_read_data_inplace &rArr; sensirion_i2c_hal_read &rArr; IIC_Read_Byte &rArr; IIC_NAck &rArr; BSP_IIC_SDA_OUT &rArr; gpio_init
</UL>
<BR>[Calls]<UL><LI><a href="#[d1]">&gt;&gt;</a>&nbsp;&nbsp;&nbsp;scd4x_read_measurement
</UL>
<BR>[Called By]<UL><LI><a href="#[d3]">&gt;&gt;</a>&nbsp;&nbsp;&nbsp;Sensor_Process
</UL>

<P><STRONG><a name="[d2]"></a>Sensor_Init</STRONG> (Thumb, 24 bytes, Stack size 8 bytes, slave.o(i.Sensor_Init))
<BR><BR>[Stack]<UL><LI>Max Depth = 176<LI>Call Chain = Sensor_Init &rArr; DSL_Sensor_Init &rArr; DSL_IO_Init &rArr; usart_init &rArr; usart_baudrate_set &rArr; rcu_clock_freq_get
</UL>
<BR>[Calls]<UL><LI><a href="#[d4]">&gt;&gt;</a>&nbsp;&nbsp;&nbsp;scd4x_init
<LI><a href="#[90]">&gt;&gt;</a>&nbsp;&nbsp;&nbsp;DSL_Sensor_Init
<LI><a href="#[d6]">&gt;&gt;</a>&nbsp;&nbsp;&nbsp;Water_Monitor_Init
<LI><a href="#[a4]">&gt;&gt;</a>&nbsp;&nbsp;&nbsp;FIRE_Monitor_Init
<LI><a href="#[d5]">&gt;&gt;</a>&nbsp;&nbsp;&nbsp;pump_io_init
</UL>
<BR>[Called By]<UL><LI><a href="#[49]">&gt;&gt;</a>&nbsp;&nbsp;&nbsp;SensorMonitor_task
</UL>

<P><STRONG><a name="[d3]"></a>Sensor_Process</STRONG> (Thumb, 64 bytes, Stack size 24 bytes, slave.o(i.Sensor_Process))
<BR><BR>[Stack]<UL><LI>Max Depth = 244<LI>Call Chain = Sensor_Process &rArr; SCDxx_Process &rArr; scd4x_read_measurement &rArr; scd4x_read_measurement_ticks &rArr; sensirion_i2c_read_data_inplace &rArr; sensirion_i2c_hal_read &rArr; IIC_Read_Byte &rArr; IIC_NAck &rArr; BSP_IIC_SDA_OUT &rArr; gpio_init
</UL>
<BR>[Calls]<UL><LI><a href="#[97]">&gt;&gt;</a>&nbsp;&nbsp;&nbsp;xQueueGenericSend
<LI><a href="#[96]">&gt;&gt;</a>&nbsp;&nbsp;&nbsp;xQueueSemaphoreTake
<LI><a href="#[d0]">&gt;&gt;</a>&nbsp;&nbsp;&nbsp;SCDxx_Process
<LI><a href="#[72]">&gt;&gt;</a>&nbsp;&nbsp;&nbsp;AQI_Process
<LI><a href="#[84]">&gt;&gt;</a>&nbsp;&nbsp;&nbsp;delay_ms
<LI><a href="#[8a]">&gt;&gt;</a>&nbsp;&nbsp;&nbsp;__aeabi_memcpy
</UL>
<BR>[Called By]<UL><LI><a href="#[49]">&gt;&gt;</a>&nbsp;&nbsp;&nbsp;SensorMonitor_task
</UL>

<P><STRONG><a name="[15]"></a>SysTick_Handler</STRONG> (Thumb, 8 bytes, Stack size 8 bytes, gd32f10x_it.o(i.SysTick_Handler))
<BR><BR>[Stack]<UL><LI>Max Depth = 40<LI>Call Chain = SysTick_Handler &rArr; xPortSysTickHandler &rArr; xTaskIncrementTick
</UL>
<BR>[Calls]<UL><LI><a href="#[d7]">&gt;&gt;</a>&nbsp;&nbsp;&nbsp;xPortSysTickHandler
</UL>
<BR>[Address Reference Count : 1]<UL><LI> startup_gd32f10x_md.o(RESET)
</UL>
<P><STRONG><a name="[43]"></a>SystemInit</STRONG> (Thumb, 196 bytes, Stack size 8 bytes, system_gd32f10x.o(i.SystemInit))
<BR><BR>[Stack]<UL><LI>Max Depth = 16<LI>Call Chain = SystemInit &rArr; system_clock_config
</UL>
<BR>[Calls]<UL><LI><a href="#[d9]">&gt;&gt;</a>&nbsp;&nbsp;&nbsp;nvic_vector_table_set
<LI><a href="#[d8]">&gt;&gt;</a>&nbsp;&nbsp;&nbsp;system_clock_config
</UL>
<BR>[Address Reference Count : 1]<UL><LI> startup_gd32f10x_md.o(.text)
</UL>
<P><STRONG><a name="[9]"></a>Timeout_Clr_Func</STRONG> (Thumb, 8 bytes, Stack size 0 bytes, msg_handler.o(i.Timeout_Clr_Func))
<BR>[Address Reference Count : 1]<UL><LI> msg_handler.o(.data)
</UL>
<P><STRONG><a name="[3b]"></a>USART0_IRQHandler</STRONG> (Thumb, 258 bytes, Stack size 16 bytes, uart.o(i.USART0_IRQHandler))
<BR><BR>[Stack]<UL><LI>Max Depth = 96<LI>Call Chain = USART0_IRQHandler &rArr; xQueueGenericSendFromISR &rArr; prvCopyDataToQueue &rArr; xTaskPriorityDisinherit
</UL>
<BR>[Calls]<UL><LI><a href="#[b7]">&gt;&gt;</a>&nbsp;&nbsp;&nbsp;vPortFree
<LI><a href="#[de]">&gt;&gt;</a>&nbsp;&nbsp;&nbsp;dma_transfer_number_get
<LI><a href="#[e2]">&gt;&gt;</a>&nbsp;&nbsp;&nbsp;dma_transfer_number_config
<LI><a href="#[e1]">&gt;&gt;</a>&nbsp;&nbsp;&nbsp;dma_memory_address_config
<LI><a href="#[e3]">&gt;&gt;</a>&nbsp;&nbsp;&nbsp;dma_channel_enable
<LI><a href="#[dd]">&gt;&gt;</a>&nbsp;&nbsp;&nbsp;dma_channel_disable
<LI><a href="#[c5]">&gt;&gt;</a>&nbsp;&nbsp;&nbsp;pvPortMalloc
<LI><a href="#[da]">&gt;&gt;</a>&nbsp;&nbsp;&nbsp;usart_interrupt_flag_get
<LI><a href="#[db]">&gt;&gt;</a>&nbsp;&nbsp;&nbsp;usart_interrupt_flag_clear
<LI><a href="#[dc]">&gt;&gt;</a>&nbsp;&nbsp;&nbsp;usart_data_receive
<LI><a href="#[e0]">&gt;&gt;</a>&nbsp;&nbsp;&nbsp;xPortGetFreeHeapSize
<LI><a href="#[df]">&gt;&gt;</a>&nbsp;&nbsp;&nbsp;xQueueGenericSendFromISR
<LI><a href="#[8a]">&gt;&gt;</a>&nbsp;&nbsp;&nbsp;__aeabi_memcpy
</UL>
<BR>[Address Reference Count : 1]<UL><LI> startup_gd32f10x_md.o(RESET)
</UL>
<P><STRONG><a name="[3c]"></a>USART1_IRQHandler</STRONG> (Thumb, 186 bytes, Stack size 24 bytes, uart.o(i.USART1_IRQHandler))
<BR><BR>[Stack]<UL><LI>Max Depth = 44<LI>Call Chain = USART1_IRQHandler &rArr; malloc
</UL>
<BR>[Calls]<UL><LI><a href="#[de]">&gt;&gt;</a>&nbsp;&nbsp;&nbsp;dma_transfer_number_get
<LI><a href="#[e2]">&gt;&gt;</a>&nbsp;&nbsp;&nbsp;dma_transfer_number_config
<LI><a href="#[e1]">&gt;&gt;</a>&nbsp;&nbsp;&nbsp;dma_memory_address_config
<LI><a href="#[e3]">&gt;&gt;</a>&nbsp;&nbsp;&nbsp;dma_channel_enable
<LI><a href="#[dd]">&gt;&gt;</a>&nbsp;&nbsp;&nbsp;dma_channel_disable
<LI><a href="#[da]">&gt;&gt;</a>&nbsp;&nbsp;&nbsp;usart_interrupt_flag_get
<LI><a href="#[db]">&gt;&gt;</a>&nbsp;&nbsp;&nbsp;usart_interrupt_flag_clear
<LI><a href="#[dc]">&gt;&gt;</a>&nbsp;&nbsp;&nbsp;usart_data_receive
<LI><a href="#[8a]">&gt;&gt;</a>&nbsp;&nbsp;&nbsp;__aeabi_memcpy
<LI><a href="#[8f]">&gt;&gt;</a>&nbsp;&nbsp;&nbsp;malloc
</UL>
<BR>[Address Reference Count : 1]<UL><LI> startup_gd32f10x_md.o(RESET)
</UL>
<P><STRONG><a name="[3d]"></a>USART2_IRQHandler</STRONG> (Thumb, 188 bytes, Stack size 24 bytes, uart.o(i.USART2_IRQHandler))
<BR><BR>[Stack]<UL><LI>Max Depth = 44<LI>Call Chain = USART2_IRQHandler &rArr; malloc
</UL>
<BR>[Calls]<UL><LI><a href="#[de]">&gt;&gt;</a>&nbsp;&nbsp;&nbsp;dma_transfer_number_get
<LI><a href="#[e2]">&gt;&gt;</a>&nbsp;&nbsp;&nbsp;dma_transfer_number_config
<LI><a href="#[e1]">&gt;&gt;</a>&nbsp;&nbsp;&nbsp;dma_memory_address_config
<LI><a href="#[e3]">&gt;&gt;</a>&nbsp;&nbsp;&nbsp;dma_channel_enable
<LI><a href="#[dd]">&gt;&gt;</a>&nbsp;&nbsp;&nbsp;dma_channel_disable
<LI><a href="#[da]">&gt;&gt;</a>&nbsp;&nbsp;&nbsp;usart_interrupt_flag_get
<LI><a href="#[db]">&gt;&gt;</a>&nbsp;&nbsp;&nbsp;usart_interrupt_flag_clear
<LI><a href="#[dc]">&gt;&gt;</a>&nbsp;&nbsp;&nbsp;usart_data_receive
<LI><a href="#[8a]">&gt;&gt;</a>&nbsp;&nbsp;&nbsp;__aeabi_memcpy
<LI><a href="#[8f]">&gt;&gt;</a>&nbsp;&nbsp;&nbsp;malloc
</UL>
<BR>[Address Reference Count : 1]<UL><LI> startup_gd32f10x_md.o(RESET)
</UL>
<P><STRONG><a name="[c9]"></a>USART_Data_DMA_Send</STRONG> (Thumb, 166 bytes, Stack size 16 bytes, uart.o(i.USART_Data_DMA_Send))
<BR><BR>[Stack]<UL><LI>Max Depth = 32<LI>Call Chain = USART_Data_DMA_Send &rArr; dma_transfer_number_config
</UL>
<BR>[Calls]<UL><LI><a href="#[e2]">&gt;&gt;</a>&nbsp;&nbsp;&nbsp;dma_transfer_number_config
<LI><a href="#[e1]">&gt;&gt;</a>&nbsp;&nbsp;&nbsp;dma_memory_address_config
<LI><a href="#[e4]">&gt;&gt;</a>&nbsp;&nbsp;&nbsp;dma_flag_get
<LI><a href="#[e5]">&gt;&gt;</a>&nbsp;&nbsp;&nbsp;dma_flag_clear
<LI><a href="#[e3]">&gt;&gt;</a>&nbsp;&nbsp;&nbsp;dma_channel_enable
<LI><a href="#[dd]">&gt;&gt;</a>&nbsp;&nbsp;&nbsp;dma_channel_disable
</UL>
<BR>[Called By]<UL><LI><a href="#[7e]">&gt;&gt;</a>&nbsp;&nbsp;&nbsp;LORA_send_data
</UL>

<P><STRONG><a name="[8d]"></a>USART_Data_Send</STRONG> (Thumb, 52 bytes, Stack size 24 bytes, uart.o(i.USART_Data_Send))
<BR><BR>[Stack]<UL><LI>Max Depth = 32<LI>Call Chain = USART_Data_Send &rArr; usart_flag_get
</UL>
<BR>[Calls]<UL><LI><a href="#[e7]">&gt;&gt;</a>&nbsp;&nbsp;&nbsp;usart_flag_get
<LI><a href="#[e6]">&gt;&gt;</a>&nbsp;&nbsp;&nbsp;usart_data_transmit
</UL>
<BR>[Called By]<UL><LI><a href="#[83]">&gt;&gt;</a>&nbsp;&nbsp;&nbsp;DSL_Send_CMD
</UL>

<P><STRONG><a name="[11]"></a>UsageFault_Handler</STRONG> (Thumb, 4 bytes, Stack size 0 bytes, gd32f10x_it.o(i.UsageFault_Handler))
<BR>[Address Reference Count : 1]<UL><LI> startup_gd32f10x_md.o(RESET)
</UL>
<P><STRONG><a name="[a2]"></a>Water_Irq_Callback</STRONG> (Thumb, 22 bytes, Stack size 8 bytes, slave.o(i.Water_Irq_Callback))
<BR><BR>[Stack]<UL><LI>Max Depth = 24<LI>Call Chain = Water_Irq_Callback &rArr; gd_eval_led_toggle
</UL>
<BR>[Calls]<UL><LI><a href="#[aa]">&gt;&gt;</a>&nbsp;&nbsp;&nbsp;gd_eval_led_toggle
<LI><a href="#[a9]">&gt;&gt;</a>&nbsp;&nbsp;&nbsp;gpio_input_bit_get
</UL>
<BR>[Called By]<UL><LI><a href="#[2d]">&gt;&gt;</a>&nbsp;&nbsp;&nbsp;EXTI5_9_IRQHandler
</UL>

<P><STRONG><a name="[d6]"></a>Water_Monitor_Init</STRONG> (Thumb, 12 bytes, Stack size 8 bytes, slave.o(i.Water_Monitor_Init))
<BR><BR>[Stack]<UL><LI>Max Depth = 48<LI>Call Chain = Water_Monitor_Init &rArr; gd_eval_EXIT_init &rArr; nvic_irq_enable
</UL>
<BR>[Calls]<UL><LI><a href="#[a5]">&gt;&gt;</a>&nbsp;&nbsp;&nbsp;gd_eval_EXIT_init
</UL>
<BR>[Called By]<UL><LI><a href="#[d2]">&gt;&gt;</a>&nbsp;&nbsp;&nbsp;Sensor_Init
</UL>

<P><STRONG><a name="[ea]"></a>__0sprintf$6</STRONG> (Thumb, 34 bytes, Stack size 24 bytes, printf6.o(i.__0sprintf$6), UNUSED)
<BR><BR>[Calls]<UL><LI><a href="#[45]">&gt;&gt;</a>&nbsp;&nbsp;&nbsp;_sputc
<LI><a href="#[eb]">&gt;&gt;</a>&nbsp;&nbsp;&nbsp;_printf_core
</UL>

<P><STRONG><a name="[166]"></a>__1sprintf$6</STRONG> (Thumb, 0 bytes, Stack size 24 bytes, printf6.o(i.__0sprintf$6), UNUSED)

<P><STRONG><a name="[c0]"></a>__2sprintf</STRONG> (Thumb, 0 bytes, Stack size 24 bytes, printf6.o(i.__0sprintf$6))
<BR><BR>[Stack]<UL><LI>Max Depth = 24<LI>Call Chain = __2sprintf
</UL>
<BR>[Called By]<UL><LI><a href="#[b6]">&gt;&gt;</a>&nbsp;&nbsp;&nbsp;LORA_Para_Func
</UL>

<P><STRONG><a name="[167]"></a>__scatterload_copy</STRONG> (Thumb, 14 bytes, Stack size unknown bytes, handlers.o(i.__scatterload_copy), UNUSED)

<P><STRONG><a name="[168]"></a>__scatterload_null</STRONG> (Thumb, 2 bytes, Stack size unknown bytes, handlers.o(i.__scatterload_null), UNUSED)

<P><STRONG><a name="[169]"></a>__scatterload_zeroinit</STRONG> (Thumb, 14 bytes, Stack size unknown bytes, handlers.o(i.__scatterload_zeroinit), UNUSED)

<P><STRONG><a name="[6c]"></a>adc_calibration_enable</STRONG> (Thumb, 42 bytes, Stack size 0 bytes, gd32f10x_adc.o(i.adc_calibration_enable))
<BR><BR>[Called By]<UL><LI><a href="#[5f]">&gt;&gt;</a>&nbsp;&nbsp;&nbsp;ADC_Init
</UL>

<P><STRONG><a name="[66]"></a>adc_channel_length_config</STRONG> (Thumb, 70 bytes, Stack size 12 bytes, gd32f10x_adc.o(i.adc_channel_length_config))
<BR><BR>[Stack]<UL><LI>Max Depth = 12<LI>Call Chain = adc_channel_length_config
</UL>
<BR>[Called By]<UL><LI><a href="#[5f]">&gt;&gt;</a>&nbsp;&nbsp;&nbsp;ADC_Init
</UL>

<P><STRONG><a name="[65]"></a>adc_data_alignment_config</STRONG> (Thumb, 22 bytes, Stack size 0 bytes, gd32f10x_adc.o(i.adc_data_alignment_config))
<BR><BR>[Called By]<UL><LI><a href="#[5f]">&gt;&gt;</a>&nbsp;&nbsp;&nbsp;ADC_Init
</UL>

<P><STRONG><a name="[6a]"></a>adc_enable</STRONG> (Thumb, 18 bytes, Stack size 0 bytes, gd32f10x_adc.o(i.adc_enable))
<BR><BR>[Called By]<UL><LI><a href="#[5f]">&gt;&gt;</a>&nbsp;&nbsp;&nbsp;ADC_Init
</UL>

<P><STRONG><a name="[69]"></a>adc_external_trigger_config</STRONG> (Thumb, 62 bytes, Stack size 0 bytes, gd32f10x_adc.o(i.adc_external_trigger_config))
<BR><BR>[Called By]<UL><LI><a href="#[5f]">&gt;&gt;</a>&nbsp;&nbsp;&nbsp;ADC_Init
</UL>

<P><STRONG><a name="[67]"></a>adc_external_trigger_source_config</STRONG> (Thumb, 48 bytes, Stack size 0 bytes, gd32f10x_adc.o(i.adc_external_trigger_source_config))
<BR><BR>[Called By]<UL><LI><a href="#[5f]">&gt;&gt;</a>&nbsp;&nbsp;&nbsp;ADC_Init
</UL>

<P><STRONG><a name="[70]"></a>adc_flag_clear</STRONG> (Thumb, 8 bytes, Stack size 0 bytes, gd32f10x_adc.o(i.adc_flag_clear))
<BR><BR>[Called By]<UL><LI><a href="#[6d]">&gt;&gt;</a>&nbsp;&nbsp;&nbsp;ADC_Value_Get
</UL>

<P><STRONG><a name="[6f]"></a>adc_flag_get</STRONG> (Thumb, 14 bytes, Stack size 0 bytes, gd32f10x_adc.o(i.adc_flag_get))
<BR><BR>[Called By]<UL><LI><a href="#[6d]">&gt;&gt;</a>&nbsp;&nbsp;&nbsp;ADC_Value_Get
</UL>

<P><STRONG><a name="[63]"></a>adc_mode_config</STRONG> (Thumb, 22 bytes, Stack size 0 bytes, gd32f10x_adc.o(i.adc_mode_config))
<BR><BR>[Called By]<UL><LI><a href="#[5f]">&gt;&gt;</a>&nbsp;&nbsp;&nbsp;ADC_Init
</UL>

<P><STRONG><a name="[6e]"></a>adc_regular_channel_config</STRONG> (Thumb, 172 bytes, Stack size 20 bytes, gd32f10x_adc.o(i.adc_regular_channel_config))
<BR><BR>[Stack]<UL><LI>Max Depth = 20<LI>Call Chain = adc_regular_channel_config
</UL>
<BR>[Called By]<UL><LI><a href="#[6d]">&gt;&gt;</a>&nbsp;&nbsp;&nbsp;ADC_Value_Get
</UL>

<P><STRONG><a name="[71]"></a>adc_regular_data_read</STRONG> (Thumb, 8 bytes, Stack size 0 bytes, gd32f10x_adc.o(i.adc_regular_data_read))
<BR><BR>[Called By]<UL><LI><a href="#[6d]">&gt;&gt;</a>&nbsp;&nbsp;&nbsp;ADC_Value_Get
</UL>

<P><STRONG><a name="[68]"></a>adc_software_trigger_enable</STRONG> (Thumb, 30 bytes, Stack size 0 bytes, gd32f10x_adc.o(i.adc_software_trigger_enable))
<BR><BR>[Called By]<UL><LI><a href="#[6d]">&gt;&gt;</a>&nbsp;&nbsp;&nbsp;ADC_Value_Get
<LI><a href="#[5f]">&gt;&gt;</a>&nbsp;&nbsp;&nbsp;ADC_Init
</UL>

<P><STRONG><a name="[64]"></a>adc_special_function_config</STRONG> (Thumb, 90 bytes, Stack size 0 bytes, gd32f10x_adc.o(i.adc_special_function_config))
<BR><BR>[Called By]<UL><LI><a href="#[5f]">&gt;&gt;</a>&nbsp;&nbsp;&nbsp;ADC_Init
</UL>

<P><STRONG><a name="[84]"></a>delay_ms</STRONG> (Thumb, 12 bytes, Stack size 8 bytes, timer.o(i.delay_ms))
<BR><BR>[Stack]<UL><LI>Max Depth = 64<LI>Call Chain = delay_ms &rArr; vTaskDelay &rArr; xTaskResumeAll &rArr; xTaskIncrementTick
</UL>
<BR>[Calls]<UL><LI><a href="#[b8]">&gt;&gt;</a>&nbsp;&nbsp;&nbsp;vTaskDelay
</UL>
<BR>[Called By]<UL><LI><a href="#[d3]">&gt;&gt;</a>&nbsp;&nbsp;&nbsp;Sensor_Process
<LI><a href="#[b4]">&gt;&gt;</a>&nbsp;&nbsp;&nbsp;LORA_Init
<LI><a href="#[bb]">&gt;&gt;</a>&nbsp;&nbsp;&nbsp;LORA_Hardware_Reset
<LI><a href="#[73]">&gt;&gt;</a>&nbsp;&nbsp;&nbsp;DSL_Data_Read
</UL>

<P><STRONG><a name="[6b]"></a>delay_us</STRONG> (Thumb, 12 bytes, Stack size 0 bytes, timer.o(i.delay_us))
<BR><BR>[Called By]<UL><LI><a href="#[ad]">&gt;&gt;</a>&nbsp;&nbsp;&nbsp;IIC_NAck
<LI><a href="#[ab]">&gt;&gt;</a>&nbsp;&nbsp;&nbsp;IIC_Ack
<LI><a href="#[b2]">&gt;&gt;</a>&nbsp;&nbsp;&nbsp;IIC_Wait_Ack
<LI><a href="#[b1]">&gt;&gt;</a>&nbsp;&nbsp;&nbsp;IIC_Stop
<LI><a href="#[b0]">&gt;&gt;</a>&nbsp;&nbsp;&nbsp;IIC_Start
<LI><a href="#[af]">&gt;&gt;</a>&nbsp;&nbsp;&nbsp;IIC_Send_Byte
<LI><a href="#[ae]">&gt;&gt;</a>&nbsp;&nbsp;&nbsp;IIC_Read_Byte
<LI><a href="#[130]">&gt;&gt;</a>&nbsp;&nbsp;&nbsp;sensirion_i2c_hal_sleep_usec
<LI><a href="#[5f]">&gt;&gt;</a>&nbsp;&nbsp;&nbsp;ADC_Init
</UL>

<P><STRONG><a name="[dd]"></a>dma_channel_disable</STRONG> (Thumb, 50 bytes, Stack size 16 bytes, gd32f10x_dma.o(i.dma_channel_disable))
<BR><BR>[Stack]<UL><LI>Max Depth = 16<LI>Call Chain = dma_channel_disable
</UL>
<BR>[Calls]<UL><LI><a href="#[ef]">&gt;&gt;</a>&nbsp;&nbsp;&nbsp;dma_periph_and_channel_check
</UL>
<BR>[Called By]<UL><LI><a href="#[87]">&gt;&gt;</a>&nbsp;&nbsp;&nbsp;usart_init
<LI><a href="#[c9]">&gt;&gt;</a>&nbsp;&nbsp;&nbsp;USART_Data_DMA_Send
<LI><a href="#[3d]">&gt;&gt;</a>&nbsp;&nbsp;&nbsp;USART2_IRQHandler
<LI><a href="#[3c]">&gt;&gt;</a>&nbsp;&nbsp;&nbsp;USART1_IRQHandler
<LI><a href="#[3b]">&gt;&gt;</a>&nbsp;&nbsp;&nbsp;USART0_IRQHandler
</UL>

<P><STRONG><a name="[e3]"></a>dma_channel_enable</STRONG> (Thumb, 50 bytes, Stack size 16 bytes, gd32f10x_dma.o(i.dma_channel_enable))
<BR><BR>[Stack]<UL><LI>Max Depth = 16<LI>Call Chain = dma_channel_enable
</UL>
<BR>[Calls]<UL><LI><a href="#[ef]">&gt;&gt;</a>&nbsp;&nbsp;&nbsp;dma_periph_and_channel_check
</UL>
<BR>[Called By]<UL><LI><a href="#[87]">&gt;&gt;</a>&nbsp;&nbsp;&nbsp;usart_init
<LI><a href="#[c9]">&gt;&gt;</a>&nbsp;&nbsp;&nbsp;USART_Data_DMA_Send
<LI><a href="#[3d]">&gt;&gt;</a>&nbsp;&nbsp;&nbsp;USART2_IRQHandler
<LI><a href="#[3c]">&gt;&gt;</a>&nbsp;&nbsp;&nbsp;USART1_IRQHandler
<LI><a href="#[3b]">&gt;&gt;</a>&nbsp;&nbsp;&nbsp;USART0_IRQHandler
</UL>

<P><STRONG><a name="[f0]"></a>dma_circulation_disable</STRONG> (Thumb, 50 bytes, Stack size 16 bytes, gd32f10x_dma.o(i.dma_circulation_disable))
<BR><BR>[Stack]<UL><LI>Max Depth = 16<LI>Call Chain = dma_circulation_disable
</UL>
[...]
</UL>

<P><STRONG><a name="[124]"></a>xTaskRemoveFromEventList</STRONG> (Thumb, 104 bytes, Stack size 16 bytes, tasks.o(i.xTaskRemoveFromEventList))
<BR><BR>[Stack]<UL><LI>Max Depth = 16<LI>Call Chain = xTaskRemoveFromEventList
</UL>
<BR>[Calls]<UL><LI><a href="#[10f]">&gt;&gt;</a>&nbsp;&nbsp;&nbsp;vListInsertEnd
<LI><a href="#[10e]">&gt;&gt;</a>&nbsp;&nbsp;&nbsp;uxListRemove
</UL>
<BR>[Called By]<UL><LI><a href="#[9e]">&gt;&gt;</a>&nbsp;&nbsp;&nbsp;xQueueReceive
<LI><a href="#[97]">&gt;&gt;</a>&nbsp;&nbsp;&nbsp;xQueueGenericSend
<LI><a href="#[96]">&gt;&gt;</a>&nbsp;&nbsp;&nbsp;xQueueSemaphoreTake
<LI><a href="#[df]">&gt;&gt;</a>&nbsp;&nbsp;&nbsp;xQueueGenericSendFromISR
<LI><a href="#[11c]">&gt;&gt;</a>&nbsp;&nbsp;&nbsp;xQueueGenericReset
<LI><a href="#[123]">&gt;&gt;</a>&nbsp;&nbsp;&nbsp;prvUnlockQueue
</UL>

<P><STRONG><a name="[129]"></a>xTaskResumeAll</STRONG> (Thumb, 196 bytes, Stack size 16 bytes, tasks.o(i.xTaskResumeAll))
<BR><BR>[Stack]<UL><LI>Max Depth = 40<LI>Call Chain = xTaskResumeAll &rArr; xTaskIncrementTick
</UL>
<BR>[Calls]<UL><LI><a href="#[10f]">&gt;&gt;</a>&nbsp;&nbsp;&nbsp;vListInsertEnd
<LI><a href="#[10e]">&gt;&gt;</a>&nbsp;&nbsp;&nbsp;uxListRemove
<LI><a href="#[114]">&gt;&gt;</a>&nbsp;&nbsp;&nbsp;vPortExitCritical
<LI><a href="#[112]">&gt;&gt;</a>&nbsp;&nbsp;&nbsp;vPortEnterCritical
<LI><a href="#[14c]">&gt;&gt;</a>&nbsp;&nbsp;&nbsp;xTaskIncrementTick
<LI><a href="#[152]">&gt;&gt;</a>&nbsp;&nbsp;&nbsp;prvResetNextTaskUnblockTime
</UL>
<BR>[Called By]<UL><LI><a href="#[9e]">&gt;&gt;</a>&nbsp;&nbsp;&nbsp;xQueueReceive
<LI><a href="#[97]">&gt;&gt;</a>&nbsp;&nbsp;&nbsp;xQueueGenericSend
<LI><a href="#[b8]">&gt;&gt;</a>&nbsp;&nbsp;&nbsp;vTaskDelay
<LI><a href="#[b7]">&gt;&gt;</a>&nbsp;&nbsp;&nbsp;vPortFree
<LI><a href="#[c5]">&gt;&gt;</a>&nbsp;&nbsp;&nbsp;pvPortMalloc
<LI><a href="#[96]">&gt;&gt;</a>&nbsp;&nbsp;&nbsp;xQueueSemaphoreTake
</UL>
<P>
<H3>
Local Symbols
</H3>
<P><STRONG><a name="[48]"></a>Direct_task</STRONG> (Thumb, 56 bytes, Stack size 24 bytes, main.o(i.Direct_task))
<BR><BR>[Stack]<UL><LI>Max Depth = 160<LI>Call Chain = Direct_task &rArr; Dir_Func &rArr; xQueueGenericSend &rArr; vTaskPlaceOnEventList &rArr; prvAddCurrentTaskToDelayedList &rArr; vListInsert
</UL>
<BR>[Calls]<UL><LI><a href="#[9e]">&gt;&gt;</a>&nbsp;&nbsp;&nbsp;xQueueReceive
<LI><a href="#[97]">&gt;&gt;</a>&nbsp;&nbsp;&nbsp;xQueueGenericSend
<LI><a href="#[9c]">&gt;&gt;</a>&nbsp;&nbsp;&nbsp;Direct_Init
<LI><a href="#[94]">&gt;&gt;</a>&nbsp;&nbsp;&nbsp;Dir_Func
</UL>
<BR>[Address Reference Count : 1]<UL><LI> main.o(i.main)
</UL>
<P><STRONG><a name="[47]"></a>LORACTL_task</STRONG> (Thumb, 62 bytes, Stack size 24 bytes, main.o(i.LORACTL_task))
<BR><BR>[Stack]<UL><LI>Max Depth = 192<LI>Call Chain = LORACTL_task &rArr; rs485_init &rArr; usart_init &rArr; usart_baudrate_set &rArr; rcu_clock_freq_get
</UL>
<BR>[Calls]<UL><LI><a href="#[9e]">&gt;&gt;</a>&nbsp;&nbsp;&nbsp;xQueueReceive
<LI><a href="#[b8]">&gt;&gt;</a>&nbsp;&nbsp;&nbsp;vTaskDelay
<LI><a href="#[b7]">&gt;&gt;</a>&nbsp;&nbsp;&nbsp;vPortFree
<LI><a href="#[b5]">&gt;&gt;</a>&nbsp;&nbsp;&nbsp;rs485_init
<LI><a href="#[b6]">&gt;&gt;</a>&nbsp;&nbsp;&nbsp;LORA_Para_Func
<LI><a href="#[b4]">&gt;&gt;</a>&nbsp;&nbsp;&nbsp;LORA_Init
<LI><a href="#[b3]">&gt;&gt;</a>&nbsp;&nbsp;&nbsp;LORACTL_FMS_RUN
</UL>
<BR>[Address Reference Count : 1]<UL><LI> main.o(i.main)
</UL>
<P><STRONG><a name="[46]"></a>MSGTR_task</STRONG> (Thumb, 58 bytes, Stack size 24 bytes, main.o(i.MSGTR_task))
<BR><BR>[Stack]<UL><LI>Max Depth = 160<LI>Call Chain = MSGTR_task &rArr; LORA_RX_Func &rArr; xQueueGenericSend &rArr; vTaskPlaceOnEventList &rArr; prvAddCurrentTaskToDelayedList &rArr; vListInsert
</UL>
<BR>[Calls]<UL><LI><a href="#[9e]">&gt;&gt;</a>&nbsp;&nbsp;&nbsp;xQueueReceive
<LI><a href="#[c6]">&gt;&gt;</a>&nbsp;&nbsp;&nbsp;LORA_TX_Func
<LI><a href="#[c2]">&gt;&gt;</a>&nbsp;&nbsp;&nbsp;LORA_RX_Func
</UL>
<BR>[Address Reference Count : 1]<UL><LI> main.o(i.main)
</UL>
<P><STRONG><a name="[4a]"></a>PowerMonitor_task</STRONG> (Thumb, 26 bytes, Stack size 0 bytes, main.o(i.PowerMonitor_task))
<BR><BR>[Stack]<UL><LI>Max Depth = 160<LI>Call Chain = PowerMonitor_task &rArr; PowerMonitor_Process &rArr; Voltage_Get &rArr; __aeabi_dmul &rArr; _double_epilogue &rArr; _double_round
</UL>
<BR>[Calls]<UL><LI><a href="#[b8]">&gt;&gt;</a>&nbsp;&nbsp;&nbsp;vTaskDelay
<LI><a href="#[aa]">&gt;&gt;</a>&nbsp;&nbsp;&nbsp;gd_eval_led_toggle
<LI><a href="#[cd]">&gt;&gt;</a>&nbsp;&nbsp;&nbsp;PowerMonitor_Process
<LI><a href="#[cc]">&gt;&gt;</a>&nbsp;&nbsp;&nbsp;PowerMonitor_Init
</UL>
<BR>[Address Reference Count : 1]<UL><LI> main.o(i.main)
</UL>
<P><STRONG><a name="[49]"></a>SensorMonitor_task</STRONG> (Thumb, 34 bytes, Stack size 24 bytes, main.o(i.SensorMonitor_task))
<BR><BR>[Stack]<UL><LI>Max Depth = 268<LI>Call Chain = SensorMonitor_task &rArr; Sensor_Process &rArr; SCDxx_Process &rArr; scd4x_read_measurement &rArr; scd4x_read_measurement_ticks &rArr; sensirion_i2c_read_data_inplace &rArr; sensirion_i2c_hal_read &rArr; IIC_Read_Byte &rArr; IIC_NAck &rArr; BSP_IIC_SDA_OUT &rArr; gpio_init
</UL>
<BR>[Calls]<UL><LI><a href="#[9e]">&gt;&gt;</a>&nbsp;&nbsp;&nbsp;xQueueReceive
<LI><a href="#[d3]">&gt;&gt;</a>&nbsp;&nbsp;&nbsp;Sensor_Process
<LI><a href="#[d2]">&gt;&gt;</a>&nbsp;&nbsp;&nbsp;Sensor_Init
</UL>
<BR>[Address Reference Count : 1]<UL><LI> main.o(i.main)
</UL>
<P><STRONG><a name="[4b]"></a>Timer_task</STRONG> (Thumb, 128 bytes, Stack size 24 bytes, main.o(i.Timer_task))
<BR><BR>[Stack]<UL><LI>Max Depth = 128<LI>Call Chain = Timer_task &rArr; xQueueGenericSend &rArr; vTaskPlaceOnEventList &rArr; prvAddCurrentTaskToDelayedList &rArr; vListInsert
</UL>
<BR>[Calls]<UL><LI><a href="#[97]">&gt;&gt;</a>&nbsp;&nbsp;&nbsp;xQueueGenericSend
<LI><a href="#[b8]">&gt;&gt;</a>&nbsp;&nbsp;&nbsp;vTaskDelay
</UL>
<BR>[Address Reference Count : 1]<UL><LI> main.o(i.main)
</UL>
<P><STRONG><a name="[137]"></a>system_clock_108m_irc8m</STRONG> (Thumb, 160 bytes, Stack size 0 bytes, system_gd32f10x.o(i.system_clock_108m_irc8m))
<BR><BR>[Called By]<UL><LI><a href="#[d8]">&gt;&gt;</a>&nbsp;&nbsp;&nbsp;system_clock_config
</UL>

<P><STRONG><a name="[d8]"></a>system_clock_config</STRONG> (Thumb, 8 bytes, Stack size 8 bytes, system_gd32f10x.o(i.system_clock_config))
<BR><BR>[Stack]<UL><LI>Max Depth = 8<LI>Call Chain = system_clock_config
</UL>
<BR>[Calls]<UL><LI><a href="#[137]">&gt;&gt;</a>&nbsp;&nbsp;&nbsp;system_clock_108m_irc8m
</UL>
<BR>[Called By]<UL><LI><a href="#[43]">&gt;&gt;</a>&nbsp;&nbsp;&nbsp;SystemInit
</UL>

<P><STRONG><a name="[ef]"></a>dma_periph_and_channel_check</STRONG> (Thumb, 18 bytes, Stack size 0 bytes, gd32f10x_dma.o(i.dma_periph_and_channel_check))
<BR><BR>[Called By]<UL><LI><a href="#[de]">&gt;&gt;</a>&nbsp;&nbsp;&nbsp;dma_transfer_number_get
<LI><a href="#[e2]">&gt;&gt;</a>&nbsp;&nbsp;&nbsp;dma_transfer_number_config
<LI><a href="#[f4]">&gt;&gt;</a>&nbsp;&nbsp;&nbsp;dma_memory_to_memory_disable
<LI><a href="#[e1]">&gt;&gt;</a>&nbsp;&nbsp;&nbsp;dma_memory_address_config
<LI><a href="#[f3]">&gt;&gt;</a>&nbsp;&nbsp;&nbsp;dma_interrupt_enable
<LI><a href="#[f2]">&gt;&gt;</a>&nbsp;&nbsp;&nbsp;dma_init
<LI><a href="#[f1]">&gt;&gt;</a>&nbsp;&nbsp;&nbsp;dma_deinit
<LI><a href="#[f0]">&gt;&gt;</a>&nbsp;&nbsp;&nbsp;dma_circulation_disable
<LI><a href="#[e3]">&gt;&gt;</a>&nbsp;&nbsp;&nbsp;dma_channel_enable
<LI><a href="#[dd]">&gt;&gt;</a>&nbsp;&nbsp;&nbsp;dma_channel_disable
</UL>

<P><STRONG><a name="[117]"></a>prvCopyDataFromQueue</STRONG> (Thumb, 42 bytes, Stack size 16 bytes, queue.o(i.prvCopyDataFromQueue))
<BR><BR>[Stack]<UL><LI>Max Depth = 16<LI>Call Chain = prvCopyDataFromQueue
</UL>
<BR>[Calls]<UL><LI><a href="#[8a]">&gt;&gt;</a>&nbsp;&nbsp;&nbsp;__aeabi_memcpy
</UL>
<BR>[Called By]<UL><LI><a href="#[9e]">&gt;&gt;</a>&nbsp;&nbsp;&nbsp;xQueueReceive
</UL>

<P><STRONG><a name="[118]"></a>prvCopyDataToQueue</STRONG> (Thumb, 126 bytes, Stack size 24 bytes, queue.o(i.prvCopyDataToQueue))
<BR><BR>[Stack]<UL><LI>Max Depth = 40<LI>Call Chain = prvCopyDataToQueue &rArr; xTaskPriorityDisinherit
</UL>
<BR>[Calls]<UL><LI><a href="#[119]">&gt;&gt;</a>&nbsp;&nbsp;&nbsp;xTaskPriorityDisinherit
<LI><a href="#[8a]">&gt;&gt;</a>&nbsp;&nbsp;&nbsp;__aeabi_memcpy
</UL>
<BR>[Called By]<UL><LI><a href="#[97]">&gt;&gt;</a>&nbsp;&nbsp;&nbsp;xQueueGenericSend
<LI><a href="#[df]">&gt;&gt;</a>&nbsp;&nbsp;&nbsp;xQueueGenericSendFromISR
</UL>

<P><STRONG><a name="[151]"></a>prvGetDisinheritPriorityAfterTimeout</STRONG> (Thumb, 20 bytes, Stack size 0 bytes, queue.o(i.prvGetDisinheritPriorityAfterTimeout))
<BR><BR>[Called By]<UL><LI><a href="#[96]">&gt;&gt;</a>&nbsp;&nbsp;&nbsp;xQueueSemaphoreTake
</UL>

<P><STRONG><a name="[11a]"></a>prvInitialiseMutex</STRONG> (Thumb, 30 bytes, Stack size 8 bytes, queue.o(i.prvInitialiseMutex))
<BR><BR>[Stack]<UL><LI>Max Depth = 112<LI>Call Chain = prvInitialiseMutex &rArr; xQueueGenericSend &rArr; vTaskPlaceOnEventList &rArr; prvAddCurrentTaskToDelayedList &rArr; vListInsert
</UL>
<BR>[Calls]<UL><LI><a href="#[97]">&gt;&gt;</a>&nbsp;&nbsp;&nbsp;xQueueGenericSend
</UL>
<BR>[Called By]<UL><LI><a href="#[109]">&gt;&gt;</a>&nbsp;&nbsp;&nbsp;xQueueCreateMutex
</UL>

<P><STRONG><a name="[11b]"></a>prvInitialiseNewQueue</STRONG> (Thumb, 38 bytes, Stack size 24 bytes, queue.o(i.prvInitialiseNewQueue))
<BR><BR>[Stack]<UL><LI>Max Depth = 56<LI>Call Chain = prvInitialiseNewQueue &rArr; xQueueGenericReset &rArr; xTaskRemoveFromEventList
</UL>
<BR>[Calls]<UL><LI><a href="#[11c]">&gt;&gt;</a>&nbsp;&nbsp;&nbsp;xQueueGenericReset
</UL>
<BR>[Called By]<UL><LI><a href="#[108]">&gt;&gt;</a>&nbsp;&nbsp;&nbsp;xQueueGenericCreate
</UL>

<P><STRONG><a name="[121]"></a>prvIsQueueEmpty</STRONG> (Thumb, 26 bytes, Stack size 16 bytes, queue.o(i.prvIsQueueEmpty))
<BR><BR>[Stack]<UL><LI>Max Depth = 16<LI>Call Chain = prvIsQueueEmpty
</UL>
<BR>[Calls]<UL><LI><a href="#[114]">&gt;&gt;</a>&nbsp;&nbsp;&nbsp;vPortExitCritical
<LI><a href="#[112]">&gt;&gt;</a>&nbsp;&nbsp;&nbsp;vPortEnterCritical
</UL>
<BR>[Called By]<UL><LI><a href="#[9e]">&gt;&gt;</a>&nbsp;&nbsp;&nbsp;xQueueReceive
<LI><a href="#[96]">&gt;&gt;</a>&nbsp;&nbsp;&nbsp;xQueueSemaphoreTake
</UL>

<P><STRONG><a name="[122]"></a>prvIsQueueFull</STRONG> (Thumb, 30 bytes, Stack size 16 bytes, queue.o(i.prvIsQueueFull))
<BR><BR>[Stack]<UL><LI>Max Depth = 16<LI>Call Chain = prvIsQueueFull
</UL>
<BR>[Calls]<UL><LI><a href="#[114]">&gt;&gt;</a>&nbsp;&nbsp;&nbsp;vPortExitCritical
<LI><a href="#[112]">&gt;&gt;</a>&nbsp;&nbsp;&nbsp;vPortEnterCritical
</UL>
<BR>[Called By]<UL><LI><a href="#[97]">&gt;&gt;</a>&nbsp;&nbsp;&nbsp;xQueueGenericSend
</UL>

<P><STRONG><a name="[123]"></a>prvUnlockQueue</STRONG> (Thumb, 126 bytes, Stack size 16 bytes, queue.o(i.prvUnlockQueue))
<BR><BR>[Stack]<UL><LI>Max Depth = 32<LI>Call Chain = prvUnlockQueue &rArr; xTaskRemoveFromEventList
</UL>
<BR>[Calls]<UL><LI><a href="#[114]">&gt;&gt;</a>&nbsp;&nbsp;&nbsp;vPortExitCritical
<LI><a href="#[112]">&gt;&gt;</a>&nbsp;&nbsp;&nbsp;vPortEnterCritical
<LI><a href="#[124]">&gt;&gt;</a>&nbsp;&nbsp;&nbsp;xTaskRemoveFromEventList
<LI><a href="#[125]">&gt;&gt;</a>&nbsp;&nbsp;&nbsp;vTaskMissedYield
</UL>
<BR>[Called By]<UL><LI><a href="#[9e]">&gt;&gt;</a>&nbsp;&nbsp;&nbsp;xQueueReceive
<LI><a href="#[97]">&gt;&gt;</a>&nbsp;&nbsp;&nbsp;xQueueGenericSend
<LI><a href="#[96]">&gt;&gt;</a>&nbsp;&nbsp;&nbsp;xQueueSemaphoreTake
</UL>

<P><STRONG><a name="[10d]"></a>prvAddCurrentTaskToDelayedList</STRONG> (Thumb, 124 bytes, Stack size 24 bytes, tasks.o(i.prvAddCurrentTaskToDelayedList))
<BR><BR>[Stack]<UL><LI>Max Depth = 32<LI>Call Chain = prvAddCurrentTaskToDelayedList &rArr; vListInsert
</UL>
<BR>[Calls]<UL><LI><a href="#[10f]">&gt;&gt;</a>&nbsp;&nbsp;&nbsp;vListInsertEnd
<LI><a href="#[110]">&gt;&gt;</a>&nbsp;&nbsp;&nbsp;vListInsert
<LI><a href="#[10e]">&gt;&gt;</a>&nbsp;&nbsp;&nbsp;uxListRemove
</UL>
<BR>[Called By]<UL><LI><a href="#[b8]">&gt;&gt;</a>&nbsp;&nbsp;&nbsp;vTaskDelay
<LI><a href="#[147]">&gt;&gt;</a>&nbsp;&nbsp;&nbsp;vTaskPlaceOnEventList
</UL>

<P><STRONG><a name="[111]"></a>prvAddNewTaskToReadyList</STRONG> (Thumb, 150 bytes, Stack size 8 bytes, tasks.o(i.prvAddNewTaskToReadyList))
<BR><BR>[Stack]<UL><LI>Max Depth = 16<LI>Call Chain = prvAddNewTaskToReadyList &rArr; prvInitialiseTaskLists
</UL>
<BR>[Calls]<UL><LI><a href="#[10f]">&gt;&gt;</a>&nbsp;&nbsp;&nbsp;vListInsertEnd
<LI><a href="#[114]">&gt;&gt;</a>&nbsp;&nbsp;&nbsp;vPortExitCritical
<LI><a href="#[112]">&gt;&gt;</a>&nbsp;&nbsp;&nbsp;vPortEnterCritical
<LI><a href="#[113]">&gt;&gt;</a>&nbsp;&nbsp;&nbsp;prvInitialiseTaskLists
</UL>
<BR>[Called By]<UL><LI><a href="#[10a]">&gt;&gt;</a>&nbsp;&nbsp;&nbsp;xTaskCreate
</UL>

<P><STRONG><a name="[115]"></a>prvCheckTasksWaitingTermination</STRONG> (Thumb, 60 bytes, Stack size 8 bytes, tasks.o(i.prvCheckTasksWaitingTermination))
<BR><BR>[Stack]<UL><LI>Max Depth = 72<LI>Call Chain = prvCheckTasksWaitingTermination &rArr; prvDeleteTCB &rArr; vPortFree &rArr; xTaskResumeAll &rArr; xTaskIncrementTick
</UL>
<BR>[Calls]<UL><LI><a href="#[10e]">&gt;&gt;</a>&nbsp;&nbsp;&nbsp;uxListRemove
<LI><a href="#[114]">&gt;&gt;</a>&nbsp;&nbsp;&nbsp;vPortExitCritical
<LI><a href="#[112]">&gt;&gt;</a>&nbsp;&nbsp;&nbsp;vPortEnterCritical
<LI><a href="#[116]">&gt;&gt;</a>&nbsp;&nbsp;&nbsp;prvDeleteTCB
</UL>
<BR>[Called By]<UL><LI><a href="#[4d]">&gt;&gt;</a>&nbsp;&nbsp;&nbsp;prvIdleTask
</UL>

<P><STRONG><a name="[116]"></a>prvDeleteTCB</STRONG> (Thumb, 18 bytes, Stack size 8 bytes, tasks.o(i.prvDeleteTCB))
<BR><BR>[Stack]<UL><LI>Max Depth = 64<LI>Call Chain = prvDeleteTCB &rArr; vPortFree &rArr; xTaskResumeAll &rArr; xTaskIncrementTick
</UL>
<BR>[Calls]<UL><LI><a href="#[b7]">&gt;&gt;</a>&nbsp;&nbsp;&nbsp;vPortFree
</UL>
<BR>[Called By]<UL><LI><a href="#[115]">&gt;&gt;</a>&nbsp;&nbsp;&nbsp;prvCheckTasksWaitingTermination
</UL>

<P><STRONG><a name="[4d]"></a>prvIdleTask</STRONG> (Thumb, 32 bytes, Stack size 0 bytes, tasks.o(i.prvIdleTask))
<BR><BR>[Stack]<UL><LI>Max Depth = 72<LI>Call Chain = prvIdleTask &rArr; prvCheckTasksWaitingTermination &rArr; prvDeleteTCB &rArr; vPortFree &rArr; xTaskResumeAll &rArr; xTaskIncrementTick
</UL>
<BR>[Calls]<UL><LI><a href="#[115]">&gt;&gt;</a>&nbsp;&nbsp;&nbsp;prvCheckTasksWaitingTermination
</UL>
<BR>[Address Reference Count : 1]<UL><LI> tasks.o(i.vTaskStartScheduler)
</UL>
<P><STRONG><a name="[11d]"></a>prvInitialiseNewTask</STRONG> (Thumb, 144 bytes, Stack size 56 bytes, tasks.o(i.prvInitialiseNewTask))
<BR><BR>[Stack]<UL><LI>Max Depth = 56<LI>Call Chain = prvInitialiseNewTask
</UL>
<BR>[Calls]<UL><LI><a href="#[11e]">&gt;&gt;</a>&nbsp;&nbsp;&nbsp;vListInitialiseItem
<LI><a href="#[11f]">&gt;&gt;</a>&nbsp;&nbsp;&nbsp;pxPortInitialiseStack
</UL>
<BR>[Called By]<UL><LI><a href="#[10a]">&gt;&gt;</a>&nbsp;&nbsp;&nbsp;xTaskCreate
</UL>

<P><STRONG><a name="[113]"></a>prvInitialiseTaskLists</STRONG> (Thumb, 70 bytes, Stack size 8 bytes, tasks.o(i.prvInitialiseTaskLists))
<BR><BR>[Stack]<UL><LI>Max Depth = 8<LI>Call Chain = prvInitialiseTaskLists
</UL>
<BR>[Calls]<UL><LI><a href="#[120]">&gt;&gt;</a>&nbsp;&nbsp;&nbsp;vListInitialise
</UL>
<BR>[Called By]<UL><LI><a href="#[111]">&gt;&gt;</a>&nbsp;&nbsp;&nbsp;prvAddNewTaskToReadyList
</UL>

<P><STRONG><a name="[152]"></a>prvResetNextTaskUnblockTime</STRONG> (Thumb, 42 bytes, Stack size 0 bytes, tasks.o(i.prvResetNextTaskUnblockTime))
<BR><BR>[Called By]<UL><LI><a href="#[129]">&gt;&gt;</a>&nbsp;&nbsp;&nbsp;xTaskResumeAll
<LI><a href="#[14c]">&gt;&gt;</a>&nbsp;&nbsp;&nbsp;xTaskIncrementTick
</UL>

<P><STRONG><a name="[4c]"></a>prvTaskExitError</STRONG> (Thumb, 22 bytes, Stack size 0 bytes, port.o(i.prvTaskExitError))
<BR>[Address Reference Count : 1]<UL><LI> port.o(i.pxPortInitialiseStack)
</UL>
<P><STRONG><a name="[127]"></a>prvHeapInit</STRONG> (Thumb, 98 bytes, Stack size 12 bytes, heap_4.o(i.prvHeapInit))
<BR><BR>[Stack]<UL><LI>Max Depth = 12<LI>Call Chain = prvHeapInit
</UL>
<BR>[Called By]<UL><LI><a href="#[c5]">&gt;&gt;</a>&nbsp;&nbsp;&nbsp;pvPortMalloc
</UL>

<P><STRONG><a name="[128]"></a>prvInsertBlockIntoFreeList</STRONG> (Thumb, 96 bytes, Stack size 8 bytes, heap_4.o(i.prvInsertBlockIntoFreeList))
<BR><BR>[Stack]<UL><LI>Max Depth = 8<LI>Call Chain = prvInsertBlockIntoFreeList
</UL>
<BR>[Called By]<UL><LI><a href="#[b7]">&gt;&gt;</a>&nbsp;&nbsp;&nbsp;vPortFree
<LI><a href="#[c5]">&gt;&gt;</a>&nbsp;&nbsp;&nbsp;pvPortMalloc
</UL>

<P><STRONG><a name="[5f]"></a>ADC_Init</STRONG> (Thumb, 106 bytes, Stack size 8 bytes, battery.o(i.ADC_Init))
<BR><BR>[Stack]<UL><LI>Max Depth = 36<LI>Call Chain = ADC_Init &rArr; Battery_Voltage_Monitor_GPIO_Init &rArr; gpio_init
</UL>
<BR>[Calls]<UL><LI><a href="#[64]">&gt;&gt;</a>&nbsp;&nbsp;&nbsp;adc_special_function_config
<LI><a href="#[68]">&gt;&gt;</a>&nbsp;&nbsp;&nbsp;adc_software_trigger_enable
<LI><a href="#[63]">&gt;&gt;</a>&nbsp;&nbsp;&nbsp;adc_mode_config
<LI><a href="#[67]">&gt;&gt;</a>&nbsp;&nbsp;&nbsp;adc_external_trigger_source_config
<LI><a href="#[69]">&gt;&gt;</a>&nbsp;&nbsp;&nbsp;adc_external_trigger_config
<LI><a href="#[6a]">&gt;&gt;</a>&nbsp;&nbsp;&nbsp;adc_enable
<LI><a href="#[65]">&gt;&gt;</a>&nbsp;&nbsp;&nbsp;adc_data_alignment_config
<LI><a href="#[66]">&gt;&gt;</a>&nbsp;&nbsp;&nbsp;adc_channel_length_config
<LI><a href="#[6c]">&gt;&gt;</a>&nbsp;&nbsp;&nbsp;adc_calibration_enable
<LI><a href="#[61]">&gt;&gt;</a>&nbsp;&nbsp;&nbsp;rcu_periph_clock_enable
<LI><a href="#[62]">&gt;&gt;</a>&nbsp;&nbsp;&nbsp;rcu_adc_clock_config
<LI><a href="#[6b]">&gt;&gt;</a>&nbsp;&nbsp;&nbsp;delay_us
<LI><a href="#[60]">&gt;&gt;</a>&nbsp;&nbsp;&nbsp;Battery_Voltage_Monitor_GPIO_Init
</UL>
<BR>[Called By]<UL><LI><a href="#[cc]">&gt;&gt;</a>&nbsp;&nbsp;&nbsp;PowerMonitor_Init
</UL>

<P><STRONG><a name="[ce]"></a>Voltage_Get</STRONG> (Thumb, 126 bytes, Stack size 64 bytes, battery.o(i.Voltage_Get))
<BR><BR>[Stack]<UL><LI>Max Depth = 152<LI>Call Chain = Voltage_Get &rArr; __aeabi_dmul &rArr; _double_epilogue &rArr; _double_round
</UL>
<BR>[Calls]<UL><LI><a href="#[58]">&gt;&gt;</a>&nbsp;&nbsp;&nbsp;__aeabi_ui2f
<LI><a href="#[54]">&gt;&gt;</a>&nbsp;&nbsp;&nbsp;__aeabi_fdiv
<LI><a href="#[e9]">&gt;&gt;</a>&nbsp;&nbsp;&nbsp;__aeabi_f2uiz
<LI><a href="#[e8]">&gt;&gt;</a>&nbsp;&nbsp;&nbsp;__aeabi_f2d
<LI><a href="#[56]">&gt;&gt;</a>&nbsp;&nbsp;&nbsp;__aeabi_dmul
<LI><a href="#[5a]">&gt;&gt;</a>&nbsp;&nbsp;&nbsp;__aeabi_d2f
<LI><a href="#[6d]">&gt;&gt;</a>&nbsp;&nbsp;&nbsp;ADC_Value_Get
</UL>
<BR>[Called By]<UL><LI><a href="#[cd]">&gt;&gt;</a>&nbsp;&nbsp;&nbsp;PowerMonitor_Process
</UL>

<P><STRONG><a name="[74]"></a>DSL_Data_Calc</STRONG> (Thumb, 98 bytes, Stack size 8 bytes, dsl_08.o(i.DSL_Data_Calc))
<BR><BR>[Stack]<UL><LI>Max Depth = 8<LI>Call Chain = DSL_Data_Calc
</UL>
<BR>[Called By]<UL><LI><a href="#[72]">&gt;&gt;</a>&nbsp;&nbsp;&nbsp;AQI_Process
</UL>

<P><STRONG><a name="[eb]"></a>_printf_core</STRONG> (Thumb, 748 bytes, Stack size 96 bytes, printf6.o(i._printf_core), UNUSED)
<BR><BR>[Calls]<UL><LI><a href="#[ed]">&gt;&gt;</a>&nbsp;&nbsp;&nbsp;__aeabi_uidivmod
<LI><a href="#[ec]">&gt;&gt;</a>&nbsp;&nbsp;&nbsp;_printf_pre_padding
<LI><a href="#[ee]">&gt;&gt;</a>&nbsp;&nbsp;&nbsp;_printf_post_padding
</UL>
<BR>[Called By]<UL><LI><a href="#[ea]">&gt;&gt;</a>&nbsp;&nbsp;&nbsp;__0sprintf$6
</UL>

<P><STRONG><a name="[ee]"></a>_printf_post_padding</STRONG> (Thumb, 36 bytes, Stack size 24 bytes, printf6.o(i._printf_post_padding), UNUSED)
<BR><BR>[Called By]<UL><LI><a href="#[eb]">&gt;&gt;</a>&nbsp;&nbsp;&nbsp;_printf_core
</UL>

<P><STRONG><a name="[ec]"></a>_printf_pre_padding</STRONG> (Thumb, 46 bytes, Stack size 24 bytes, printf6.o(i._printf_pre_padding), UNUSED)
<BR><BR>[Called By]<UL><LI><a href="#[eb]">&gt;&gt;</a>&nbsp;&nbsp;&nbsp;_printf_core
</UL>

<P><STRONG><a name="[45]"></a>_sputc</STRONG> (Thumb, 10 bytes, Stack size 0 bytes, printf6.o(i._sputc))
<BR><BR>[Called By]<UL><LI><a href="#[ea]">&gt;&gt;</a>&nbsp;&nbsp;&nbsp;__0sprintf$6
</UL>
<BR>[Address Reference Count : 1]<UL><LI> printf6.o(i.__0sprintf$6)
</UL><P>
<H3>
Undefined Global Symbols
</H3><HR></body></html>
