Component: ARM Compiler 5.06 update 6 (build 750) Tool: armlink [4d35ed]

==============================================================================

Section Cross References

    gd32f10x_it.o(i.SysTick_Handler) refers to port.o(i.xPortSysTickHandler) for xPortSysTickHandler
    main.o(i.Direct_task) refers to direct.o(i.Direct_Init) for Direct_Init
    main.o(i.Direct_task) refers to direct.o(i.Dir_Func) for Dir_Func
    main.o(i.Direct_task) refers to tasks.o(i.vTaskDelay) for vTaskDelay
    main.o(i.IAP_task) refers to iap.o(i.IAP_Process) for IAP_Process
    main.o(i.IAP_task) refers to tasks.o(i.vTaskDelay) for vTaskDelay
    main.o(i.IWDGT_Feed) refers to gd32f10x_fwdgt.o(i.fwdgt_counter_reload) for fwdgt_counter_reload
    main.o(i.IWDGT_Init) refers to gd32f10x_rcu.o(i.rcu_osci_on) for rcu_osci_on
    main.o(i.IWDGT_Init) refers to gd32f10x_rcu.o(i.rcu_osci_stab_wait) for rcu_osci_stab_wait
    main.o(i.IWDGT_Init) refers to gd32f10x_fwdgt.o(i.fwdgt_config) for fwdgt_config
    main.o(i.IWDGT_Init) refers to gd32f10x_fwdgt.o(i.fwdgt_enable) for fwdgt_enable
    main.o(i.LORA_TR_task) refers to lora_module.o(i.LORA_TR_Func) for LORA_TR_Func
    main.o(i.LORA_TR_task) refers to tasks.o(i.vTaskDelay) for vTaskDelay
    main.o(i.Msg_Disp_task) refers to msg_handler.o(i.MSG_FSM_Init) for MSG_FSM_Init
    main.o(i.Msg_Disp_task) refers to main.o(i.IWDGT_Init) for IWDGT_Init
    main.o(i.Msg_Disp_task) refers to main.o(i.IWDGT_Feed) for IWDGT_Feed
    main.o(i.Msg_Disp_task) refers to msg_handler.o(i.MSG_FSM_RUN_Func) for MSG_FSM_RUN_Func
    main.o(i.Msg_Disp_task) refers to msg_handler.o(i.MSG_Handler_Func) for MSG_Handler_Func
    main.o(i.Msg_Disp_task) refers to tasks.o(i.vTaskDelay) for vTaskDelay
    main.o(i.Slave_task) refers to slave.o(i.Slave_Init) for Slave_Init
    main.o(i.Slave_task) refers to gd32f10x_eval.o(i.gd_eval_led_toggle) for gd_eval_led_toggle
    main.o(i.Slave_task) refers to slave.o(i.Slave_Process) for Slave_Process
    main.o(i.Slave_task) refers to tasks.o(i.vTaskDelay) for vTaskDelay
    main.o(i.fputc) refers to gd32f10x_usart.o(i.usart_data_transmit) for usart_data_transmit
    main.o(i.fputc) refers to gd32f10x_usart.o(i.usart_flag_get) for usart_flag_get
    main.o(i.main) refers to timer.o(i.timer0_config) for timer0_config
    main.o(i.main) refers to gd32f10x_eval.o(i.gd_eval_led_init) for gd_eval_led_init
    main.o(i.main) refers to lora_module.o(i.LORA_Init) for LORA_Init
    main.o(i.main) refers to tasks.o(i.xTaskCreate) for xTaskCreate
    main.o(i.main) refers to tasks.o(i.vTaskStartScheduler) for vTaskStartScheduler
    main.o(i.main) refers to main.o(i.LORA_TR_task) for LORA_TR_task
    main.o(i.main) refers to main.o(i.Direct_task) for Direct_task
    main.o(i.main) refers to main.o(i.Msg_Disp_task) for Msg_Disp_task
    main.o(i.main) refers to main.o(i.Slave_task) for Slave_task
    systick.o(i.systick_config) refers to systick.o(i.NVIC_SetPriority) for NVIC_SetPriority
    systick.o(i.systick_config) refers to system_gd32f10x.o(.data) for SystemCoreClock
    system_gd32f10x.o(i.SystemCoreClockUpdate) refers to system_gd32f10x.o(.data) for SystemCoreClock
    system_gd32f10x.o(i.SystemInit) refers to system_gd32f10x.o(i.system_clock_config) for system_clock_config
    system_gd32f10x.o(i.SystemInit) refers to gd32f10x_misc.o(i.nvic_vector_table_set) for nvic_vector_table_set
    system_gd32f10x.o(i.system_clock_config) refers to system_gd32f10x.o(i.system_clock_108m_irc8m) for system_clock_108m_irc8m
    gd32f10x_adc.o(i.adc_deinit) refers to gd32f10x_rcu.o(i.rcu_periph_reset_enable) for rcu_periph_reset_enable
    gd32f10x_adc.o(i.adc_deinit) refers to gd32f10x_rcu.o(i.rcu_periph_reset_disable) for rcu_periph_reset_disable
    gd32f10x_bkp.o(i.bkp_deinit) refers to gd32f10x_rcu.o(i.rcu_bkp_reset_enable) for rcu_bkp_reset_enable
    gd32f10x_bkp.o(i.bkp_deinit) refers to gd32f10x_rcu.o(i.rcu_bkp_reset_disable) for rcu_bkp_reset_disable
    gd32f10x_can.o(i.can_debug_freeze_disable) refers to gd32f10x_dbg.o(i.dbg_periph_enable) for dbg_periph_enable
    gd32f10x_can.o(i.can_debug_freeze_enable) refers to gd32f10x_dbg.o(i.dbg_periph_enable) for dbg_periph_enable
    gd32f10x_can.o(i.can_deinit) refers to gd32f10x_rcu.o(i.rcu_periph_reset_enable) for rcu_periph_reset_enable
    gd32f10x_can.o(i.can_deinit) refers to gd32f10x_rcu.o(i.rcu_periph_reset_disable) for rcu_periph_reset_disable
    gd32f10x_can.o(i.can_interrupt_flag_get) refers to gd32f10x_can.o(i.can_receive_message_length_get) for can_receive_message_length_get
    gd32f10x_can.o(i.can_interrupt_flag_get) refers to gd32f10x_can.o(i.can_error_get) for can_error_get
    gd32f10x_dac.o(i.dac_deinit) refers to gd32f10x_rcu.o(i.rcu_periph_reset_enable) for rcu_periph_reset_enable
    gd32f10x_dac.o(i.dac_deinit) refers to gd32f10x_rcu.o(i.rcu_periph_reset_disable) for rcu_periph_reset_disable
[...]
    i.LORA_Param_Set                         0x08000f2c   Section        0  lora_module.o(i.LORA_Param_Set)
    i.LORA_Setup_Parameter_Access            0x08001184   Section        0  lora_module.o(i.LORA_Setup_Parameter_Access)
    i.LORA_TR_Func                           0x080011b8   Section        0  lora_module.o(i.LORA_TR_Func)
    i.LORA_TR_task                           0x08001250   Section        0  main.o(i.LORA_TR_task)
    LORA_TR_task                             0x08001251   Thumb Code    16  main.o(i.LORA_TR_task)
    i.LORA_send_data                         0x08001260   Section        0  lora_module.o(i.LORA_send_data)
    i.LRC_Value_Calc                         0x0800127c   Section        0  slave.o(i.LRC_Value_Calc)
    i.LoRA_Channel_Set                       0x080012a0   Section        0  lora_module.o(i.LoRA_Channel_Set)
    i.LoRA_Enter_Command_Mode                0x08001350   Section        0  lora_module.o(i.LoRA_Enter_Command_Mode)
    i.LoRA_Query_Channel                     0x08001400   Section        0  lora_module.o(i.LoRA_Query_Channel)
    i.LoRA_Query_Speed_Grade                 0x0800145c   Section        0  lora_module.o(i.LoRA_Query_Speed_Grade)
    i.LoRA_Restart_Mode                      0x080014b8   Section        0  lora_module.o(i.LoRA_Restart_Mode)
    i.LoRA_SPD_CH_Query                      0x08001518   Section        0  lora_module.o(i.LoRA_SPD_CH_Query)
    i.LoRA_SPD_CH_Set                        0x0800153a   Section        0  lora_module.o(i.LoRA_SPD_CH_Set)
    i.LoRA_Speed_Grade_Set                   0x08001568   Section        0  lora_module.o(i.LoRA_Speed_Grade_Set)
    i.Log_Func                               0x08001618   Section        0  msg_handler.o(i.Log_Func)
    i.Lora_TxMSG_Produce                     0x08001624   Section        0  lora_module.o(i.Lora_TxMSG_Produce)
    i.MSG_FSM_Init                           0x080016bc   Section        0  msg_handler.o(i.MSG_FSM_Init)
    i.MSG_FSM_RUN_Func                       0x080016f8   Section        0  msg_handler.o(i.MSG_FSM_RUN_Func)
    i.MSG_Handler_Func                       0x08001710   Section        0  msg_handler.o(i.MSG_Handler_Func)
    i.MSG_Init_Func                          0x080018bc   Section        0  msg_handler.o(i.MSG_Init_Func)
    i.MemManage_Handler                      0x080018d0   Section        0  gd32f10x_it.o(i.MemManage_Handler)
    i.MsgLink_Init                           0x080018d4   Section        0  msg_handler.o(i.MsgLink_Init)
    i.Msg_Disp_task                          0x080018ec   Section        0  main.o(i.Msg_Disp_task)
    Msg_Disp_task                            0x080018ed   Thumb Code    32  main.o(i.Msg_Disp_task)
    i.NMI_Handler                            0x0800190c   Section        0  gd32f10x_it.o(i.NMI_Handler)
    i.Position_Parameter_Access              0x08001910   Section        0  direct.o(i.Position_Parameter_Access)
    i.Position_Parameter_Set                 0x08001934   Section        0  direct.o(i.Position_Parameter_Set)
    i.Retry_Func                             0x0800196c   Section        0  msg_handler.o(i.Retry_Func)
    i.SOFT_SPI_RW_MODE1                      0x080019d4   Section        0  spi.o(i.SOFT_SPI_RW_MODE1)
    i.SPI_Init                               0x08001a40   Section        0  spi.o(i.SPI_Init)
    i.SPI_ReadWriteByte                      0x08001ab0   Section        0  spi.o(i.SPI_ReadWriteByte)
    i.Slave_Init                             0x08001ac2   Section        0  slave.o(i.Slave_Init)
    i.Slave_Process                          0x08001acc   Section        0  slave.o(i.Slave_Process)
    i.Slave_Register_Read_Continues          0x08001b88   Section        0  slave.o(i.Slave_Register_Read_Continues)
    i.Slave_Reset                            0x08001bdc   Section        0  spi.o(i.Slave_Reset)
    i.Slave_task                             0x08001c10   Section        0  main.o(i.Slave_task)
    Slave_task                               0x08001c11   Thumb Code    28  main.o(i.Slave_task)
    i.SysTick_Handler                        0x08001c2c   Section        0  gd32f10x_it.o(i.SysTick_Handler)
    i.SystemInit                             0x08001c34   Section        0  system_gd32f10x.o(i.SystemInit)
    i.Timeout_Clr_Func                       0x08001d08   Section        0  msg_handler.o(i.Timeout_Clr_Func)
    i.USART0_IRQHandler                      0x08001d14   Section        0  uart.o(i.USART0_IRQHandler)
    i.USART1_IRQHandler                      0x08001dec   Section        0  uart.o(i.USART1_IRQHandler)
    i.USART_Data_DMA_Send                    0x08001ec4   Section        0  uart.o(i.USART_Data_DMA_Send)
    i.UsageFault_Handler                     0x08001f4c   Section        0  gd32f10x_it.o(i.UsageFault_Handler)
    i.__0printf$6                            0x08001f50   Section        0  printf6.o(i.__0printf$6)
    i.__0sprintf$6                           0x08001f70   Section        0  printf6.o(i.__0sprintf$6)
    i.__aeabi_errno_addr                     0x08001f98   Section        0  errno.o(i.__aeabi_errno_addr)
    i.__scatterload_copy                     0x08001fa0   Section       14  handlers.o(i.__scatterload_copy)
    i.__scatterload_null                     0x08001fae   Section        2  handlers.o(i.__scatterload_null)
    i.__scatterload_zeroinit                 0x08001fb0   Section       14  handlers.o(i.__scatterload_zeroinit)
    i._printf_core                           0x08001fc0   Section        0  printf6.o(i._printf_core)
    _printf_core                             0x08001fc1   Thumb Code   748  printf6.o(i._printf_core)
    i._printf_post_padding                   0x080022b0   Section        0  printf6.o(i._printf_post_padding)
    _printf_post_padding                     0x080022b1   Thumb Code    36  printf6.o(i._printf_post_padding)
    i._printf_pre_padding                    0x080022d4   Section        0  printf6.o(i._printf_pre_padding)
    _printf_pre_padding                      0x080022d5   Thumb Code    46  printf6.o(i._printf_pre_padding)
    i._sputc                                 0x08002302   Section        0  printf6.o(i._sputc)
    _sputc                                   0x08002303   Thumb Code    10  printf6.o(i._sputc)
    i.delay_ms                               0x0800230c   Section        0  timer.o(i.delay_ms)
    i.delay_us                               0x08002328   Section        0  timer.o(i.delay_us)
    i.dma_channel_disable                    0x08002360   Section        0  gd32f10x_dma.o(i.dma_channel_disable)
    i.dma_channel_enable                     0x08002392   Section        0  gd32f10x_dma.o(i.dma_channel_enable)
    i.dma_circulation_disable                0x080023c4   Section        0  gd32f10x_dma.o(i.dma_circulation_disable)
    i.dma_deinit                             0x080023f6   Section        0  gd32f10x_dma.o(i.dma_deinit)
    i.dma_flag_clear                         0x08002466   Section        0  gd32f10x_dma.o(i.dma_flag_clear)
    i.dma_flag_get                           0x08002476   Section        0  gd32f10x_dma.o(i.dma_flag_get)
    i.dma_init                               0x0800248e   Section        0  gd32f10x_dma.o(i.dma_init)
    i.dma_interrupt_enable                   0x080025bc   Section        0  gd32f10x_dma.o(i.dma_interrupt_enable)
    i.dma_interrupt_flag_clear               0x080025ee   Section        0  gd32f10x_dma.o(i.dma_interrupt_flag_clear)
    i.dma_interrupt_flag_get                 0x080025fe   Section        0  gd32f10x_dma.o(i.dma_interrupt_flag_get)
    i.dma_memory_address_config              0x08002680   Section        0  gd32f10x_dma.o(i.dma_memory_address_config)
    i.dma_memory_to_memory_disable           0x080026a4   Section        0  gd32f10x_dma.o(i.dma_memory_to_memory_disable)
    i.dma_periph_and_channel_check           0x080026d8   Section        0  gd32f10x_dma.o(i.dma_periph_and_channel_check)
    dma_periph_and_channel_check             0x080026d9   Thumb Code    18  gd32f10x_dma.o(i.dma_periph_and_channel_check)
    i.dma_transfer_number_config             0x080026f0   Section        0  gd32f10x_dma.o(i.dma_transfer_number_config)
    i.dma_transfer_number_get                0x08002716   Section        0  gd32f10x_dma.o(i.dma_transfer_number_get)
    i.fmc_bank0_lock                         0x08002738   Section        0  gd32f10x_fmc.o(i.fmc_bank0_lock)
    i.fmc_bank0_ready_wait                   0x0800274c   Section        0  gd32f10x_fmc.o(i.fmc_bank0_ready_wait)
    i.fmc_bank0_state_get                    0x08002770   Section        0  gd32f10x_fmc.o(i.fmc_bank0_state_get)
    i.fmc_bank0_unlock                       0x080027a0   Section        0  gd32f10x_fmc.o(i.fmc_bank0_unlock)
    i.fmc_bank1_lock                         0x080027c4   Section        0  gd32f10x_fmc.o(i.fmc_bank1_lock)
    i.fmc_bank1_ready_wait                   0x080027d8   Section        0  gd32f10x_fmc.o(i.fmc_bank1_ready_wait)
    i.fmc_bank1_state_get                    0x080027fc   Section        0  gd32f10x_fmc.o(i.fmc_bank1_state_get)
    i.fmc_bank1_unlock                       0x0800282c   Section        0  gd32f10x_fmc.o(i.fmc_bank1_unlock)
    i.fmc_flag_clear                         0x08002850   Section        0  gd32f10x_fmc.o(i.fmc_flag_clear)
    i.fmc_page_erase                         0x08002870   Section        0  gd32f10x_fmc.o(i.fmc_page_erase)
    i.fmc_word_program                       0x0800295c   Section        0  gd32f10x_fmc.o(i.fmc_word_program)
    i.fmc_word_write                         0x08002a1c   Section        0  gd32f10x_fmc.o(i.fmc_word_write)
    i.fputc                                  0x08002ac0   Section        0  main.o(i.fputc)
    i.free                                   0x08002ae4   Section        0  malloc.o(i.free)
    i.fwdgt_config                           0x08002b34   Section        0  gd32f10x_fwdgt.o(i.fwdgt_config)
    i.fwdgt_counter_reload                   0x08002b9c   Section        0  gd32f10x_fwdgt.o(i.fwdgt_counter_reload)
    i.fwdgt_enable                           0x08002bac   Section        0  gd32f10x_fwdgt.o(i.fwdgt_enable)
    i.gd_eval_led_init                       0x08002bbc   Section        0  gd32f10x_eval.o(i.gd_eval_led_init)
    i.gd_eval_led_toggle                     0x08002bfc   Section        0  gd32f10x_eval.o(i.gd_eval_led_toggle)
    i.gd_rs485_en_control                    0x08002c34   Section        0  gd32f10x_eval.o(i.gd_rs485_en_control)
    i.gd_usart_gpio_init                     0x08002c50   Section        0  gd32f10x_eval.o(i.gd_usart_gpio_init)
    i.gpio_bit_write                         0x08002cb8   Section        0  gd32f10x_gpio.o(i.gpio_bit_write)
    i.gpio_init                              0x08002cc2   Section        0  gd32f10x_gpio.o(i.gpio_init)
    i.gpio_input_bit_get                     0x08002d6e   Section        0  gd32f10x_gpio.o(i.gpio_input_bit_get)
    i.gpio_output_bit_get                    0x08002d7e   Section        0  gd32f10x_gpio.o(i.gpio_output_bit_get)
    i.gpio_pin_remap_config                  0x08002d90   Section        0  gd32f10x_gpio.o(i.gpio_pin_remap_config)
    i.main                                   0x08002e20   Section        0  main.o(i.main)
    i.malloc                                 0x08002edc   Section        0  malloc.o(i.malloc)
    i.nvic_irq_enable                        0x08002f48   Section        0  gd32f10x_misc.o(i.nvic_irq_enable)
    i.nvic_priority_group_set                0x08002ff4   Section        0  gd32f10x_misc.o(i.nvic_priority_group_set)
    i.nvic_vector_table_set                  0x08003008   Section        0  gd32f10x_misc.o(i.nvic_vector_table_set)
    i.prvAddCurrentTaskToDelayedList         0x08003020   Section        0  tasks.o(i.prvAddCurrentTaskToDelayedList)
    prvAddCurrentTaskToDelayedList           0x08003021   Thumb Code   124  tasks.o(i.prvAddCurrentTaskToDelayedList)
    i.prvAddNewTaskToReadyList               0x080030b8   Section        0  tasks.o(i.prvAddNewTaskToReadyList)
    prvAddNewTaskToReadyList                 0x080030b9   Thumb Code   150  tasks.o(i.prvAddNewTaskToReadyList)
    i.prvCheckTasksWaitingTermination        0x0800316c   Section        0  tasks.o(i.prvCheckTasksWaitingTermination)
    prvCheckTasksWaitingTermination          0x0800316d   Thumb Code    60  tasks.o(i.prvCheckTasksWaitingTermination)
    i.prvDeleteTCB                           0x080031b4   Section        0  tasks.o(i.prvDeleteTCB)
    prvDeleteTCB                             0x080031b5   Thumb Code    18  tasks.o(i.prvDeleteTCB)
    i.prvHeapInit                            0x080031c8   Section        0  heap_4.o(i.prvHeapInit)
    prvHeapInit                              0x080031c9   Thumb Code    98  heap_4.o(i.prvHeapInit)
    i.prvIdleTask                            0x08003244   Section        0  tasks.o(i.prvIdleTask)
    prvIdleTask                              0x08003245   Thumb Code    32  tasks.o(i.prvIdleTask)
    i.prvInitialiseNewTask                   0x0800326c   Section        0  tasks.o(i.prvInitialiseNewTask)
    prvInitialiseNewTask                     0x0800326d   Thumb Code   138  tasks.o(i.prvInitialiseNewTask)
    i.prvInitialiseTaskLists                 0x080032f8   Section        0  tasks.o(i.prvInitialiseTaskLists)
    prvInitialiseTaskLists                   0x080032f9   Thumb Code    70  tasks.o(i.prvInitialiseTaskLists)
    i.prvInsertBlockIntoFreeList             0x08003360   Section        0  heap_4.o(i.prvInsertBlockIntoFreeList)
    prvInsertBlockIntoFreeList               0x08003361   Thumb Code    96  heap_4.o(i.prvInsertBlockIntoFreeList)
    i.prvResetNextTaskUnblockTime            0x080033c8   Section        0  tasks.o(i.prvResetNextTaskUnblockTime)
    prvResetNextTaskUnblockTime              0x080033c9   Thumb Code    42  tasks.o(i.prvResetNextTaskUnblockTime)
    i.prvTaskExitError                       0x080033fc   Section        0  port.o(i.prvTaskExitError)
    prvTaskExitError                         0x080033fd   Thumb Code    22  port.o(i.prvTaskExitError)
    i.pvPortMalloc                           0x08003414   Section        0  heap_4.o(i.pvPortMalloc)
    i.pxPortInitialiseStack                  0x080034f4   Section        0  port.o(i.pxPortInitialiseStack)
    i.rcu_clock_freq_get                     0x08003518   Section        0  gd32f10x_rcu.o(i.rcu_clock_freq_get)
    i.rcu_flag_get                           0x0800363c   Section        0  gd32f10x_rcu.o(i.rcu_flag_get)
    i.rcu_osci_on                            0x08003660   Section        0  gd32f10x_rcu.o(i.rcu_osci_on)
    i.rcu_osci_stab_wait                     0x08003680   Section        0  gd32f10x_rcu.o(i.rcu_osci_stab_wait)
    i.rcu_periph_clock_enable                0x08003760   Section        0  gd32f10x_rcu.o(i.rcu_periph_clock_enable)
    i.rcu_periph_reset_disable               0x08003780   Section        0  gd32f10x_rcu.o(i.rcu_periph_reset_disable)
    i.rcu_periph_reset_enable                0x080037a0   Section        0  gd32f10x_rcu.o(i.rcu_periph_reset_enable)
    i.system_clock_108m_irc8m                0x080037c0   Section        0  system_gd32f10x.o(i.system_clock_108m_irc8m)
    system_clock_108m_irc8m                  0x080037c1   Thumb Code   160  system_gd32f10x.o(i.system_clock_108m_irc8m)
    i.system_clock_config                    0x0800386c   Section        0  system_gd32f10x.o(i.system_clock_config)
    system_clock_config                      0x0800386d   Thumb Code     8  system_gd32f10x.o(i.system_clock_config)
    i.timer0_config                          0x08003874   Section        0  timer.o(i.timer0_config)
    i.timer_auto_reload_shadow_enable        0x080038bc   Section        0  gd32f10x_timer.o(i.timer_auto_reload_shadow_enable)
    i.timer_deinit                           0x080038c8   Section        0  gd32f10x_timer.o(i.timer_deinit)
    i.timer_disable                          0x080039a4   Section        0  gd32f10x_timer.o(i.timer_disable)
    i.timer_enable                           0x080039ae   Section        0  gd32f10x_timer.o(i.timer_enable)
    i.timer_flag_clear                       0x080039b8   Section        0  gd32f10x_timer.o(i.timer_flag_clear)
    i.timer_flag_get                         0x080039be   Section        0  gd32f10x_timer.o(i.timer_flag_get)
    i.timer_init                             0x080039d0   Section        0  gd32f10x_timer.o(i.timer_init)
    i.usart_baudrate_set                     0x08003ab0   Section        0  gd32f10x_usart.o(i.usart_baudrate_set)
    i.usart_data_receive                     0x08003b40   Section        0  gd32f10x_usart.o(i.usart_data_receive)
    i.usart_data_transmit                    0x08003b4a   Section        0  gd32f10x_usart.o(i.usart_data_transmit)
    i.usart_deinit                           0x08003b54   Section        0  gd32f10x_usart.o(i.usart_deinit)
    i.usart_dma_receive_config               0x08003be4   Section        0  gd32f10x_usart.o(i.usart_dma_receive_config)
    i.usart_dma_transmit_config              0x08003bf4   Section        0  gd32f10x_usart.o(i.usart_dma_transmit_config)
    i.usart_enable                           0x08003c04   Section        0  gd32f10x_usart.o(i.usart_enable)
    i.usart_flag_get                         0x08003c0e   Section        0  gd32f10x_usart.o(i.usart_flag_get)
    i.usart_init                             0x08003c2c   Section        0  uart.o(i.usart_init)
    i.usart_interrupt_enable                 0x08003e88   Section        0  gd32f10x_usart.o(i.usart_interrupt_enable)
    i.usart_interrupt_flag_clear             0x08003ea2   Section        0  gd32f10x_usart.o(i.usart_interrupt_flag_clear)
    i.usart_interrupt_flag_get               0x08003ebc   Section        0  gd32f10x_usart.o(i.usart_interrupt_flag_get)
    i.usart_receive_config                   0x08003ef4   Section        0  gd32f10x_usart.o(i.usart_receive_config)
    i.usart_transmit_config                  0x08003f04   Section        0  gd32f10x_usart.o(i.usart_transmit_config)
    i.uxListRemove                           0x08003f14   Section        0  list.o(i.uxListRemove)
    i.vListInitialise                        0x08003f3c   Section        0  list.o(i.vListInitialise)
    i.vListInitialiseItem                    0x08003f56   Section        0  list.o(i.vListInitialiseItem)
    i.vListInsert                            0x08003f5c   Section        0  list.o(i.vListInsert)
    i.vListInsertEnd                         0x08003f90   Section        0  list.o(i.vListInsertEnd)
    i.vPortEnterCritical                     0x08003fa8   Section        0  port.o(i.vPortEnterCritical)
    i.vPortExitCritical                      0x08003fcc   Section        0  port.o(i.vPortExitCritical)
    i.vPortFree                              0x08003fec   Section        0  heap_4.o(i.vPortFree)
    i.vPortSetupTimerInterrupt               0x08004044   Section        0  port.o(i.vPortSetupTimerInterrupt)
    i.vTaskDelay                             0x0800405c   Section        0  tasks.o(i.vTaskDelay)
    i.vTaskStartScheduler                    0x08004090   Section        0  tasks.o(i.vTaskStartScheduler)
    i.vTaskSuspendAll                        0x080040f4   Section        0  tasks.o(i.vTaskSuspendAll)
    i.vTaskSwitchContext                     0x08004104   Section        0  tasks.o(i.vTaskSwitchContext)
    i.xPortStartScheduler                    0x08004164   Section        0  port.o(i.xPortStartScheduler)
    i.xPortSysTickHandler                    0x08004198   Section        0  port.o(i.xPortSysTickHandler)
    i.xTaskCreate                            0x080041cc   Section        0  tasks.o(i.xTaskCreate)
    i.xTaskIncrementTick                     0x0800422c   Section        0  tasks.o(i.xTaskIncrementTick)
    i.xTaskResumeAll                         0x08004348   Section        0  tasks.o(i.xTaskResumeAll)
    .constdata                               0x08004430   Section      129  ctype_o.o(.constdata)
    .constdata                               0x080044b4   Section        4  ctype_o.o(.constdata)
    table                                    0x080044b4   Data           4  ctype_o.o(.constdata)
    .data                                    0x20000000   Section       60  tasks.o(.data)
    pxDelayedTaskList                        0x20000004   Data           4  tasks.o(.data)
    pxOverflowDelayedTaskList                0x20000008   Data           4  tasks.o(.data)
    uxDeletedTasksWaitingCleanUp             0x2000000c   Data           4  tasks.o(.data)
    uxCurrentNumberOfTasks                   0x20000010   Data           4  tasks.o(.data)
    xTickCount                               0x20000014   Data           4  tasks.o(.data)
    uxTopReadyPriority                       0x20000018   Data           4  tasks.o(.data)
    xSchedulerRunning                        0x2000001c   Data           4  tasks.o(.data)
    xPendedTicks                             0x20000020   Data           4  tasks.o(.data)
    xYieldPending                            0x20000024   Data           4  tasks.o(.data)
    xNumOfOverflows                          0x20000028   Data           4  tasks.o(.data)
    uxTaskNumber                             0x2000002c   Data           4  tasks.o(.data)
    xNextTaskUnblockTime                     0x20000030   Data           4  tasks.o(.data)
    xIdleTaskHandle                          0x20000034   Data           4  tasks.o(.data)
    uxSchedulerSuspended                     0x20000038   Data           4  tasks.o(.data)
    .data                                    0x2000003c   Section        4  port.o(.data)
    uxCriticalNesting                        0x2000003c   Data           4  port.o(.data)
    .data                                    0x20000040   Section       32  heap_4.o(.data)
    xStart                                   0x20000040   Data           8  heap_4.o(.data)
    pxEnd                                    0x20000048   Data           4  heap_4.o(.data)
    xFreeBytesRemaining                      0x2000004c   Data           4  heap_4.o(.data)
    xMinimumEverFreeBytesRemaining           0x20000050   Data           4  heap_4.o(.data)
    xNumberOfSuccessfulAllocations           0x20000054   Data           4  heap_4.o(.data)
    xNumberOfSuccessfulFrees                 0x20000058   Data           4  heap_4.o(.data)
    xBlockAllocatedBit                       0x2000005c   Data           4  heap_4.o(.data)
    .data                                    0x20000060   Section      125  gd32f10x_eval.o(.data)
    LED_CLK                                  0x20000060   Data           8  gd32f10x_eval.o(.data)
    LED_PORT                                 0x20000068   Data           8  gd32f10x_eval.o(.data)
    LED_PIN                                  0x20000070   Data           8  gd32f10x_eval.o(.data)
    DIR_LIGHT_CLK                            0x20000078   Data          16  gd32f10x_eval.o(.data)
    DIR_LIGHT_PORT                           0x20000088   Data          16  gd32f10x_eval.o(.data)
    DIR_LIGHT_PIN                            0x20000098   Data          16  gd32f10x_eval.o(.data)
    KEY_PORT                                 0x200000a8   Data          12  gd32f10x_eval.o(.data)
    KEY_PIN                                  0x200000b4   Data          12  gd32f10x_eval.o(.data)
    KEY_CLK                                  0x200000c0   Data           6  gd32f10x_eval.o(.data)
    KEY_EXTI_LINE                            0x200000c8   Data          12  gd32f10x_eval.o(.data)
    KEY_PORT_SOURCE                          0x200000d4   Data           3  gd32f10x_eval.o(.data)
    KEY_PIN_SOURCE                           0x200000d7   Data           3  gd32f10x_eval.o(.data)
    KEY_IRQn                                 0x200000da   Data           3  gd32f10x_eval.o(.data)
    .data                                    0x200000de   Section        6  direct.o(.data)
    cnt                                      0x200000e2   Data           2  direct.o(.data)
    .data                                    0x200000e4   Section       24  lora_module.o(.data)
    .data                                    0x200000fc   Section        1  slave.o(.data)
    Communicate_Failure_Times                0x200000fc   Data           1  slave.o(.data)
    .data                                    0x20000100   Section       86  msg_handler.o(.data)
    event                                    0x2000011c   Data           1  msg_handler.o(.data)
    trans_table                              0x20000120   Data          48  msg_handler.o(.data)
    upload_sn                                0x20000150   Data           2  msg_handler.o(.data)
    retry_count                              0x20000152   Data           1  msg_handler.o(.data)
    cnt                                      0x20000154   Data           2  msg_handler.o(.data)
    .data                                    0x20000158   Section       14  uart.o(.data)
    .data                                    0x20000168   Section        4  stdout.o(.data)
    .data                                    0x2000016c   Section        4  mvars.o(.data)
    .data                                    0x20000170   Section        4  mvars.o(.data)
    .data                                    0x20000174   Section        4  errno.o(.data)
    _errno                                   0x20000174   Data           4  errno.o(.data)
    .bss                                     0x20000178   Section      200  tasks.o(.bss)
    pxReadyTasksLists                        0x20000178   Data         100  tasks.o(.bss)
    xDelayedTaskList1                        0x200001dc   Data          20  tasks.o(.bss)
    xDelayedTaskList2                        0x200001f0   Data          20  tasks.o(.bss)
    xPendingReadyList                        0x20000204   Data          20  tasks.o(.bss)
    xTasksWaitingTermination                 0x20000218   Data          20  tasks.o(.bss)
    xSuspendedTaskList                       0x2000022c   Data          20  tasks.o(.bss)
    .bss                                     0x20000240   Section     4096  heap_4.o(.bss)
    ucHeap                                   0x20000240   Data        4096  heap_4.o(.bss)
    .bss                                     0x20001240   Section       36  msg_handler.o(.bss)
    .bss                                     0x20001264   Section     1020  uart.o(.bss)
    HEAP                                     0x20001660   Section      512  startup_gd32f10x_md.o(HEAP)
    STACK                                    0x20001860   Section     1024  startup_gd32f10x_md.o(STACK)

    Global Symbols

    Symbol Name                              Value     Ov Type        Size  Object(Section)

    BuildAttributes$$THM_ISAv4$P$D$K$B$S$PE$A:L22UL41UL21$X:L11$S22US41US21$IEEE1$IW$USESV6$~STKCKD$USESV7$~SHL$OSPACE$ROPI$EBA8$MICROLIB$REQ8$PRES8$EABIv2 0x00000000   Number         0  anon$$obj.o ABSOLUTE
    __ARM_use_no_argv                        0x00000000   Number         0  main.o ABSOLUTE
    _printf_a                                0x00000000   Number         0  stubs.o ABSOLUTE
    _printf_c                                0x00000000   Number         0  stubs.o ABSOLUTE
    _printf_charcount                        0x00000000   Number         0  stubs.o ABSOLUTE
    _printf_d                                0x00000000   Number         0  stubs.o ABSOLUTE
    _printf_e                                0x00000000   Number         0  stubs.o ABSOLUTE
    _printf_f                                0x00000000   Number         0  stubs.o ABSOLUTE
    _printf_flags                            0x00000000   Number         0  stubs.o ABSOLUTE
    _printf_fp_dec                           0x00000000   Number         0  stubs.o ABSOLUTE
    _printf_fp_hex                           0x00000000   Number         0  stubs.o ABSOLUTE
    _printf_g                                0x00000000   Number         0  stubs.o ABSOLUTE
    _printf_i                                0x00000000   Number         0  stubs.o ABSOLUTE
    _printf_int_dec                          0x00000000   Number         0  stubs.o ABSOLUTE
    _printf_l                                0x00000000   Number         0  stubs.o ABSOLUTE
    _printf_lc                               0x00000000   Number         0  stubs.o ABSOLUTE
    _printf_ll                               0x00000000   Number         0  stubs.o ABSOLUTE
    _printf_lld                              0x00000000   Number         0  stubs.o ABSOLUTE
    _printf_lli                              0x00000000   Number         0  stubs.o ABSOLUTE
    _printf_llo                              0x00000000   Number         0  stubs.o ABSOLUTE
    _printf_llu                              0x00000000   Number         0  stubs.o ABSOLUTE
    _printf_llx                              0x00000000   Number         0  stubs.o ABSOLUTE
    _printf_longlong_dec                     0x00000000   Number         0  stubs.o ABSOLUTE
    _printf_longlong_hex                     0x00000000   Number         0  stubs.o ABSOLUTE
    _printf_longlong_oct                     0x00000000   Number         0  stubs.o ABSOLUTE
    _printf_ls                               0x00000000   Number         0  stubs.o ABSOLUTE
    _printf_mbtowc                           0x00000000   Number         0  stubs.o ABSOLUTE
    _printf_n                                0x00000000   Number         0  stubs.o ABSOLUTE
    _printf_o                                0x00000000   Number         0  stubs.o ABSOLUTE
    _printf_p                                0x00000000   Number         0  stubs.o ABSOLUTE
    _printf_percent                          0x00000000   Number         0  stubs.o ABSOLUTE
    _printf_pre_padding                      0x00000000   Number         0  stubs.o ABSOLUTE
    _printf_return_value                     0x00000000   Number         0  stubs.o ABSOLUTE
    _printf_s                                0x00000000   Number         0  stubs.o ABSOLUTE
    _printf_sizespec                         0x00000000   Number         0  stubs.o ABSOLUTE
    _printf_str                              0x00000000   Number         0  stubs.o ABSOLUTE
    _printf_truncate_signed                  0x00000000   Number         0  stubs.o ABSOLUTE
    _printf_truncate_unsigned                0x00000000   Number         0  stubs.o ABSOLUTE
    _printf_u                                0x00000000   Number         0  stubs.o ABSOLUTE
    _printf_wc                               0x00000000   Number         0  stubs.o ABSOLUTE
    _printf_wctomb                           0x00000000   Number         0  stubs.o ABSOLUTE
    _printf_widthprec                        0x00000000   Number         0  stubs.o ABSOLUTE
    _printf_x                                0x00000000   Number         0  stubs.o ABSOLUTE
    __cpp_initialize__aeabi_                  - Undefined Weak Reference
    __cxa_finalize                            - Undefined Weak Reference
    _clock_init                               - Undefined Weak Reference
    _microlib_exit                            - Undefined Weak Reference
    __Vectors_Size                           0x00000104   Number         0  startup_gd32f10x_md.o ABSOLUTE
    __Vectors                                0x08000000   Data           4  startup_gd32f10x_md.o(RESET)
    __Vectors_End                            0x08000104   Data           0  startup_gd32f10x_md.o(RESET)
    __main                                   0x08000105   Thumb Code     0  entry.o(.ARM.Collect$$$$00000000)
    _main_stk                                0x08000105   Thumb Code     0  entry2.o(.ARM.Collect$$$$00000001)
    _main_scatterload                        0x08000109   Thumb Code     0  entry5.o(.ARM.Collect$$$$00000004)
    __main_after_scatterload                 0x0800010d   Thumb Code     0  entry5.o(.ARM.Collect$$$$00000004)
    _main_clock                              0x0800010d   Thumb Code     0  entry7b.o(.ARM.Collect$$$$00000008)
    _main_cpp_init                           0x0800010d   Thumb Code     0  entry8b.o(.ARM.Collect$$$$0000000A)
    _main_init                               0x0800010d   Thumb Code     0  entry9a.o(.ARM.Collect$$$$0000000B)
    __rt_final_cpp                           0x08000115   Thumb Code     0  entry10a.o(.ARM.Collect$$$$0000000D)
    __rt_final_exit                          0x08000115   Thumb Code     0  entry11a.o(.ARM.Collect$$$$0000000F)
    SVC_Handler                              0x08000119   Thumb Code    32  port.o(.emb_text)
    __asm___6_port_c_39a90d8d__prvStartFirstTask 0x0800013d   Thumb Code    28  port.o(.emb_text)
    PendSV_Handler                           0x0800015d   Thumb Code    72  port.o(.emb_text)
    vPortGetIPSR                             0x080001a9   Thumb Code     6  port.o(.emb_text)
    Reset_Handler                            0x080001b1   Thumb Code     8  startup_gd32f10x_md.o(.text)
    ADC0_1_IRQHandler                        0x080001cb   Thumb Code     0  startup_gd32f10x_md.o(.text)
    CAN0_EWMC_IRQHandler                     0x080001cb   Thumb Code     0  startup_gd32f10x_md.o(.text)
    CAN0_RX1_IRQHandler                      0x080001cb   Thumb Code     0  startup_gd32f10x_md.o(.text)
    DMA0_Channel0_IRQHandler                 0x080001cb   Thumb Code     0  startup_gd32f10x_md.o(.text)
    DMA0_Channel1_IRQHandler                 0x080001cb   Thumb Code     0  startup_gd32f10x_md.o(.text)
    DMA0_Channel2_IRQHandler                 0x080001cb   Thumb Code     0  startup_gd32f10x_md.o(.text)
    DMA0_Channel3_IRQHandler                 0x080001cb   Thumb Code     0  startup_gd32f10x_md.o(.text)
    DMA0_Channel4_IRQHandler                 0x080001cb   Thumb Code     0  startup_gd32f10x_md.o(.text)
    DMA0_Channel5_IRQHandler                 0x080001cb   Thumb Code     0  startup_gd32f10x_md.o(.text)
    EXMC_IRQHandler                          0x080001cb   Thumb Code     0  startup_gd32f10x_md.o(.text)
    EXTI0_IRQHandler                         0x080001cb   Thumb Code     0  startup_gd32f10x_md.o(.text)
    EXTI10_15_IRQHandler                     0x080001cb   Thumb Code     0  startup_gd32f10x_md.o(.text)
    EXTI1_IRQHandler                         0x080001cb   Thumb Code     0  startup_gd32f10x_md.o(.text)
    EXTI2_IRQHandler                         0x080001cb   Thumb Code     0  startup_gd32f10x_md.o(.text)
    EXTI3_IRQHandler                         0x080001cb   Thumb Code     0  startup_gd32f10x_md.o(.text)
    EXTI4_IRQHandler                         0x080001cb   Thumb Code     0  startup_gd32f10x_md.o(.text)
    EXTI5_9_IRQHandler                       0x080001cb   Thumb Code     0  startup_gd32f10x_md.o(.text)
    FMC_IRQHandler                           0x080001cb   Thumb Code     0  startup_gd32f10x_md.o(.text)
    I2C0_ER_IRQHandler                       0x080001cb   Thumb Code     0  startup_gd32f10x_md.o(.text)
    I2C0_EV_IRQHandler                       0x080001cb   Thumb Code     0  startup_gd32f10x_md.o(.text)
    I2C1_ER_IRQHandler                       0x080001cb   Thumb Code     0  startup_gd32f10x_md.o(.text)
    I2C1_EV_IRQHandler                       0x080001cb   Thumb Code     0  startup_gd32f10x_md.o(.text)
    LVD_IRQHandler                           0x080001cb   Thumb Code     0  startup_gd32f10x_md.o(.text)
    RCU_IRQHandler                           0x080001cb   Thumb Code     0  startup_gd32f10x_md.o(.text)
    RTC_Alarm_IRQHandler                     0x080001cb   Thumb Code     0  startup_gd32f10x_md.o(.text)
    RTC_IRQHandler                           0x080001cb   Thumb Code     0  startup_gd32f10x_md.o(.text)
    SPI0_IRQHandler                          0x080001cb   Thumb Code     0  startup_gd32f10x_md.o(.text)
    SPI1_IRQHandler                          0x080001cb   Thumb Code     0  startup_gd32f10x_md.o(.text)
    TAMPER_IRQHandler                        0x080001cb   Thumb Code     0  startup_gd32f10x_md.o(.text)
    TIMER0_BRK_IRQHandler                    0x080001cb   Thumb Code     0  startup_gd32f10x_md.o(.text)
    TIMER0_Channel_IRQHandler                0x080001cb   Thumb Code     0  startup_gd32f10x_md.o(.text)
    TIMER0_TRG_CMT_IRQHandler                0x080001cb   Thumb Code     0  startup_gd32f10x_md.o(.text)
    TIMER0_UP_IRQHandler                     0x080001cb   Thumb Code     0  startup_gd32f10x_md.o(.text)
    TIMER1_IRQHandler                        0x080001cb   Thumb Code     0  startup_gd32f10x_md.o(.text)
    TIMER2_IRQHandler                        0x080001cb   Thumb Code     0  startup_gd32f10x_md.o(.text)
    TIMER3_IRQHandler                        0x080001cb   Thumb Code     0  startup_gd32f10x_md.o(.text)
    USART2_IRQHandler                        0x080001cb   Thumb Code     0  startup_gd32f10x_md.o(.text)
    USBD_HP_CAN0_TX_IRQHandler               0x080001cb   Thumb Code     0  startup_gd32f10x_md.o(.text)
    USBD_LP_CAN0_RX0_IRQHandler              0x080001cb   Thumb Code     0  startup_gd32f10x_md.o(.text)
    USBD_WKUP_IRQHandler                     0x080001cb   Thumb Code     0  startup_gd32f10x_md.o(.text)
    WWDGT_IRQHandler                         0x080001cb   Thumb Code     0  startup_gd32f10x_md.o(.text)
    __aeabi_memcpy                           0x080001d5   Thumb Code    36  memcpya.o(.text)
    __aeabi_memcpy4                          0x080001d5   Thumb Code     0  memcpya.o(.text)
    __aeabi_memcpy8                          0x080001d5   Thumb Code     0  memcpya.o(.text)
    __aeabi_memset                           0x080001f9   Thumb Code    14  memseta.o(.text)
    __aeabi_memset4                          0x080001f9   Thumb Code     0  memseta.o(.text)
    __aeabi_memset8                          0x080001f9   Thumb Code     0  memseta.o(.text)
    __aeabi_memclr                           0x08000207   Thumb Code     4  memseta.o(.text)
    __aeabi_memclr4                          0x08000207   Thumb Code     0  memseta.o(.text)
    __aeabi_memclr8                          0x08000207   Thumb Code     0  memseta.o(.text)
    _memset$wrapper                          0x0800020b   Thumb Code    18  memseta.o(.text)
    strstr                                   0x0800021d   Thumb Code    36  strstr.o(.text)
    strchr                                   0x08000241   Thumb Code    20  strchr.o(.text)
    strncmp                                  0x08000255   Thumb Code    30  strncmp.o(.text)
    atoi                                     0x08000273   Thumb Code    26  atoi.o(.text)
    __aeabi_uidiv                            0x0800028d   Thumb Code     0  uidiv.o(.text)
    __aeabi_uidivmod                         0x0800028d   Thumb Code    44  uidiv.o(.text)
    strtol                                   0x080002b9   Thumb Code   112  strtol.o(.text)
    __scatterload                            0x08000329   Thumb Code    28  init.o(.text)
    __scatterload_rt2                        0x08000329   Thumb Code     0  init.o(.text)
    __rt_ctype_table                         0x0800034d   Thumb Code     4  ctype_o.o(.text)
    _strtoul                                 0x08000355   Thumb Code   158  _strtoul.o(.text)
    _chval                                   0x080003f3   Thumb Code    28  _chval.o(.text)
    __decompress                             0x0800040f   Thumb Code     0  __dczerorl2.o(.text)
    __decompress1                            0x0800040f   Thumb Code    86  __dczerorl2.o(.text)
    BSP_Dir_Light_Init                       0x08000465   Thumb Code    82  gd32f10x_eval.o(i.BSP_Dir_Light_Init)
    BSP_Light_Control                        0x080004c9   Thumb Code   142  gd32f10x_eval.o(i.BSP_Light_Control)
    BSP_Light_Get                            0x08000565   Thumb Code   112  gd32f10x_eval.o(i.BSP_Light_Get)
    BusFault_Handler                         0x080005dd   Thumb Code     4  gd32f10x_it.o(i.BusFault_Handler)
    CRC_Calc                                 0x080005e1   Thumb Code    28  lora_module.o(i.CRC_Calc)
    DMA0_Channel6_IRQHandler                 0x080005fd   Thumb Code    32  uart.o(i.DMA0_Channel6_IRQHandler)
    Data_Upload_Func                         0x08000621   Thumb Code    90  msg_handler.o(i.Data_Upload_Func)
    DebugMon_Handler                         0x08000691   Thumb Code     2  gd32f10x_it.o(i.DebugMon_Handler)
    Device_ID_Get                            0x08000695   Thumb Code    78  lora_module.o(i.Device_ID_Get)
    Dir_Func                                 0x080006ed   Thumb Code   924  direct.o(i.Dir_Func)
    Direct_GPIO_Init                         0x08000a9d   Thumb Code     8  direct.o(i.Direct_GPIO_Init)
    Direct_Init                              0x08000aa5   Thumb Code    50  direct.o(i.Direct_Init)
    Direct_Light_Control                     0x08000ae1   Thumb Code    14  direct.o(i.Direct_Light_Control)
    Direct_Light_Get                         0x08000aef   Thumb Code    14  direct.o(i.Direct_Light_Get)
    Ext_MSG_Init                             0x08000b11   Thumb Code   128  lora_module.o(i.Ext_MSG_Init)
    FSM_EventHandle                          0x08000b95   Thumb Code    34  fsm.o(i.FSM_EventHandle)
    FSM_Regist                               0x08000bb7   Thumb Code     4  fsm.o(i.FSM_Regist)
    FSM_StateTransfer                        0x08000bbb   Thumb Code     4  fsm.o(i.FSM_StateTransfer)
    FindTrans                                0x08000bbf   Thumb Code    56  fsm.o(i.FindTrans)
    HardFault_Handler                        0x08000bf7   Thumb Code     4  gd32f10x_it.o(i.HardFault_Handler)
    IWDGT_Feed                               0x08000bfb   Thumb Code     8  main.o(i.IWDGT_Feed)
    IWDGT_Init                               0x08000c03   Thumb Code    40  main.o(i.IWDGT_Init)
    Idle_Func                                0x08000c2b   Thumb Code     2  msg_handler.o(i.Idle_Func)
    LOAR_ExMSG_Handler                       0x08000c2d   Thumb Code   220  lora_module.o(i.LOAR_ExMSG_Handler)
    LORA_Hardware_Reset                      0x08000d11   Thumb Code    22  lora_module.o(i.LORA_Hardware_Reset)
    LORA_InMSG_Handler                       0x08000d29   Thumb Code   300  lora_module.o(i.LORA_InMSG_Handler)
    LORA_Init                                0x08000e5d   Thumb Code   122  lora_module.o(i.LORA_Init)
    LORA_Module_GPIO_Init                    0x08000ee9   Thumb Code    36  gd32f10x_eval.o(i.LORA_Module_GPIO_Init)
    LORA_Module_Reset_Control                0x08000f11   Thumb Code    24  gd32f10x_eval.o(i.LORA_Module_Reset_Control)
    LORA_Param_Set                           0x08000f2d   Thumb Code   488  lora_module.o(i.LORA_Param_Set)
    LORA_Setup_Parameter_Access              0x08001185   Thumb Code    36  lora_module.o(i.LORA_Setup_Parameter_Access)
    LORA_TR_Func                             0x080011b9   Thumb Code   138  lora_module.o(i.LORA_TR_Func)
    LORA_send_data                           0x08001261   Thumb Code    22  lora_module.o(i.LORA_send_data)
    LRC_Value_Calc                           0x0800127d   Thumb Code    36  slave.o(i.LRC_Value_Calc)
    LoRA_Channel_Set                         0x080012a1   Thumb Code   154  lora_module.o(i.LoRA_Channel_Set)
    LoRA_Enter_Command_Mode                  0x08001351   Thumb Code   158  lora_module.o(i.LoRA_Enter_Command_Mode)
    LoRA_Query_Channel                       0x08001401   Thumb Code    68  lora_module.o(i.LoRA_Query_Channel)
    LoRA_Query_Speed_Grade                   0x0800145d   Thumb Code    68  lora_module.o(i.LoRA_Query_Speed_Grade)
    LoRA_Restart_Mode                        0x080014b9   Thumb Code    66  lora_module.o(i.LoRA_Restart_Mode)
    LoRA_SPD_CH_Query                        0x08001519   Thumb Code    34  lora_module.o(i.LoRA_SPD_CH_Query)
    LoRA_SPD_CH_Set                          0x0800153b   Thumb Code    46  lora_module.o(i.LoRA_SPD_CH_Set)
    LoRA_Speed_Grade_Set                     0x08001569   Thumb Code   154  lora_module.o(i.LoRA_Speed_Grade_Set)
    Log_Func                                 0x08001619   Thumb Code     8  msg_handler.o(i.Log_Func)
    Lora_TxMSG_Produce                       0x08001625   Thumb Code   146  lora_module.o(i.Lora_TxMSG_Produce)
    MSG_FSM_Init                             0x080016bd   Thumb Code    48  msg_handler.o(i.MSG_FSM_Init)
    MSG_FSM_RUN_Func                         0x080016f9   Thumb Code    16  msg_handler.o(i.MSG_FSM_RUN_Func)
    MSG_Handler_Func                         0x08001711   Thumb Code   404  msg_handler.o(i.MSG_Handler_Func)
    MSG_Init_Func                            0x080018bd   Thumb Code    14  msg_handler.o(i.MSG_Init_Func)
    MemManage_Handler                        0x080018d1   Thumb Code     4  gd32f10x_it.o(i.MemManage_Handler)
    MsgLink_Init                             0x080018d5   Thumb Code    20  msg_handler.o(i.MsgLink_Init)
    NMI_Handler                              0x0800190d   Thumb Code     2  gd32f10x_it.o(i.NMI_Handler)
    Position_Parameter_Access                0x08001911   Thumb Code    28  direct.o(i.Position_Parameter_Access)
    Position_Parameter_Set                   0x08001935   Thumb Code    48  direct.o(i.Position_Parameter_Set)
    Retry_Func                               0x0800196d   Thumb Code    86  msg_handler.o(i.Retry_Func)
    SOFT_SPI_RW_MODE1                        0x080019d5   Thumb Code   104  spi.o(i.SOFT_SPI_RW_MODE1)
    SPI_Init                                 0x08001a41   Thumb Code   104  spi.o(i.SPI_Init)
    SPI_ReadWriteByte                        0x08001ab1   Thumb Code    18  spi.o(i.SPI_ReadWriteByte)
    Slave_Init                               0x08001ac3   Thumb Code     8  slave.o(i.Slave_Init)
    Slave_Process                            0x08001acd   Thumb Code   178  slave.o(i.Slave_Process)
    Slave_Register_Read_Continues            0x08001b89   Thumb Code    80  slave.o(i.Slave_Register_Read_Continues)
    Slave_Reset                              0x08001bdd   Thumb Code    46  spi.o(i.Slave_Reset)
    SysTick_Handler                          0x08001c2d   Thumb Code     8  gd32f10x_it.o(i.SysTick_Handler)
    SystemInit                               0x08001c35   Thumb Code   196  system_gd32f10x.o(i.SystemInit)
    Timeout_Clr_Func                         0x08001d09   Thumb Code     8  msg_handler.o(i.Timeout_Clr_Func)
    USART0_IRQHandler                        0x08001d15   Thumb Code   186  uart.o(i.USART0_IRQHandler)
    USART1_IRQHandler                        0x08001ded   Thumb Code   186  uart.o(i.USART1_IRQHandler)
    USART_Data_DMA_Send                      0x08001ec5   Thumb Code   122  uart.o(i.USART_Data_DMA_Send)
    UsageFault_Handler                       0x08001f4d   Thumb Code     4  gd32f10x_it.o(i.UsageFault_Handler)
    __0printf$6                              0x08001f51   Thumb Code    22  printf6.o(i.__0printf$6)
    __1printf$6                              0x08001f51   Thumb Code     0  printf6.o(i.__0printf$6)
    __2printf                                0x08001f51   Thumb Code     0  printf6.o(i.__0printf$6)
    __0sprintf$6                             0x08001f71   Thumb Code    34  printf6.o(i.__0sprintf$6)
    __1sprintf$6                             0x08001f71   Thumb Code     0  printf6.o(i.__0sprintf$6)
    __2sprintf                               0x08001f71   Thumb Code     0  printf6.o(i.__0sprintf$6)
    __aeabi_errno_addr                       0x08001f99   Thumb Code     4  errno.o(i.__aeabi_errno_addr)
    __rt_errno_addr                          0x08001f99   Thumb Code     0  errno.o(i.__aeabi_errno_addr)
    __scatterload_copy                       0x08001fa1   Thumb Code    14  handlers.o(i.__scatterload_copy)
    __scatterload_null                       0x08001faf   Thumb Code     2  handlers.o(i.__scatterload_null)
    __scatterload_zeroinit                   0x08001fb1   Thumb Code    14  handlers.o(i.__scatterload_zeroinit)
    delay_ms                                 0x0800230d   Thumb Code    26  timer.o(i.delay_ms)
    delay_us                                 0x08002329   Thumb Code    50  timer.o(i.delay_us)
    dma_channel_disable                      0x08002361   Thumb Code    50  gd32f10x_dma.o(i.dma_channel_disable)
    dma_channel_enable                       0x08002393   Thumb Code    50  gd32f10x_dma.o(i.dma_channel_enable)
    dma_circulation_disable                  0x080023c5   Thumb Code    50  gd32f10x_dma.o(i.dma_circulation_disable)
    dma_deinit                               0x080023f7   Thumb Code   112  gd32f10x_dma.o(i.dma_deinit)
    dma_flag_clear                           0x08002467   Thumb Code    16  gd32f10x_dma.o(i.dma_flag_clear)
    dma_flag_get                             0x08002477   Thumb Code    24  gd32f10x_dma.o(i.dma_flag_get)
    dma_init                                 0x0800248f   Thumb Code   302  gd32f10x_dma.o(i.dma_init)
    dma_interrupt_enable                     0x080025bd   Thumb Code    50  gd32f10x_dma.o(i.dma_interrupt_enable)
    dma_interrupt_flag_clear                 0x080025ef   Thumb Code    16  gd32f10x_dma.o(i.dma_interrupt_flag_clear)
    dma_interrupt_flag_get                   0x080025ff   Thumb Code   130  gd32f10x_dma.o(i.dma_interrupt_flag_get)
    dma_memory_address_config                0x08002681   Thumb Code    36  gd32f10x_dma.o(i.dma_memory_address_config)
    dma_memory_to_memory_disable             0x080026a5   Thumb Code    50  gd32f10x_dma.o(i.dma_memory_to_memory_disable)
    dma_transfer_number_config               0x080026f1   Thumb Code    38  gd32f10x_dma.o(i.dma_transfer_number_config)
    dma_transfer_number_get                  0x08002717   Thumb Code    34  gd32f10x_dma.o(i.dma_transfer_number_get)
    fmc_bank0_lock                           0x08002739   Thumb Code    14  gd32f10x_fmc.o(i.fmc_bank0_lock)
    fmc_bank0_ready_wait                     0x0800274d   Thumb Code    34  gd32f10x_fmc.o(i.fmc_bank0_ready_wait)
    fmc_bank0_state_get                      0x08002771   Thumb Code    44  gd32f10x_fmc.o(i.fmc_bank0_state_get)
    fmc_bank0_unlock                         0x080027a1   Thumb Code    22  gd32f10x_fmc.o(i.fmc_bank0_unlock)
    fmc_bank1_lock                           0x080027c5   Thumb Code    14  gd32f10x_fmc.o(i.fmc_bank1_lock)
    fmc_bank1_ready_wait                     0x080027d9   Thumb Code    34  gd32f10x_fmc.o(i.fmc_bank1_ready_wait)
    fmc_bank1_state_get                      0x080027fd   Thumb Code    44  gd32f10x_fmc.o(i.fmc_bank1_state_get)
    fmc_bank1_unlock                         0x0800282d   Thumb Code    22  gd32f10x_fmc.o(i.fmc_bank1_unlock)
    fmc_flag_clear                           0x08002851   Thumb Code    28  gd32f10x_fmc.o(i.fmc_flag_clear)
    fmc_page_erase                           0x08002871   Thumb Code   222  gd32f10x_fmc.o(i.fmc_page_erase)
    fmc_word_program                         0x0800295d   Thumb Code   178  gd32f10x_fmc.o(i.fmc_word_program)
    fmc_word_write                           0x08002a1d   Thumb Code   160  gd32f10x_fmc.o(i.fmc_word_write)
    fputc                                    0x08002ac1   Thumb Code    32  main.o(i.fputc)
    free                                     0x08002ae5   Thumb Code    76  malloc.o(i.free)
    fwdgt_config                             0x08002b35   Thumb Code    94  gd32f10x_fwdgt.o(i.fwdgt_config)
    fwdgt_counter_reload                     0x08002b9d   Thumb Code    10  gd32f10x_fwdgt.o(i.fwdgt_counter_reload)
    fwdgt_enable                             0x08002bad   Thumb Code    10  gd32f10x_fwdgt.o(i.fwdgt_enable)
    gd_eval_led_init                         0x08002bbd   Thumb Code    52  gd32f10x_eval.o(i.gd_eval_led_init)
    gd_eval_led_toggle                       0x08002bfd   Thumb Code    46  gd32f10x_eval.o(i.gd_eval_led_toggle)
    gd_rs485_en_control                      0x08002c35   Thumb Code    22  gd32f10x_eval.o(i.gd_rs485_en_control)
    gd_usart_gpio_init                       0x08002c51   Thumb Code    94  gd32f10x_eval.o(i.gd_usart_gpio_init)
    gpio_bit_write                           0x08002cb9   Thumb Code    10  gd32f10x_gpio.o(i.gpio_bit_write)
    gpio_init                                0x08002cc3   Thumb Code   172  gd32f10x_gpio.o(i.gpio_init)
    gpio_input_bit_get                       0x08002d6f   Thumb Code    16  gd32f10x_gpio.o(i.gpio_input_bit_get)
    gpio_output_bit_get                      0x08002d7f   Thumb Code    16  gd32f10x_gpio.o(i.gpio_output_bit_get)
    gpio_pin_remap_config                    0x08002d91   Thumb Code   138  gd32f10x_gpio.o(i.gpio_pin_remap_config)
    main                                     0x08002e21   Thumb Code   114  main.o(i.main)
    malloc                                   0x08002edd   Thumb Code    92  malloc.o(i.malloc)
    nvic_irq_enable                          0x08002f49   Thumb Code   162  gd32f10x_misc.o(i.nvic_irq_enable)
    nvic_priority_group_set                  0x08002ff5   Thumb Code    10  gd32f10x_misc.o(i.nvic_priority_group_set)
    nvic_vector_table_set                    0x08003009   Thumb Code    16  gd32f10x_misc.o(i.nvic_vector_table_set)
    pvPortMalloc                             0x08003415   Thumb Code   198  heap_4.o(i.pvPortMalloc)
    pxPortInitialiseStack                    0x080034f5   Thumb Code    30  port.o(i.pxPortInitialiseStack)
    rcu_clock_freq_get                       0x08003519   Thumb Code   264  gd32f10x_rcu.o(i.rcu_clock_freq_get)
    rcu_flag_get                             0x0800363d   Thumb Code    30  gd32f10x_rcu.o(i.rcu_flag_get)
    rcu_osci_on                              0x08003661   Thumb Code    28  gd32f10x_rcu.o(i.rcu_osci_on)
    rcu_osci_stab_wait                       0x08003681   Thumb Code   218  gd32f10x_rcu.o(i.rcu_osci_stab_wait)
    rcu_periph_clock_enable                  0x08003761   Thumb Code    28  gd32f10x_rcu.o(i.rcu_periph_clock_enable)
    rcu_periph_reset_disable                 0x08003781   Thumb Code    28  gd32f10x_rcu.o(i.rcu_periph_reset_disable)
    rcu_periph_reset_enable                  0x080037a1   Thumb Code    28  gd32f10x_rcu.o(i.rcu_periph_reset_enable)
    timer0_config                            0x08003875   Thumb Code    68  timer.o(i.timer0_config)
    timer_auto_reload_shadow_enable          0x080038bd   Thumb Code    10  gd32f10x_timer.o(i.timer_auto_reload_shadow_enable)
    timer_deinit                             0x080038c9   Thumb Code   210  gd32f10x_timer.o(i.timer_deinit)
    timer_disable                            0x080039a5   Thumb Code    10  gd32f10x_timer.o(i.timer_disable)
    timer_enable                             0x080039af   Thumb Code    10  gd32f10x_timer.o(i.timer_enable)
    timer_flag_clear                         0x080039b9   Thumb Code     6  gd32f10x_timer.o(i.timer_flag_clear)
    timer_flag_get                           0x080039bf   Thumb Code    16  gd32f10x_timer.o(i.timer_flag_get)
    timer_init                               0x080039d1   Thumb Code   170  gd32f10x_timer.o(i.timer_init)
    usart_baudrate_set                       0x08003ab1   Thumb Code   136  gd32f10x_usart.o(i.usart_baudrate_set)
    usart_data_receive                       0x08003b41   Thumb Code    10  gd32f10x_usart.o(i.usart_data_receive)
    usart_data_transmit                      0x08003b4b   Thumb Code     8  gd32f10x_usart.o(i.usart_data_transmit)
    usart_deinit                             0x08003b55   Thumb Code   136  gd32f10x_usart.o(i.usart_deinit)
    usart_dma_receive_config                 0x08003be5   Thumb Code    16  gd32f10x_usart.o(i.usart_dma_receive_config)
    usart_dma_transmit_config                0x08003bf5   Thumb Code    16  gd32f10x_usart.o(i.usart_dma_transmit_config)
    usart_enable                             0x08003c05   Thumb Code    10  gd32f10x_usart.o(i.usart_enable)
    usart_flag_get                           0x08003c0f   Thumb Code    30  gd32f10x_usart.o(i.usart_flag_get)
    usart_init                               0x08003c2d   Thumb Code   584  uart.o(i.usart_init)
    usart_interrupt_enable                   0x08003e89   Thumb Code    26  gd32f10x_usart.o(i.usart_interrupt_enable)
    usart_interrupt_flag_clear               0x08003ea3   Thumb Code    26  gd32f10x_usart.o(i.usart_interrupt_flag_clear)
    usart_interrupt_flag_get                 0x08003ebd   Thumb Code    56  gd32f10x_usart.o(i.usart_interrupt_flag_get)
    usart_receive_config                     0x08003ef5   Thumb Code    16  gd32f10x_usart.o(i.usart_receive_config)
    usart_transmit_config                    0x08003f05   Thumb Code    16  gd32f10x_usart.o(i.usart_transmit_config)
    uxListRemove                             0x08003f15   Thumb Code    40  list.o(i.uxListRemove)
    vListInitialise                          0x08003f3d   Thumb Code    26  list.o(i.vListInitialise)
    vListInitialiseItem                      0x08003f57   Thumb Code     6  list.o(i.vListInitialiseItem)
    vListInsert                              0x08003f5d   Thumb Code    52  list.o(i.vListInsert)
    vListInsertEnd                           0x08003f91   Thumb Code    24  list.o(i.vListInsertEnd)
    vPortEnterCritical                       0x08003fa9   Thumb Code    30  port.o(i.vPortEnterCritical)
    vPortExitCritical                        0x08003fcd   Thumb Code    28  port.o(i.vPortExitCritical)
    vPortFree                                0x08003fed   Thumb Code    74  heap_4.o(i.vPortFree)
    vPortSetupTimerInterrupt                 0x08004045   Thumb Code    20  port.o(i.vPortSetupTimerInterrupt)
    vTaskDelay                               0x0800405d   Thumb Code    46  tasks.o(i.vTaskDelay)
    vTaskStartScheduler                      0x08004091   Thumb Code    72  tasks.o(i.vTaskStartScheduler)
    vTaskSuspendAll                          0x080040f5   Thumb Code    12  tasks.o(i.vTaskSuspendAll)
    vTaskSwitchContext                       0x08004105   Thumb Code    76  tasks.o(i.vTaskSwitchContext)
    xPortStartScheduler                      0x08004165   Thumb Code    42  port.o(i.xPortStartScheduler)
    xPortSysTickHandler                      0x08004199   Thumb Code    46  port.o(i.xPortSysTickHandler)
    xTaskCreate                              0x080041cd   Thumb Code    96  tasks.o(i.xTaskCreate)
    xTaskIncrementTick                       0x0800422d   Thumb Code   238  tasks.o(i.xTaskIncrementTick)
    xTaskResumeAll                           0x08004349   Thumb Code   196  tasks.o(i.xTaskResumeAll)
    __ctype_table                            0x08004430   Data         129  ctype_o.o(.constdata)
    Region$$Table$$Base                      0x080044b8   Number         0  anon$$obj.o(Region$$Table)
    Region$$Table$$Limit                     0x080044d8   Number         0  anon$$obj.o(Region$$Table)
    pxCurrentTCB                             0x20000000   Data           4  tasks.o(.data)
    Dev_Position                             0x200000de   Data           4  direct.o(.data)
    unique_id                                0x200000e4   Data           8  lora_module.o(.data)
    LORA_Speed_Grade_default                 0x200000ec   Data           1  lora_module.o(.data)
    LORA_Channel_default                     0x200000ed   Data           1  lora_module.o(.data)
    Ext_Msg_Struct                           0x200000f0   Data           4  lora_module.o(.data)
    Lora_TxMSG_Head                          0x200000f4   Data           4  lora_module.o(.data)
    Lora_Param_Struct                        0x200000f8   Data           4  lora_module.o(.data)
    Msg_Head                                 0x20000100   Data           4  msg_handler.o(.data)
    Int_Msg_Head                             0x20000104   Data           4  msg_handler.o(.data)
    States_Msg_Head                          0x20000108   Data           4  msg_handler.o(.data)
    Lora_InMsg_Head                          0x2000010c   Data           4  msg_handler.o(.data)
    InMsg_Lora_Head                          0x20000110   Data           4  msg_handler.o(.data)
    IAP_Msg_Head                             0x20000114   Data           4  msg_handler.o(.data)
    MSG_FSM                                  0x20000118   Data           4  msg_handler.o(.data)
    LORA_Rec_Msg_Head                        0x20000158   Data           4  uart.o(.data)
    USART0_RX_NUM                            0x2000015c   Data           4  uart.o(.data)
    USART1_RX_NUM                            0x20000160   Data           4  uart.o(.data)
    Lora_Queue_Front                         0x20000164   Data           1  uart.o(.data)
    Lora_Queue_Rear                          0x20000165   Data           1  uart.o(.data)
    __stdout                                 0x20000168   Data           4  stdout.o(.data)
    __microlib_freelist                      0x2000016c   Data           4  mvars.o(.data)
    __microlib_freelist_initialised          0x20000170   Data           4  mvars.o(.data)
    Dev_Status_Struct                        0x20001240   Data          12  msg_handler.o(.bss)
    pre_data                                 0x2000124c   Data          24  msg_handler.o(.bss)
    usart0_dma_buffer                        0x20001264   Data         255  uart.o(.bss)
    rx0_data_buff                            0x20001363   Data         255  uart.o(.bss)
    usart1_dma_buffer                        0x20001462   Data         255  uart.o(.bss)
    rx1_data_buff                            0x20001561   Data         255  uart.o(.bss)
    __heap_base                              0x20001660   Data           0  startup_gd32f10x_md.o(HEAP)
    __heap_limit                             0x20001860   Data           0  startup_gd32f10x_md.o(HEAP)
    __initial_sp                             0x20001c60   Data           0  startup_gd32f10x_md.o(STACK)



==============================================================================

Memory Map of the image

  Image Entry point : 0x08000105

  Load Region LR_IROM1 (Base: 0x08000000, Size: 0x00004650, Max: 0x00010000, ABSOLUTE, COMPRESSED[0x00004550])

    Execution Region ER_IROM1 (Exec base: 0x08000000, Load base: 0x08000000, Size: 0x000044d8, Max: 0x00010000, ABSOLUTE)

    Exec Addr    Load Addr    Size         Type   Attr      Idx    E Section Name        Object

    0x08000000   0x08000000   0x00000104   Data   RO         3905    RESET               startup_gd32f10x_md.o
    0x08000104   0x08000104   0x00000000   Code   RO         5603  * .ARM.Collect$$$$00000000  mc_w.l(entry.o)
    0x08000104   0x08000104   0x00000004   Code   RO         5909    .ARM.Collect$$$$00000001  mc_w.l(entry2.o)
    0x08000108   0x08000108   0x00000004   Code   RO         5912    .ARM.Collect$$$$00000004  mc_w.l(entry5.o)
    0x0800010c   0x0800010c   0x00000000   Code   RO         5914    .ARM.Collect$$$$00000008  mc_w.l(entry7b.o)
    0x0800010c   0x0800010c   0x00000000   Code   RO         5916    .ARM.Collect$$$$0000000A  mc_w.l(entry8b.o)
    0x0800010c   0x0800010c   0x00000008   Code   RO         5917    .ARM.Collect$$$$0000000B  mc_w.l(entry9a.o)
    0x08000114   0x08000114   0x00000000   Code   RO         5919    .ARM.Collect$$$$0000000D  mc_w.l(entry10a.o)
    0x08000114   0x08000114   0x00000000   Code   RO         5921    .ARM.Collect$$$$0000000F  mc_w.l(entry11a.o)
    0x08000114   0x08000114   0x00000004   Code   RO         5910    .ARM.Collect$$$$00002712  mc_w.l(entry2.o)
    0x08000118   0x08000118   0x00000096   Code   RO         4633    .emb_text           port.o
    0x080001ae   0x080001ae   0x00000002   PAD
    0x080001b0   0x080001b0   0x00000024   Code   RO         3906    .text               startup_gd32f10x_md.o
    0x080001d4   0x080001d4   0x00000024   Code   RO         5606    .text               mc_w.l(memcpya.o)
    0x080001f8   0x080001f8   0x00000024   Code   RO         5608    .text               mc_w.l(memseta.o)
    0x0800021c   0x0800021c   0x00000024   Code   RO         5610    .text               mc_w.l(strstr.o)
    0x08000240   0x08000240   0x00000014   Code   RO         5612    .text               mc_w.l(strchr.o)
    0x08000254   0x08000254   0x0000001e   Code   RO         5614    .text               mc_w.l(strncmp.o)
    0x08000272   0x08000272   0x0000001a   Code   RO         5907    .text               mc_w.l(atoi.o)
    0x0800028c   0x0800028c   0x0000002c   Code   RO         5924    .text               mc_w.l(uidiv.o)
    0x080002b8   0x080002b8   0x00000070   Code   RO         5937    .text               mc_w.l(strtol.o)
    0x08000328   0x08000328   0x00000024   Code   RO         5950    .text               mc_w.l(init.o)
    0x0800034c   0x0800034c   0x00000008   Code   RO         5958    .text               mc_w.l(ctype_o.o)
    0x08000354   0x08000354   0x0000009e   Code   RO         5986    .text               mc_w.l(_strtoul.o)
    0x080003f2   0x080003f2   0x0000001c   Code   RO         5990    .text               mc_w.l(_chval.o)
    0x0800040e   0x0800040e   0x00000056   Code   RO         6000    .text               mc_w.l(__dczerorl2.o)
    0x08000464   0x08000464   0x00000064   Code   RO         4762    i.BSP_Dir_Light_Init  gd32f10x_eval.o
    0x080004c8   0x080004c8   0x0000009c   Code   RO         4763    i.BSP_Light_Control  gd32f10x_eval.o
    0x08000564   0x08000564   0x00000078   Code   RO         4764    i.BSP_Light_Get     gd32f10x_eval.o
    0x080005dc   0x080005dc   0x00000004   Code   RO            3    i.BusFault_Handler  gd32f10x_it.o
    0x080005e0   0x080005e0   0x0000001c   Code   RO         5032    i.CRC_Calc          lora_module.o
    0x080005fc   0x080005fc   0x00000024   Code   RO         5487    i.DMA0_Channel6_IRQHandler  uart.o
    0x08000620   0x08000620   0x00000070   Code   RO         5313    i.Data_Upload_Func  msg_handler.o
    0x08000690   0x08000690   0x00000002   Code   RO            4    i.DebugMon_Handler  gd32f10x_it.o
    0x08000692   0x08000692   0x00000002   PAD
    0x08000694   0x08000694   0x00000058   Code   RO         5033    i.Device_ID_Get     lora_module.o
    0x080006ec   0x080006ec   0x000003b0   Code   RO         4873    i.Dir_Func          direct.o
    0x08000a9c   0x08000a9c   0x00000008   Code   RO         4874    i.Direct_GPIO_Init  direct.o
    0x08000aa4   0x08000aa4   0x0000003c   Code   RO         4875    i.Direct_Init       direct.o
    0x08000ae0   0x08000ae0   0x0000000e   Code   RO         4876    i.Direct_Light_Control  direct.o
    0x08000aee   0x08000aee   0x0000000e   Code   RO         4877    i.Direct_Light_Get  direct.o
    0x08000afc   0x08000afc   0x00000014   Code   RO          166    i.Direct_task       main.o
    0x08000b10   0x08000b10   0x00000084   Code   RO         5034    i.Ext_MSG_Init      lora_module.o
    0x08000b94   0x08000b94   0x00000022   Code   RO         4936    i.FSM_EventHandle   fsm.o
    0x08000bb6   0x08000bb6   0x00000004   Code   RO         4937    i.FSM_Regist        fsm.o
    0x08000bba   0x08000bba   0x00000004   Code   RO         4938    i.FSM_StateTransfer  fsm.o
    0x08000bbe   0x08000bbe   0x00000038   Code   RO         4939    i.FindTrans         fsm.o
    0x08000bf6   0x08000bf6   0x00000004   Code   RO            5    i.HardFault_Handler  gd32f10x_it.o
    0x08000bfa   0x08000bfa   0x00000008   Code   RO          168    i.IWDGT_Feed        main.o
    0x08000c02   0x08000c02   0x00000028   Code   RO          169    i.IWDGT_Init        main.o
    0x08000c2a   0x08000c2a   0x00000002   Code   RO         5314    i.Idle_Func         msg_handler.o
    0x08000c2c   0x08000c2c   0x000000e4   Code   RO         5035    i.LOAR_ExMSG_Handler  lora_module.o
    0x08000d10   0x08000d10   0x00000016   Code   RO         5037    i.LORA_Hardware_Reset  lora_module.o
    0x08000d26   0x08000d26   0x00000002   PAD
    0x08000d28   0x08000d28   0x00000134   Code   RO         5038    i.LORA_InMSG_Handler  lora_module.o
    0x08000e5c   0x08000e5c   0x0000008c   Code   RO         5039    i.LORA_Init         lora_module.o
    0x08000ee8   0x08000ee8   0x00000028   Code   RO         4765    i.LORA_Module_GPIO_Init  gd32f10x_eval.o
    0x08000f10   0x08000f10   0x0000001c   Code   RO         4766    i.LORA_Module_Reset_Control  gd32f10x_eval.o
    0x08000f2c   0x08000f2c   0x00000258   Code   RO         5040    i.LORA_Param_Set    lora_module.o
    0x08001184   0x08001184   0x00000034   Code   RO         5041    i.LORA_Setup_Parameter_Access  lora_module.o
    0x080011b8   0x080011b8   0x00000098   Code   RO         5042    i.LORA_TR_Func      lora_module.o
    0x08001250   0x08001250   0x00000010   Code   RO          170    i.LORA_TR_task      main.o
    0x08001260   0x08001260   0x0000001c   Code   RO         5043    i.LORA_send_data    lora_module.o
    0x0800127c   0x0800127c   0x00000024   Code   RO         5192    i.LRC_Value_Calc    slave.o
    0x080012a0   0x080012a0   0x000000b0   Code   RO         5044    i.LoRA_Channel_Set  lora_module.o
    0x08001350   0x08001350   0x000000b0   Code   RO         5045    i.LoRA_Enter_Command_Mode  lora_module.o
    0x08001400   0x08001400   0x0000005c   Code   RO         5046    i.LoRA_Query_Channel  lora_module.o
    0x0800145c   0x0800145c   0x0000005c   Code   RO         5047    i.LoRA_Query_Speed_Grade  lora_module.o
    0x080014b8   0x080014b8   0x00000060   Code   RO         5048    i.LoRA_Restart_Mode  lora_module.o
    0x08001518   0x08001518   0x00000022   Code   RO         5049    i.LoRA_SPD_CH_Query  lora_module.o
    0x0800153a   0x0800153a   0x0000002e   Code   RO         5050    i.LoRA_SPD_CH_Set   lora_module.o
    0x08001568   0x08001568   0x000000b0   Code   RO         5051    i.LoRA_Speed_Grade_Set  lora_module.o
    0x08001618   0x08001618   0x0000000c   Code   RO         5315    i.Log_Func          msg_handler.o
    0x08001624   0x08001624   0x00000098   Code   RO         5052    i.Lora_TxMSG_Produce  lora_module.o
    0x080016bc   0x080016bc   0x0000003c   Code   RO         5316    i.MSG_FSM_Init      msg_handler.o
    0x080016f8   0x080016f8   0x00000018   Code   RO         5317    i.MSG_FSM_RUN_Func  msg_handler.o
    0x08001710   0x08001710   0x000001ac   Code   RO         5318    i.MSG_Handler_Func  msg_handler.o
    0x080018bc   0x080018bc   0x00000014   Code   RO         5319    i.MSG_Init_Func     msg_handler.o
    0x080018d0   0x080018d0   0x00000004   Code   RO            6    i.MemManage_Handler  gd32f10x_it.o
    0x080018d4   0x080018d4   0x00000018   Code   RO         5320    i.MsgLink_Init      msg_handler.o
    0x080018ec   0x080018ec   0x00000020   Code   RO          171    i.Msg_Disp_task     main.o
    0x0800190c   0x0800190c   0x00000002   Code   RO            7    i.NMI_Handler       gd32f10x_it.o
    0x0800190e   0x0800190e   0x00000002   PAD
    0x08001910   0x08001910   0x00000024   Code   RO         4879    i.Position_Parameter_Access  direct.o
    0x08001934   0x08001934   0x00000038   Code   RO         4880    i.Position_Parameter_Set  direct.o
    0x0800196c   0x0800196c   0x00000068   Code   RO         5324    i.Retry_Func        msg_handler.o
    0x080019d4   0x080019d4   0x0000006c   Code   RO         5257    i.SOFT_SPI_RW_MODE1  spi.o
    0x08001a40   0x08001a40   0x00000070   Code   RO         5260    i.SPI_Init          spi.o
    0x08001ab0   0x08001ab0   0x00000012   Code   RO         5261    i.SPI_ReadWriteByte  spi.o
    0x08001ac2   0x08001ac2   0x00000008   Code   RO         5194    i.Slave_Init        slave.o
    0x08001aca   0x08001aca   0x00000002   PAD
    0x08001acc   0x08001acc   0x000000bc   Code   RO         5195    i.Slave_Process     slave.o
    0x08001b88   0x08001b88   0x00000054   Code   RO         5196    i.Slave_Register_Read_Continues  slave.o
    0x08001bdc   0x08001bdc   0x00000034   Code   RO         5262    i.Slave_Reset       spi.o
    0x08001c10   0x08001c10   0x0000001c   Code   RO          172    i.Slave_task        main.o
    0x08001c2c   0x08001c2c   0x00000008   Code   RO            8    i.SysTick_Handler   gd32f10x_it.o
    0x08001c34   0x08001c34   0x000000d4   Code   RO          332    i.SystemInit        system_gd32f10x.o
    0x08001d08   0x08001d08   0x0000000c   Code   RO         5325    i.Timeout_Clr_Func  msg_handler.o
    0x08001d14   0x08001d14   0x000000d8   Code   RO         5488    i.USART0_IRQHandler  uart.o
    0x08001dec   0x08001dec   0x000000d8   Code   RO         5489    i.USART1_IRQHandler  uart.o
    0x08001ec4   0x08001ec4   0x00000088   Code   RO         5490    i.USART_Data_DMA_Send  uart.o
    0x08001f4c   0x08001f4c   0x00000004   Code   RO            9    i.UsageFault_Handler  gd32f10x_it.o
    0x08001f50   0x08001f50   0x00000020   Code   RO         5773    i.__0printf$6       mc_w.l(printf6.o)
    0x08001f70   0x08001f70   0x00000028   Code   RO         5775    i.__0sprintf$6      mc_w.l(printf6.o)
    0x08001f98   0x08001f98   0x00000008   Code   RO         5930    i.__aeabi_errno_addr  mc_w.l(errno.o)
    0x08001fa0   0x08001fa0   0x0000000e   Code   RO         5994    i.__scatterload_copy  mc_w.l(handlers.o)
    0x08001fae   0x08001fae   0x00000002   Code   RO         5995    i.__scatterload_null  mc_w.l(handlers.o)
    0x08001fb0   0x08001fb0   0x0000000e   Code   RO         5996    i.__scatterload_zeroinit  mc_w.l(handlers.o)
    0x08001fbe   0x08001fbe   0x00000002   PAD
    0x08001fc0   0x08001fc0   0x000002f0   Code   RO         5780    i._printf_core      mc_w.l(printf6.o)
    0x080022b0   0x080022b0   0x00000024   Code   RO         5781    i._printf_post_padding  mc_w.l(printf6.o)
    0x080022d4   0x080022d4   0x0000002e   Code   RO         5782    i._printf_pre_padding  mc_w.l(printf6.o)
    0x08002302   0x08002302   0x0000000a   Code   RO         5784    i._sputc            mc_w.l(printf6.o)
    0x0800230c   0x0800230c   0x0000001a   Code   RO         5547    i.delay_ms          timer.o
    0x08002326   0x08002326   0x00000002   PAD
    0x08002328   0x08002328   0x00000038   Code   RO         5548    i.delay_us          timer.o
    0x08002360   0x08002360   0x00000032   Code   RO         1165    i.dma_channel_disable  gd32f10x_dma.o
    0x08002392   0x08002392   0x00000032   Code   RO         1166    i.dma_channel_enable  gd32f10x_dma.o
    0x080023c4   0x080023c4   0x00000032   Code   RO         1167    i.dma_circulation_disable  gd32f10x_dma.o
    0x080023f6   0x080023f6   0x00000070   Code   RO         1169    i.dma_deinit        gd32f10x_dma.o
    0x08002466   0x08002466   0x00000010   Code   RO         1170    i.dma_flag_clear    gd32f10x_dma.o
    0x08002476   0x08002476   0x00000018   Code   RO         1171    i.dma_flag_get      gd32f10x_dma.o
    0x0800248e   0x0800248e   0x0000012e   Code   RO         1172    i.dma_init          gd32f10x_dma.o
    0x080025bc   0x080025bc   0x00000032   Code   RO         1174    i.dma_interrupt_enable  gd32f10x_dma.o
    0x080025ee   0x080025ee   0x00000010   Code   RO         1175    i.dma_interrupt_flag_clear  gd32f10x_dma.o
    0x080025fe   0x080025fe   0x00000082   Code   RO         1176    i.dma_interrupt_flag_get  gd32f10x_dma.o
    0x08002680   0x08002680   0x00000024   Code   RO         1177    i.dma_memory_address_config  gd32f10x_dma.o
    0x080026a4   0x080026a4   0x00000032   Code   RO         1180    i.dma_memory_to_memory_disable  gd32f10x_dma.o
    0x080026d6   0x080026d6   0x00000002   PAD
    0x080026d8   0x080026d8   0x00000018   Code   RO         1184    i.dma_periph_and_channel_check  gd32f10x_dma.o
    0x080026f0   0x080026f0   0x00000026   Code   RO         1191    i.dma_transfer_number_config  gd32f10x_dma.o
    0x08002716   0x08002716   0x00000022   Code   RO         1192    i.dma_transfer_number_get  gd32f10x_dma.o
    0x08002738   0x08002738   0x00000014   Code   RO         1599    i.fmc_bank0_lock    gd32f10x_fmc.o
    0x0800274c   0x0800274c   0x00000022   Code   RO         1600    i.fmc_bank0_ready_wait  gd32f10x_fmc.o
    0x0800276e   0x0800276e   0x00000002   PAD
    0x08002770   0x08002770   0x00000030   Code   RO         1601    i.fmc_bank0_state_get  gd32f10x_fmc.o
    0x080027a0   0x080027a0   0x00000024   Code   RO         1602    i.fmc_bank0_unlock  gd32f10x_fmc.o
    0x080027c4   0x080027c4   0x00000014   Code   RO         1604    i.fmc_bank1_lock    gd32f10x_fmc.o
    0x080027d8   0x080027d8   0x00000022   Code   RO         1605    i.fmc_bank1_ready_wait  gd32f10x_fmc.o
    0x080027fa   0x080027fa   0x00000002   PAD
    0x080027fc   0x080027fc   0x00000030   Code   RO         1606    i.fmc_bank1_state_get  gd32f10x_fmc.o
    0x0800282c   0x0800282c   0x00000024   Code   RO         1607    i.fmc_bank1_unlock  gd32f10x_fmc.o
    0x08002850   0x08002850   0x00000020   Code   RO         1608    i.fmc_flag_clear    gd32f10x_fmc.o
    0x08002870   0x08002870   0x000000ec   Code   RO         1617    i.fmc_page_erase    gd32f10x_fmc.o
    0x0800295c   0x0800295c   0x000000c0   Code   RO         1619    i.fmc_word_program  gd32f10x_fmc.o
    0x08002a1c   0x08002a1c   0x000000a4   Code   RO         1620    i.fmc_word_write    gd32f10x_fmc.o
    0x08002ac0   0x08002ac0   0x00000024   Code   RO          173    i.fputc             main.o
    0x08002ae4   0x08002ae4   0x00000050   Code   RO         5879    i.free              mc_w.l(malloc.o)
    0x08002b34   0x08002b34   0x00000068   Code   RO         1822    i.fwdgt_config      gd32f10x_fwdgt.o
    0x08002b9c   0x08002b9c   0x00000010   Code   RO         1823    i.fwdgt_counter_reload  gd32f10x_fwdgt.o
    0x08002bac   0x08002bac   0x00000010   Code   RO         1824    i.fwdgt_enable      gd32f10x_fwdgt.o
    0x08002bbc   0x08002bbc   0x00000040   Code   RO         4770    i.gd_eval_led_init  gd32f10x_eval.o
    0x08002bfc   0x08002bfc   0x00000038   Code   RO         4773    i.gd_eval_led_toggle  gd32f10x_eval.o
    0x08002c34   0x08002c34   0x0000001c   Code   RO         4774    i.gd_rs485_en_control  gd32f10x_eval.o
    0x08002c50   0x08002c50   0x00000068   Code   RO         4776    i.gd_usart_gpio_init  gd32f10x_eval.o
    0x08002cb8   0x08002cb8   0x0000000a   Code   RO         1875    i.gpio_bit_write    gd32f10x_gpio.o
    0x08002cc2   0x08002cc2   0x000000ac   Code   RO         1881    i.gpio_init         gd32f10x_gpio.o
    0x08002d6e   0x08002d6e   0x00000010   Code   RO         1882    i.gpio_input_bit_get  gd32f10x_gpio.o
    0x08002d7e   0x08002d7e   0x00000010   Code   RO         1884    i.gpio_output_bit_get  gd32f10x_gpio.o
    0x08002d8e   0x08002d8e   0x00000002   PAD
    0x08002d90   0x08002d90   0x00000090   Code   RO         1887    i.gpio_pin_remap_config  gd32f10x_gpio.o
    0x08002e20   0x08002e20   0x000000bc   Code   RO          174    i.main              main.o
    0x08002edc   0x08002edc   0x0000006c   Code   RO         5880    i.malloc            mc_w.l(malloc.o)
    0x08002f48   0x08002f48   0x000000ac   Code   RO         2189    i.nvic_irq_enable   gd32f10x_misc.o
    0x08002ff4   0x08002ff4   0x00000014   Code   RO         2190    i.nvic_priority_group_set  gd32f10x_misc.o
    0x08003008   0x08003008   0x00000018   Code   RO         2191    i.nvic_vector_table_set  gd32f10x_misc.o
    0x08003020   0x08003020   0x00000098   Code   RO         4330    i.prvAddCurrentTaskToDelayedList  tasks.o
    0x080030b8   0x080030b8   0x000000b4   Code   RO         4331    i.prvAddNewTaskToReadyList  tasks.o
    0x0800316c   0x0800316c   0x00000048   Code   RO         4332    i.prvCheckTasksWaitingTermination  tasks.o
    0x080031b4   0x080031b4   0x00000012   Code   RO         4333    i.prvDeleteTCB      tasks.o
    0x080031c6   0x080031c6   0x00000002   PAD
    0x080031c8   0x080031c8   0x0000007c   Code   RO         4704    i.prvHeapInit       heap_4.o
    0x08003244   0x08003244   0x00000028   Code   RO         4334    i.prvIdleTask       tasks.o
    0x0800326c   0x0800326c   0x0000008a   Code   RO         4335    i.prvInitialiseNewTask  tasks.o
    0x080032f6   0x080032f6   0x00000002   PAD
    0x080032f8   0x080032f8   0x00000068   Code   RO         4336    i.prvInitialiseTaskLists  tasks.o
    0x08003360   0x08003360   0x00000068   Code   RO         4705    i.prvInsertBlockIntoFreeList  heap_4.o
    0x080033c8   0x080033c8   0x00000034   Code   RO         4337    i.prvResetNextTaskUnblockTime  tasks.o
    0x080033fc   0x080033fc   0x00000016   Code   RO         4634    i.prvTaskExitError  port.o
    0x08003412   0x08003412   0x00000002   PAD
    0x08003414   0x08003414   0x000000e0   Code   RO         4706    i.pvPortMalloc      heap_4.o
    0x080034f4   0x080034f4   0x00000024   Code   RO         4635    i.pxPortInitialiseStack  port.o
    0x08003518   0x08003518   0x00000124   Code   RO         2339    i.rcu_clock_freq_get  gd32f10x_rcu.o
    0x0800363c   0x0800363c   0x00000024   Code   RO         2342    i.rcu_flag_get      gd32f10x_rcu.o
    0x08003660   0x08003660   0x00000020   Code   RO         2353    i.rcu_osci_on       gd32f10x_rcu.o
    0x08003680   0x08003680   0x000000e0   Code   RO         2354    i.rcu_osci_stab_wait  gd32f10x_rcu.o
    0x08003760   0x08003760   0x00000020   Code   RO         2356    i.rcu_periph_clock_enable  gd32f10x_rcu.o
    0x08003780   0x08003780   0x00000020   Code   RO         2359    i.rcu_periph_reset_disable  gd32f10x_rcu.o
    0x080037a0   0x080037a0   0x00000020   Code   RO         2360    i.rcu_periph_reset_enable  gd32f10x_rcu.o
    0x080037c0   0x080037c0   0x000000ac   Code   RO          333    i.system_clock_108m_irc8m  system_gd32f10x.o
    0x0800386c   0x0800386c   0x00000008   Code   RO          334    i.system_clock_config  system_gd32f10x.o
    0x08003874   0x08003874   0x00000048   Code   RO         5549    i.timer0_config     timer.o
    0x080038bc   0x080038bc   0x0000000a   Code   RO         3150    i.timer_auto_reload_shadow_enable  gd32f10x_timer.o
    0x080038c6   0x080038c6   0x00000002   PAD
    0x080038c8   0x080038c8   0x000000dc   Code   RO         3180    i.timer_deinit      gd32f10x_timer.o
    0x080039a4   0x080039a4   0x0000000a   Code   RO         3181    i.timer_disable     gd32f10x_timer.o
    0x080039ae   0x080039ae   0x0000000a   Code   RO         3185    i.timer_enable      gd32f10x_timer.o
    0x080039b8   0x080039b8   0x00000006   Code   RO         3192    i.timer_flag_clear  gd32f10x_timer.o
    0x080039be   0x080039be   0x00000010   Code   RO         3193    i.timer_flag_get    gd32f10x_timer.o
    0x080039ce   0x080039ce   0x00000002   PAD
    0x080039d0   0x080039d0   0x000000e0   Code   RO         3195    i.timer_init        gd32f10x_timer.o
    0x08003ab0   0x08003ab0   0x00000090   Code   RO         3578    i.usart_baudrate_set  gd32f10x_usart.o
    0x08003b40   0x08003b40   0x0000000a   Code   RO         3579    i.usart_data_receive  gd32f10x_usart.o
    0x08003b4a   0x08003b4a   0x00000008   Code   RO         3580    i.usart_data_transmit  gd32f10x_usart.o
    0x08003b52   0x08003b52   0x00000002   PAD
    0x08003b54   0x08003b54   0x00000090   Code   RO         3581    i.usart_deinit      gd32f10x_usart.o
    0x08003be4   0x08003be4   0x00000010   Code   RO         3583    i.usart_dma_receive_config  gd32f10x_usart.o
    0x08003bf4   0x08003bf4   0x00000010   Code   RO         3584    i.usart_dma_transmit_config  gd32f10x_usart.o
    0x08003c04   0x08003c04   0x0000000a   Code   RO         3585    i.usart_enable      gd32f10x_usart.o
    0x08003c0e   0x08003c0e   0x0000001e   Code   RO         3587    i.usart_flag_get    gd32f10x_usart.o
    0x08003c2c   0x08003c2c   0x0000025c   Code   RO         5492    i.usart_init        uart.o
    0x08003e88   0x08003e88   0x0000001a   Code   RO         3594    i.usart_interrupt_enable  gd32f10x_usart.o
    0x08003ea2   0x08003ea2   0x0000001a   Code   RO         3595    i.usart_interrupt_flag_clear  gd32f10x_usart.o
    0x08003ebc   0x08003ebc   0x00000038   Code   RO         3596    i.usart_interrupt_flag_get  gd32f10x_usart.o
    0x08003ef4   0x08003ef4   0x00000010   Code   RO         3608    i.usart_receive_config  gd32f10x_usart.o
    0x08003f04   0x08003f04   0x00000010   Code   RO         3618    i.usart_transmit_config  gd32f10x_usart.o
    0x08003f14   0x08003f14   0x00000028   Code   RO         4014    i.uxListRemove      list.o
    0x08003f3c   0x08003f3c   0x0000001a   Code   RO         4015    i.vListInitialise   list.o
    0x08003f56   0x08003f56   0x00000006   Code   RO         4016    i.vListInitialiseItem  list.o
    0x08003f5c   0x08003f5c   0x00000034   Code   RO         4017    i.vListInsert       list.o
    0x08003f90   0x08003f90   0x00000018   Code   RO         4018    i.vListInsertEnd    list.o
    0x08003fa8   0x08003fa8   0x00000024   Code   RO         4637    i.vPortEnterCritical  port.o
    0x08003fcc   0x08003fcc   0x00000020   Code   RO         4638    i.vPortExitCritical  port.o
    0x08003fec   0x08003fec   0x00000058   Code   RO         4707    i.vPortFree         heap_4.o
    0x08004044   0x08004044   0x00000018   Code   RO         4639    i.vPortSetupTimerInterrupt  port.o
    0x0800405c   0x0800405c   0x00000034   Code   RO         4345    i.vTaskDelay        tasks.o
    0x08004090   0x08004090   0x00000064   Code   RO         4358    i.vTaskStartScheduler  tasks.o
    0x080040f4   0x080040f4   0x00000010   Code   RO         4360    i.vTaskSuspendAll   tasks.o
    0x08004104   0x08004104   0x00000060   Code   RO         4361    i.vTaskSwitchContext  tasks.o
    0x08004164   0x08004164   0x00000034   Code   RO         4640    i.xPortStartScheduler  port.o
    0x08004198   0x08004198   0x00000034   Code   RO         4641    i.xPortSysTickHandler  port.o
    0x080041cc   0x080041cc   0x00000060   Code   RO         4364    i.xTaskCreate       tasks.o
    0x0800422c   0x0800422c   0x0000011c   Code   RO         4370    i.xTaskIncrementTick  tasks.o
    0x08004348   0x08004348   0x000000e8   Code   RO         4374    i.xTaskResumeAll    tasks.o
    0x08004430   0x08004430   0x00000081   Data   RO         5959    .constdata          mc_w.l(ctype_o.o)
    0x080044b1   0x080044b1   0x00000003   PAD
    0x080044b4   0x080044b4   0x00000004   Data   RO         5960    .constdata          mc_w.l(ctype_o.o)
    0x080044b8   0x080044b8   0x00000020   Data   RO         5992    Region$$Table       anon$$obj.o


    Execution Region RW_IRAM1 (Exec base: 0x20000000, Load base: 0x080044d8, Size: 0x00001c60, Max: 0x00005000, ABSOLUTE, COMPRESSED[0x00000078])

    Exec Addr    Load Addr    Size         Type   Attr      Idx    E Section Name        Object

    0x20000000   COMPRESSED   0x0000003c   Data   RW         4377    .data               tasks.o
    0x2000003c   COMPRESSED   0x00000004   Data   RW         4642    .data               port.o
    0x20000040   COMPRESSED   0x00000020   Data   RW         4713    .data               heap_4.o
    0x20000060   COMPRESSED   0x0000007d   Data   RW         4777    .data               gd32f10x_eval.o
    0x200000dd   COMPRESSED   0x00000001   PAD
    0x200000de   COMPRESSED   0x00000006   Data   RW         4881    .data               direct.o
    0x200000e4   COMPRESSED   0x00000018   Data   RW         5053    .data               lora_module.o
    0x200000fc   COMPRESSED   0x00000001   Data   RW         5200    .data               slave.o
    0x200000fd   COMPRESSED   0x00000003   PAD
    0x20000100   COMPRESSED   0x00000056   Data   RW         5327    .data               msg_handler.o
    0x20000156   COMPRESSED   0x00000002   PAD
    0x20000158   COMPRESSED   0x0000000e   Data   RW         5494    .data               uart.o
    0x20000166   COMPRESSED   0x00000002   PAD
    0x20000168   COMPRESSED   0x00000004   Data   RW         5923    .data               mc_w.l(stdout.o)
    0x2000016c   COMPRESSED   0x00000004   Data   RW         5928    .data               mc_w.l(mvars.o)
    0x20000170   COMPRESSED   0x00000004   Data   RW         5929    .data               mc_w.l(mvars.o)
    0x20000174   COMPRESSED   0x00000004   Data   RW         5933    .data               mc_w.l(errno.o)
    0x20000178        -       0x000000c8   Zero   RW         4376    .bss                tasks.o
    0x20000240        -       0x00001000   Zero   RW         4712    .bss                heap_4.o
    0x20001240        -       0x00000024   Zero   RW         5326    .bss                msg_handler.o
    0x20001264        -       0x000003fc   Zero   RW         5493    .bss                uart.o
    0x20001660        -       0x00000200   Zero   RW         3904    HEAP                startup_gd32f10x_md.o
    0x20001860        -       0x00000400   Zero   RW         3903    STACK               startup_gd32f10x_md.o


==============================================================================

Image component sizes


      Code (inc. data)   RO Data    RW Data    ZI Data      Debug   Object Name

      1132         46          0          6          0       5102   direct.o
        98          0          0          0          0       2639   fsm.o
       982          6          0          0          0       9650   gd32f10x_dma.o
       696         86          0        125          0       6152   gd32f10x_eval.o
       900         84          0          0          0       6956   gd32f10x_fmc.o
       136         22          0          0          0       1629   gd32f10x_fwdgt.o
       358          6          0          0          0       3288   gd32f10x_gpio.o
        28          0          0          0          0      69867   gd32f10x_it.o
       216         28          0          0          0       1768   gd32f10x_misc.o
       680         56          0          0          0       4294   gd32f10x_rcu.o
       496         64          0          0          0       4301   gd32f10x_timer.o
       518         16          0          0          0       7382   gd32f10x_usart.o
       540         74          0         32       4096       4119   heap_4.o
       148          0          0          0          0       3298   list.o
      2818        342          0         24          0      16558   lora_module.o
       368         78          0          0          0      19719   main.o
       798        128          0         86         36       8234   msg_handler.o
       404         48          0          4          0       9244   port.o
       316         14          0          1          0       3226   slave.o
       290         18          0          0          0       2057   spi.o
        36          8        260          0       1536        812   startup_gd32f10x_md.o
       392         28          0          0          0       2425   system_gd32f10x.o
      1632        262          0         60        200      21789   tasks.o
       154         10          0          0          0       1542   timer.o
      1208         98          0         14       1020       6571   uart.o

    ----------------------------------------------------------------------
     15376       1522        292        360       6888     222622   Object Totals
         0          0         32          0          0          0   (incl. Generated)
        32          0          0          8          0          0   (incl. Padding)

    ----------------------------------------------------------------------

      Code (inc. data)   RO Data    RW Data    ZI Data      Debug   Library Member Name

        86          0          0          0          0          0   __dczerorl2.o
        28          0          0          0          0         68   _chval.o
       158          0          0          0          0         92   _strtoul.o
        26          0          0          0          0         80   atoi.o
         8          4        133          0          0         68   ctype_o.o
         0          0          0          0          0          0   entry.o
         0          0          0          0          0          0   entry10a.o
         0          0          0          0          0          0   entry11a.o
         8          4          0          0          0          0   entry2.o
         4          0          0          0          0          0   entry5.o
         0          0          0          0          0          0   entry7b.o
         0          0          0          0          0          0   entry8b.o
         8          4          0          0          0          0   entry9a.o
         8          4          0          4          0         68   errno.o
        30          0          0          0          0          0   handlers.o
        36          8          0          0          0         68   init.o
       188         20          0          0          0        160   malloc.o
        36          0          0          0          0         68   memcpya.o
        36          0          0          0          0        108   memseta.o
         0          0          0          8          0          0   mvars.o
       916         20          0          0          0        504   printf6.o
         0          0          0          4          0          0   stdout.o
        20          0          0          0          0         68   strchr.o
        30          0          0          0          0         80   strncmp.o
        36          0          0          0          0         80   strstr.o
       112          0          0          0          0         88   strtol.o
        44          0          0          0          0         80   uidiv.o

    ----------------------------------------------------------------------
      1820         64        136         16          0       1680   Library Totals
         2          0          3          0          0          0   (incl. Padding)

    ----------------------------------------------------------------------

      Code (inc. data)   RO Data    RW Data    ZI Data      Debug   Library Name

      1818         64        133         16          0       1680   mc_w.l

    ----------------------------------------------------------------------
      1820         64        136         16          0       1680   Library Totals

    ----------------------------------------------------------------------

==============================================================================


      Code (inc. data)   RO Data    RW Data    ZI Data      Debug   

     17196       1586        428        376       6888     214446   Grand Totals
     17196       1586        428        120       6888     214446   ELF Image Totals (compressed)
     17196       1586        428        120          0          0   ROM Totals

==============================================================================

    Total RO  Size (Code + RO Data)                17624 (  17.21kB)
    Total RW  Size (RW Data + ZI Data)              7264 (   7.09kB)
    Total ROM Size (Code + RO Data + RW Data)      17744 (  17.33kB)

==============================================================================

