Component: ARM Compiler 5.06 update 4 (build 422) Tool: armlink [4d35d2]

==============================================================================

Section Cross References

    startup_stm32f103xb.o(RESET) refers to startup_stm32f103xb.o(STACK) for __initial_sp
    startup_stm32f103xb.o(RESET) refers to startup_stm32f103xb.o(.text) for Reset_Handler
    startup_stm32f103xb.o(RESET) refers to stm32f1xx_it.o(i.NMI_Handler) for NMI_Handler
    startup_stm32f103xb.o(RESET) refers to stm32f1xx_it.o(i.HardFault_Handler) for HardFault_Handler
    startup_stm32f103xb.o(RESET) refers to stm32f1xx_it.o(i.MemManage_Handler) for MemManage_Handler
    startup_stm32f103xb.o(RESET) refers to stm32f1xx_it.o(i.BusFault_Handler) for BusFault_Handler
    startup_stm32f103xb.o(RESET) refers to stm32f1xx_it.o(i.UsageFault_Handler) for UsageFault_Handler
    startup_stm32f103xb.o(RESET) refers to port.o(.emb_text) for SVC_Handler
    startup_stm32f103xb.o(RESET) refers to stm32f1xx_it.o(i.DebugMon_Handler) for DebugMon_Handler
    startup_stm32f103xb.o(RESET) refers to port.o(i.SysTick_Handler) for SysTick_Handler
    startup_stm32f103xb.o(RESET) refers to stm32f1xx_it.o(i.TIM2_IRQHandler) for TIM2_IRQHandler
    startup_stm32f103xb.o(RESET) refers to stm32f1xx_it.o(i.USART1_IRQHandler) for USART1_IRQHandler
    startup_stm32f103xb.o(RESET) refers to stm32f1xx_it.o(i.USART2_IRQHandler) for USART2_IRQHandler
    startup_stm32f103xb.o(RESET) refers to stm32f1xx_it.o(i.USART3_IRQHandler) for USART3_IRQHandler
    startup_stm32f103xb.o(.text) refers to system_stm32f1xx.o(i.SystemInit) for SystemInit
    startup_stm32f103xb.o(.text) refers to entry.o(.ARM.Collect$$$$00000000) for __main
    main.o(i.HAL_TIM_PeriodElapsedCallback) refers to stm32f1xx_hal.o(i.HAL_IncTick) for HAL_IncTick
    main.o(i.SystemClock_Config) refers to memseta.o(.text) for __aeabi_memclr4
    main.o(i.SystemClock_Config) refers to stm32f1xx_hal_rcc.o(i.HAL_RCC_OscConfig) for HAL_RCC_OscConfig
    main.o(i.SystemClock_Config) refers to main.o(i.Error_Handler) for Error_Handler
    main.o(i.SystemClock_Config) refers to stm32f1xx_hal_rcc.o(i.HAL_RCC_ClockConfig) for HAL_RCC_ClockConfig
    main.o(i.SystemClock_Config) refers to stm32f1xx_hal_rcc_ex.o(i.HAL_RCCEx_PeriphCLKConfig) for HAL_RCCEx_PeriphCLKConfig
    main.o(i.main) refers to stm32f1xx_hal.o(i.HAL_Init) for HAL_Init
    main.o(i.main) refers to main.o(i.SystemClock_Config) for SystemClock_Config
    main.o(i.main) refers to gpio.o(i.MX_GPIO_Init) for MX_GPIO_Init
    main.o(i.main) refers to rtc.o(i.MX_RTC_Init) for MX_RTC_Init
    main.o(i.main) refers to sysparams.o(i.Dev_Location_Init) for Dev_Location_Init
    main.o(i.main) refers to sysparams.o(i.Dev_UpLoad_Per_Init) for Dev_UpLoad_Per_Init
    main.o(i.main) refers to sysparams.o(i.Dev_Mac_Init) for Dev_Mac_Init
    main.o(i.main) refers to sysparams.o(i.Dev_GroupInfo_Init) for Dev_GroupInfo_Init
    main.o(i.main) refers to freertos.o(i.MX_FREERTOS_Init) for MX_FREERTOS_Init
    main.o(i.main) refers to cmsis_os.o(i.osKernelStart) for osKernelStart
    gpio.o(i.Dir_Light_GPIO_Control) refers to stm32f1xx_hal_gpio.o(i.HAL_GPIO_WritePin) for HAL_GPIO_WritePin
    gpio.o(i.Dir_Light_GPIO_Init) refers to stm32f1xx_hal_gpio.o(i.HAL_GPIO_WritePin) for HAL_GPIO_WritePin
    gpio.o(i.Dir_Light_GPIO_Init) refers to stm32f1xx_hal_gpio.o(i.HAL_GPIO_Init) for HAL_GPIO_Init
    gpio.o(i.Dir_Light_GPIO_Status_Get) refers to stm32f1xx_hal_gpio.o(i.HAL_GPIO_ReadPin) for HAL_GPIO_ReadPin
    gpio.o(i.Dir_Light_GPIO_Status_Get) refers to gpio.o(.data) for .data
    gpio.o(i.IIC1_GPIO_Init) refers to stm32f1xx_hal_gpio.o(i.HAL_GPIO_WritePin) for HAL_GPIO_WritePin
    gpio.o(i.IIC1_GPIO_Init) refers to stm32f1xx_hal_gpio.o(i.HAL_GPIO_Init) for HAL_GPIO_Init
    gpio.o(i.MX_GPIO_Init) refers to stm32f1xx_hal_gpio.o(i.HAL_GPIO_WritePin) for HAL_GPIO_WritePin
    gpio.o(i.MX_GPIO_Init) refers to stm32f1xx_hal_gpio.o(i.HAL_GPIO_Init) for HAL_GPIO_Init
    gpio.o(i.MultiPlexer_CH_Sel) refers to stm32f1xx_hal_gpio.o(i.HAL_GPIO_WritePin) for HAL_GPIO_WritePin
    gpio.o(i.MultiPlexer_GPIO_Init) refers to stm32f1xx_hal_gpio.o(i.HAL_GPIO_WritePin) for HAL_GPIO_WritePin
    gpio.o(i.MultiPlexer_GPIO_Init) refers to stm32f1xx_hal_gpio.o(i.HAL_GPIO_Init) for HAL_GPIO_Init
    gpio.o(i.NET_DEVICE_GPIO_Init) refers to stm32f1xx_hal_gpio.o(i.HAL_GPIO_WritePin) for HAL_GPIO_WritePin
    gpio.o(i.NET_DEVICE_GPIO_Init) refers to stm32f1xx_hal_gpio.o(i.HAL_GPIO_Init) for HAL_GPIO_Init
    gpio.o(i.PMSensor_GPIO_Init) refers to stm32f1xx_hal_gpio.o(i.HAL_GPIO_WritePin) for HAL_GPIO_WritePin
    gpio.o(i.PMSensor_GPIO_Init) refers to stm32f1xx_hal_gpio.o(i.HAL_GPIO_Init) for HAL_GPIO_Init
    freertos.o(i.FAULT_Task) refers to usart.o(i.UsartPrintf) for UsartPrintf
    freertos.o(i.FAULT_Task) refers to fault.o(i.Fault_Process) for Fault_Process
    freertos.o(i.FAULT_Task) refers to cmsis_os.o(i.osDelay) for osDelay
[...]
    Dev_UpLoad_Per_Read                      0x080014ad   Thumb Code    10  sysparams.o(i.Dev_UpLoad_Per_Read)
    Device_Reboot                            0x080014bd   Thumb Code     4  sysparams.o(i.Device_Reboot)
    Dir_Light_GPIO_Control                   0x080014c1   Thumb Code   200  gpio.o(i.Dir_Light_GPIO_Control)
    Dir_Light_GPIO_Init                      0x08001595   Thumb Code   228  gpio.o(i.Dir_Light_GPIO_Init)
    Dir_Light_GPIO_Status_Get                0x0800168d   Thumb Code   110  gpio.o(i.Dir_Light_GPIO_Status_Get)
    Direct_GPIO_Init                         0x08001701   Thumb Code     4  direct.o(i.Direct_GPIO_Init)
    Direct_Init                              0x08001705   Thumb Code    16  direct.o(i.Direct_Init)
    Direct_Light_Control                     0x08001715   Thumb Code     4  direct.o(i.Direct_Light_Control)
    Direct_Light_Get                         0x08001719   Thumb Code     4  direct.o(i.Direct_Light_Get)
    Error_Handler                            0x0800171d   Thumb Code     4  main.o(i.Error_Handler)
    FLASH_PageErase                          0x08001721   Thumb Code    28  stm32f1xx_hal_flash_ex.o(i.FLASH_PageErase)
    FLASH_WaitForLastOperation               0x080017bd   Thumb Code    80  stm32f1xx_hal_flash.o(i.FLASH_WaitForLastOperation)
    HAL_DMA_Abort                            0x08001811   Thumb Code    70  stm32f1xx_hal_dma.o(i.HAL_DMA_Abort)
    HAL_DMA_Abort_IT                         0x08001859   Thumb Code   148  stm32f1xx_hal_dma.o(i.HAL_DMA_Abort_IT)
    HAL_Delay                                0x080018f1   Thumb Code    32  stm32f1xx_hal.o(i.HAL_Delay)
    HAL_FLASH_Lock                           0x08001915   Thumb Code    14  stm32f1xx_hal_flash.o(i.HAL_FLASH_Lock)
    HAL_FLASH_Program                        0x08001929   Thumb Code   132  stm32f1xx_hal_flash.o(i.HAL_FLASH_Program)
    HAL_FLASH_Unlock                         0x080019b5   Thumb Code    28  stm32f1xx_hal_flash.o(i.HAL_FLASH_Unlock)
    HAL_GPIO_Init                            0x080019dd   Thumb Code   464  stm32f1xx_hal_gpio.o(i.HAL_GPIO_Init)
    HAL_GPIO_ReadPin                         0x08001bcd   Thumb Code    14  stm32f1xx_hal_gpio.o(i.HAL_GPIO_ReadPin)
    HAL_GPIO_TogglePin                       0x08001bdb   Thumb Code    16  stm32f1xx_hal_gpio.o(i.HAL_GPIO_TogglePin)
    HAL_GPIO_WritePin                        0x08001beb   Thumb Code    14  stm32f1xx_hal_gpio.o(i.HAL_GPIO_WritePin)
    HAL_GetTick                              0x08001bf9   Thumb Code     6  stm32f1xx_hal.o(i.HAL_GetTick)
    HAL_IWDG_Init                            0x08001c05   Thumb Code    90  stm32f1xx_hal_iwdg.o(i.HAL_IWDG_Init)
    HAL_IWDG_Refresh                         0x08001c5f   Thumb Code    12  stm32f1xx_hal_iwdg.o(i.HAL_IWDG_Refresh)
    HAL_IncTick                              0x08001c6d   Thumb Code    12  stm32f1xx_hal.o(i.HAL_IncTick)
    HAL_Init                                 0x08001c7d   Thumb Code    32  stm32f1xx_hal.o(i.HAL_Init)
    HAL_InitTick                             0x08001ca1   Thumb Code   102  stm32f1xx_hal_timebase_tim.o(i.HAL_InitTick)
    HAL_MspInit                              0x08001d15   Thumb Code    48  stm32f1xx_hal_msp.o(i.HAL_MspInit)
    HAL_NVIC_EnableIRQ                       0x08001d49   Thumb Code    26  stm32f1xx_hal_cortex.o(i.HAL_NVIC_EnableIRQ)
    HAL_NVIC_SetPriority                     0x08001d65   Thumb Code    60  stm32f1xx_hal_cortex.o(i.HAL_NVIC_SetPriority)
    HAL_NVIC_SetPriorityGrouping             0x08001da5   Thumb Code    26  stm32f1xx_hal_cortex.o(i.HAL_NVIC_SetPriorityGrouping)
    HAL_NVIC_SystemReset                     0x08001dc9   Thumb Code    26  stm32f1xx_hal_cortex.o(i.HAL_NVIC_SystemReset)
    HAL_PWR_EnableBkUpAccess                 0x08001ded   Thumb Code     8  stm32f1xx_hal_pwr.o(i.HAL_PWR_EnableBkUpAccess)
    HAL_RCCEx_GetPeriphCLKFreq               0x08001df9   Thumb Code   176  stm32f1xx_hal_rcc_ex.o(i.HAL_RCCEx_GetPeriphCLKFreq)
    HAL_RCCEx_PeriphCLKConfig                0x08001ec9   Thumb Code   256  stm32f1xx_hal_rcc_ex.o(i.HAL_RCCEx_PeriphCLKConfig)
    HAL_RCC_ClockConfig                      0x08001fd5   Thumb Code   318  stm32f1xx_hal_rcc.o(i.HAL_RCC_ClockConfig)
    HAL_RCC_GetClockConfig                   0x08002129   Thumb Code    52  stm32f1xx_hal_rcc.o(i.HAL_RCC_GetClockConfig)
    HAL_RCC_GetHCLKFreq                      0x08002165   Thumb Code     6  stm32f1xx_hal_rcc.o(i.HAL_RCC_GetHCLKFreq)
    HAL_RCC_GetPCLK1Freq                     0x08002171   Thumb Code    22  stm32f1xx_hal_rcc.o(i.HAL_RCC_GetPCLK1Freq)
    HAL_RCC_GetPCLK2Freq                     0x08002191   Thumb Code    22  stm32f1xx_hal_rcc.o(i.HAL_RCC_GetPCLK2Freq)
    HAL_RCC_GetSysClockFreq                  0x080021b1   Thumb Code    82  stm32f1xx_hal_rcc.o(i.HAL_RCC_GetSysClockFreq)
    HAL_RCC_OscConfig                        0x08002225   Thumb Code   882  stm32f1xx_hal_rcc.o(i.HAL_RCC_OscConfig)
    HAL_RTC_GetDate                          0x080025a9   Thumb Code    82  stm32f1xx_hal_rtc.o(i.HAL_RTC_GetDate)
    HAL_RTC_GetTime                          0x080025fb   Thumb Code   234  stm32f1xx_hal_rtc.o(i.HAL_RTC_GetTime)
    HAL_RTC_Init                             0x080026e5   Thumb Code   176  stm32f1xx_hal_rtc.o(i.HAL_RTC_Init)
    HAL_RTC_MspInit                          0x08002799   Thumb Code    60  rtc.o(i.HAL_RTC_MspInit)
    HAL_RTC_SetDate                          0x080027e1   Thumb Code   206  stm32f1xx_hal_rtc.o(i.HAL_RTC_SetDate)
    HAL_RTC_SetTime                          0x080028b5   Thumb Code   180  stm32f1xx_hal_rtc.o(i.HAL_RTC_SetTime)
    HAL_RTC_WaitForSynchro                   0x0800296d   Thumb Code    60  stm32f1xx_hal_rtc.o(i.HAL_RTC_WaitForSynchro)
    HAL_TIMEx_BreakCallback                  0x080029a9   Thumb Code     2  stm32f1xx_hal_tim_ex.o(i.HAL_TIMEx_BreakCallback)
    HAL_TIMEx_CommutCallback                 0x080029ab   Thumb Code     2  stm32f1xx_hal_tim_ex.o(i.HAL_TIMEx_CommutCallback)
    HAL_TIM_Base_Init                        0x080029ad   Thumb Code    74  stm32f1xx_hal_tim.o(i.HAL_TIM_Base_Init)
    HAL_TIM_Base_MspInit                     0x080029f7   Thumb Code     2  stm32f1xx_hal_tim.o(i.HAL_TIM_Base_MspInit)
    HAL_TIM_Base_Start_IT                    0x080029f9   Thumb Code    86  stm32f1xx_hal_tim.o(i.HAL_TIM_Base_Start_IT)
    HAL_TIM_IC_CaptureCallback               0x08002a5d   Thumb Code     2  stm32f1xx_hal_tim.o(i.HAL_TIM_IC_CaptureCallback)
    HAL_TIM_IRQHandler                       0x08002a5f   Thumb Code   366  stm32f1xx_hal_tim.o(i.HAL_TIM_IRQHandler)
    HAL_TIM_OC_DelayElapsedCallback          0x08002bcd   Thumb Code     2  stm32f1xx_hal_tim.o(i.HAL_TIM_OC_DelayElapsedCallback)
    HAL_TIM_PWM_PulseFinishedCallback        0x08002bcf   Thumb Code     2  stm32f1xx_hal_tim.o(i.HAL_TIM_PWM_PulseFinishedCallback)
    HAL_TIM_PeriodElapsedCallback            0x08002bd1   Thumb Code    14  main.o(i.HAL_TIM_PeriodElapsedCallback)
    HAL_TIM_TriggerCallback                  0x08002bdf   Thumb Code     2  stm32f1xx_hal_tim.o(i.HAL_TIM_TriggerCallback)
    HAL_UARTEx_ReceiveToIdle_IT              0x08002be1   Thumb Code    82  stm32f1xx_hal_uart.o(i.HAL_UARTEx_ReceiveToIdle_IT)
    HAL_UARTEx_RxEventCallback               0x08002c35   Thumb Code    22  net_io.o(i.HAL_UARTEx_RxEventCallback)
    HAL_UART_ErrorCallback                   0x08002c55   Thumb Code    28  dsl_08.o(i.HAL_UART_ErrorCallback)
    HAL_UART_IRQHandler                      0x08002c7d   Thumb Code   456  stm32f1xx_hal_uart.o(i.HAL_UART_IRQHandler)
    HAL_UART_Init                            0x08002e49   Thumb Code   100  stm32f1xx_hal_uart.o(i.HAL_UART_Init)
    HAL_UART_MspInit                         0x08002ead   Thumb Code   308  usart.o(i.HAL_UART_MspInit)
    HAL_UART_Receive_IT                      0x08002ff9   Thumb Code    46  stm32f1xx_hal_uart.o(i.HAL_UART_Receive_IT)
    HAL_UART_RxCpltCallback                  0x08003029   Thumb Code    46  net_io.o(i.HAL_UART_RxCpltCallback)
    HAL_UART_Transmit                        0x08003069   Thumb Code   190  stm32f1xx_hal_uart.o(i.HAL_UART_Transmit)
    HAL_UART_TxCpltCallback                  0x08003127   Thumb Code     2  stm32f1xx_hal_uart.o(i.HAL_UART_TxCpltCallback)
    HardFault_Handler                        0x08003129   Thumb Code     2  stm32f1xx_it.o(i.HardFault_Handler)
    IIC1_GPIO_Init                           0x0800312d   Thumb Code    68  gpio.o(i.IIC1_GPIO_Init)
    IIC_Ack                                  0x08003179   Thumb Code    56  myiic.o(i.IIC_Ack)
    IIC_Init                                 0x080031b5   Thumb Code    18  myiic.o(i.IIC_Init)
    IIC_NAck                                 0x080031cd   Thumb Code    56  myiic.o(i.IIC_NAck)
    IIC_Read_Byte                            0x08003209   Thumb Code   120  myiic.o(i.IIC_Read_Byte)
    IIC_Send_Byte                            0x08003285   Thumb Code   106  myiic.o(i.IIC_Send_Byte)
    IIC_Start                                0x080032f5   Thumb Code    62  myiic.o(i.IIC_Start)
    IIC_Stop                                 0x08003339   Thumb Code    70  myiic.o(i.IIC_Stop)
    IIC_Wait_Ack                             0x08003385   Thumb Code    90  myiic.o(i.IIC_Wait_Ack)
    IWDG_Task                                0x080033e5   Thumb Code    20  freertos.o(i.IWDG_Task)
    Iwdg_Feed                                0x080033f9   Thumb Code     6  iwdg.o(i.Iwdg_Feed)
    MX_FREERTOS_Init                         0x08003405   Thumb Code   118  freertos.o(i.MX_FREERTOS_Init)
    MX_GPIO_Init                             0x08003485   Thumb Code   180  gpio.o(i.MX_GPIO_Init)
    MX_IWDG_Init                             0x08003549   Thumb Code    36  iwdg.o(i.MX_IWDG_Init)
    MX_RTC_Init                              0x08003575   Thumb Code    96  rtc.o(i.MX_RTC_Init)
    MX_USART1_UART_Init                      0x080035dd   Thumb Code    48  usart.o(i.MX_USART1_UART_Init)
    MX_USART3_UART_Init                      0x08003615   Thumb Code    48  usart.o(i.MX_USART3_UART_Init)
    MemManage_Handler                        0x0800364d   Thumb Code     2  stm32f1xx_it.o(i.MemManage_Handler)
    MqttBuffer_AllocExtent                   0x0800364f   Thumb Code   162  mqtt_buffer.o(i.MqttBuffer_AllocExtent)
    MqttBuffer_Append                        0x080036f1   Thumb Code    74  mqtt_buffer.o(i.MqttBuffer_Append)
    MqttBuffer_AppendExtent                  0x0800373b   Thumb Code    30  mqtt_buffer.o(i.MqttBuffer_AppendExtent)
    MqttBuffer_Destroy                       0x08003759   Thumb Code     4  mqtt_buffer.o(i.MqttBuffer_Destroy)
    MqttBuffer_Init                          0x0800375d   Thumb Code    20  mqtt_buffer.o(i.MqttBuffer_Init)
    MqttBuffer_Reset                         0x08003771   Thumb Code    42  mqtt_buffer.o(i.MqttBuffer_Reset)
    MqttSample_HandleCmd                     0x0800379d   Thumb Code    76  mqtt_app.o(i.MqttSample_HandleCmd)
    MqttSample_HandleConnAck                 0x08003801   Thumb Code    36  mqtt_app.o(i.MqttSample_HandleConnAck)
    MqttSample_HandlePingResp                0x08003869   Thumb Code    12  mqtt_app.o(i.MqttSample_HandlePingResp)
    MqttSample_HandlePubAck                  0x08003879   Thumb Code    16  mqtt_app.o(i.MqttSample_HandlePubAck)
    MqttSample_HandlePubComp                 0x080038b9   Thumb Code    16  mqtt_app.o(i.MqttSample_HandlePubComp)
    MqttSample_HandlePubRec                  0x080038f9   Thumb Code    20  mqtt_app.o(i.MqttSample_HandlePubRec)
    MqttSample_HandlePubRel                  0x0800393d   Thumb Code    20  mqtt_app.o(i.MqttSample_HandlePubRel)
    MqttSample_HandlePublish                 0x0800397d   Thumb Code    40  mqtt_app.o(i.MqttSample_HandlePublish)
    MqttSample_HandleSubAck                  0x080039a5   Thumb Code    44  mqtt_app.o(i.MqttSample_HandleSubAck)
    MqttSample_HandleUnsubAck                0x080039e9   Thumb Code    16  mqtt_app.o(i.MqttSample_HandleUnsubAck)
    MqttSample_Init                          0x08003a29   Thumb Code   126  mqtt_app.o(i.MqttSample_Init)
    MqttSample_Publish                       0x08003b0d   Thumb Code    58  mqtt_app.o(i.MqttSample_Publish)
    MqttSample_RecvPkt                       0x08003b49   Thumb Code    36  mqtt_app.o(i.MqttSample_RecvPkt)
    MqttSample_Savedata                      0x08003b75   Thumb Code   176  mqtt_app.o(i.MqttSample_Savedata)
    MqttSample_SendPkt                       0x08003cad   Thumb Code   118  mqtt_app.o(i.MqttSample_SendPkt)
    MqttSample_Subscribe                     0x08003d29   Thumb Code    28  mqtt_app.o(i.MqttSample_Subscribe)
    Mqtt_DumpLength                          0x08003de3   Thumb Code    36  mqtt.o(i.Mqtt_DumpLength)
    Mqtt_HandleConnAck                       0x08003e07   Thumb Code    50  mqtt.o(i.Mqtt_HandleConnAck)
    Mqtt_HandlePingResp                      0x08003e39   Thumb Code    18  mqtt.o(i.Mqtt_HandlePingResp)
    Mqtt_HandlePubAck                        0x08003e4b   Thumb Code    44  mqtt.o(i.Mqtt_HandlePubAck)
    Mqtt_HandlePubComp                       0x08003e77   Thumb Code    44  mqtt.o(i.Mqtt_HandlePubComp)
    Mqtt_HandlePubRec                        0x08003ea3   Thumb Code   102  mqtt.o(i.Mqtt_HandlePubRec)
    Mqtt_HandlePubRel                        0x08003f09   Thumb Code   102  mqtt.o(i.Mqtt_HandlePubRel)
    Mqtt_HandleSubAck                        0x080041f9   Thumb Code    80  mqtt.o(i.Mqtt_HandleSubAck)
    Mqtt_HandleUnsubAck                      0x08004249   Thumb Code    44  mqtt.o(i.Mqtt_HandleUnsubAck)
    Mqtt_InitContext                         0x08004275   Thumb Code    40  mqtt.o(i.Mqtt_InitContext)
    Mqtt_PackPublishPkt                      0x08004419   Thumb Code   264  mqtt.o(i.Mqtt_PackPublishPkt)
    Mqtt_PackSubscribePkt                    0x08004521   Thumb Code   234  mqtt.o(i.Mqtt_PackSubscribePkt)
    Mqtt_PktWriteString                      0x0800460b   Thumb Code    38  mqtt.o(i.Mqtt_PktWriteString)
    Mqtt_RB16                                0x08004631   Thumb Code    10  mqtt.o(i.Mqtt_RB16)
    Mqtt_ReadLength                          0x0800463b   Thumb Code    62  mqtt.o(i.Mqtt_ReadLength)
    Mqtt_RecvPkt                             0x08004679   Thumb Code   162  mqtt.o(i.Mqtt_RecvPkt)
    Mqtt_SendPkt                             0x0800471b   Thumb Code   148  mqtt.o(i.Mqtt_SendPkt)
    Mqtt_WB16                                0x080047af   Thumb Code     8  mqtt.o(i.Mqtt_WB16)
    MultiPlexer_CH_Sel                       0x080047b9   Thumb Code   120  gpio.o(i.MultiPlexer_CH_Sel)
    MultiPlexer_GPIO_Init                    0x08004839   Thumb Code   132  gpio.o(i.MultiPlexer_GPIO_Init)
    NET_DEVICE_ClrData                       0x080048c9   Thumb Code     4  net_device.o(i.NET_DEVICE_ClrData)
    NET_DEVICE_GPIO_Init                     0x080048cd   Thumb Code   142  gpio.o(i.NET_DEVICE_GPIO_Init)
    NET_DEVICE_GetIPD                        0x08004969   Thumb Code    42  net_device.o(i.NET_DEVICE_GetIPD)
    NET_DEVICE_Get_DataMode                  0x0800499d   Thumb Code    10  net_device.o(i.NET_DEVICE_Get_DataMode)
    NET_DEVICE_IO_Init                       0x080049ad   Thumb Code    40  net_device.o(i.NET_DEVICE_IO_Init)
    NET_DEVICE_SendData                      0x080049dd   Thumb Code     4  net_device.o(i.NET_DEVICE_SendData)
    NET_DEVICE_Set_DataMode                  0x080049e1   Thumb Code    12  net_device.o(i.NET_DEVICE_Set_DataMode)
    NET_IO_ClearRecive                       0x080049f1   Thumb Code    18  net_io.o(i.NET_IO_ClearRecive)
    NET_IO_Init                              0x08004a09   Thumb Code    24  net_io.o(i.NET_IO_Init)
    NET_IO_Send                              0x08004a29   Thumb Code    14  net_io.o(i.NET_IO_Send)
    NET_IO_WaitRecive                        0x08004a3d   Thumb Code    28  net_io.o(i.NET_IO_WaitRecive)
    NET_Task                                 0x08004a5d   Thumb Code    66  freertos.o(i.NET_Task)
    NMI_Handler                              0x08004aa5   Thumb Code     2  stm32f1xx_it.o(i.NMI_Handler)
    OneNet_App                               0x08004aa9   Thumb Code  1726  onenet.o(i.OneNet_App)
    OneNet_Evesdrop                          0x080051ad   Thumb Code    74  onenet.o(i.OneNet_Evesdrop)
    OneNet_OnLine                            0x08005229   Thumb Code   296  onenet.o(i.OneNet_OnLine)
    OneNet_Publish                           0x080053f9   Thumb Code    78  onenet.o(i.OneNet_Publish)
    OneNet_SendData                          0x08005469   Thumb Code   418  onenet.o(i.OneNet_SendData)
    OneNet_Send_Process                      0x080056e1   Thumb Code   220  onenet.o(i.OneNet_Send_Process)
    OneNet_Subscribe                         0x080057c9   Thumb Code   166  onenet.o(i.OneNet_Subscribe)
    PMSensor_GPIO_Init                       0x0800589d   Thumb Code    78  gpio.o(i.PMSensor_GPIO_Init)
    PM_Data_Read                             0x080058f5   Thumb Code    82  dsl_08.o(i.PM_Data_Read)
    PM_IO_ClearReceive                       0x08005951   Thumb Code    14  dsl_08.o(i.PM_IO_ClearReceive)
    PM_IO_Init                               0x08005965   Thumb Code    32  dsl_08.o(i.PM_IO_Init)
    PM_IO_Send                               0x0800598d   Thumb Code    30  dsl_08.o(i.PM_IO_Send)
    PM_IO_WaitReceive                        0x080059b1   Thumb Code    16  dsl_08.o(i.PM_IO_WaitReceive)
    PM_LRC_Check                             0x080059c5   Thumb Code    52  dsl_08.o(i.PM_LRC_Check)
    PM_Mode_Change                           0x080059f9   Thumb Code     6  dsl_08.o(i.PM_Mode_Change)
    PM_Receive_Data                          0x08005a01   Thumb Code    92  dsl_08.o(i.PM_Receive_Data)
    PM_Send_CMD                              0x08005a61   Thumb Code    38  dsl_08.o(i.PM_Send_CMD)
    PM_Sensor_Init                           0x08005a8d   Thumb Code    26  dsl_08.o(i.PM_Sensor_Init)
    PM_UARTEx_RxEventCallback                0x08005aad   Thumb Code    14  dsl_08.o(i.PM_UARTEx_RxEventCallback)
    Read_MS                                  0x08005d45   Thumb Code    96  rtc.o(i.Read_MS)
    Read_Stamp                               0x08005db9   Thumb Code   156  rtc.o(i.Read_Stamp)
    SCDxx_Process                            0x08005e69   Thumb Code    68  scd4x_i2c.o(i.SCDxx_Process)
    SEND_Task                                0x08005eb5   Thumb Code    12  freertos.o(i.SEND_Task)
    SENSOR_Task                              0x08005ec1   Thumb Code    92  freertos.o(i.SENSOR_Task)
    STMFLASH_Read                            0x08005f25   Thumb Code    30  stmflash.o(i.STMFLASH_Read)
    STMFLASH_ReadHalfWord                    0x08005f43   Thumb Code     4  stmflash.o(i.STMFLASH_ReadHalfWord)
    STMFLASH_ReadWord                        0x08005f47   Thumb Code     4  stmflash.o(i.STMFLASH_ReadWord)
    STMFLASH_Write                           0x08005f4d   Thumb Code   218  stmflash.o(i.STMFLASH_Write)
    STMFLASH_Write_NoCheck                   0x08006031   Thumb Code    42  stmflash.o(i.STMFLASH_Write_NoCheck)
    SysTick_Handler                          0x0800605d   Thumb Code    38  port.o(i.SysTick_Handler)
    SystemClock_Config                       0x08006089   Thumb Code   124  main.o(i.SystemClock_Config)
    SystemInit                               0x08006105   Thumb Code     2  system_stm32f1xx.o(i.SystemInit)
    TIM2_IRQHandler                          0x08006109   Thumb Code     6  stm32f1xx_it.o(i.TIM2_IRQHandler)
    TIM_Base_SetConfig                       0x08006115   Thumb Code    94  stm32f1xx_hal_tim.o(i.TIM_Base_SetConfig)
    UART_Start_Receive_IT                    0x08006351   Thumb Code    54  stm32f1xx_hal_uart.o(i.UART_Start_Receive_IT)
    USART1_IRQHandler                        0x08006449   Thumb Code     6  stm32f1xx_it.o(i.USART1_IRQHandler)
    USART2_IRQHandler                        0x08006455   Thumb Code     6  stm32f1xx_it.o(i.USART2_IRQHandler)
    USART3_IRQHandler                        0x08006461   Thumb Code     6  stm32f1xx_it.o(i.USART3_IRQHandler)
    USART_Task                               0x0800646d   Thumb Code    48  freertos.o(i.USART_Task)
    UsageFault_Handler                       0x080064c1   Thumb Code     2  stm32f1xx_it.o(i.UsageFault_Handler)
    UsartPrintf                              0x080064c3   Thumb Code     2  usart.o(i.UsartPrintf)
    __0sprintf                               0x080064c5   Thumb Code    34  printfa.o(i.__0sprintf)
    __1sprintf                               0x080064c5   Thumb Code     0  printfa.o(i.__0sprintf)
    __2sprintf                               0x080064c5   Thumb Code     0  printfa.o(i.__0sprintf)
    __c89sprintf                             0x080064c5   Thumb Code     0  printfa.o(i.__0sprintf)
    sprintf                                  0x080064c5   Thumb Code     0  printfa.o(i.__0sprintf)
    __ARM_fpclassify                         0x080064ed   Thumb Code    40  fpclassify.o(i.__ARM_fpclassify)
    __kernel_poly                            0x08006535   Thumb Code   170  poly.o(i.__kernel_poly)
    __mathlib_dbl_divzero                    0x080065e1   Thumb Code    12  dunder.o(i.__mathlib_dbl_divzero)
    __mathlib_dbl_infnan2                    0x080065f1   Thumb Code     4  dunder.o(i.__mathlib_dbl_infnan2)
    __mathlib_dbl_invalid                    0x080065f5   Thumb Code    12  dunder.o(i.__mathlib_dbl_invalid)
    __mathlib_dbl_overflow                   0x08006601   Thumb Code    14  dunder.o(i.__mathlib_dbl_overflow)
    __mathlib_dbl_underflow                  0x08006611   Thumb Code    10  dunder.o(i.__mathlib_dbl_underflow)
    __scatterload_copy                       0x08006621   Thumb Code    14  handlers.o(i.__scatterload_copy)
    __scatterload_null                       0x0800662f   Thumb Code     2  handlers.o(i.__scatterload_null)
    __scatterload_zeroinit                   0x08006631   Thumb Code    14  handlers.o(i.__scatterload_zeroinit)
    __set_errno                              0x08006641   Thumb Code     6  errno.o(i.__set_errno)
    _is_digit                                0x080067d1   Thumb Code    14  scanf_fp.o(i._is_digit)
    cJSON_AddItemToArray                     0x08006f19   Thumb Code    28  cjson.o(i.cJSON_AddItemToArray)
    cJSON_AddItemToObject                    0x08006f35   Thumb Code    44  cjson.o(i.cJSON_AddItemToObject)
    cJSON_CreateArray                        0x08006f65   Thumb Code    16  cjson.o(i.cJSON_CreateArray)
    cJSON_CreateIntArray                     0x08006f75   Thumb Code    64  cjson.o(i.cJSON_CreateIntArray)
    cJSON_CreateNumber                       0x08006fb5   Thumb Code    36  cjson.o(i.cJSON_CreateNumber)
    cJSON_CreateObject                       0x08006fd9   Thumb Code    16  cjson.o(i.cJSON_CreateObject)
    cJSON_CreateString                       0x08006fe9   Thumb Code    28  cjson.o(i.cJSON_CreateString)
    cJSON_Delete                             0x08007005   Thumb Code    60  cjson.o(i.cJSON_Delete)
    cJSON_DeleteItemFromObject               0x08007045   Thumb Code    14  cjson.o(i.cJSON_DeleteItemFromObject)
    cJSON_DetachItemFromArray                0x08007053   Thumb Code    56  cjson.o(i.cJSON_DetachItemFromArray)
    cJSON_DetachItemFromObject               0x0800708b   Thumb Code    52  cjson.o(i.cJSON_DetachItemFromObject)
    cJSON_GetArrayItem                       0x080070bf   Thumb Code    18  cjson.o(i.cJSON_GetArrayItem)
    cJSON_GetArraySize                       0x080070d1   Thumb Code    16  cjson.o(i.cJSON_GetArraySize)
    cJSON_GetObjectItem                      0x080070e1   Thumb Code    36  cjson.o(i.cJSON_GetObjectItem)
    cJSON_Parse                              0x08007125   Thumb Code     8  cjson.o(i.cJSON_Parse)
    cJSON_ParseWithOpts                      0x0800712d   Thumb Code    96  cjson.o(i.cJSON_ParseWithOpts)
    cJSON_Print                              0x08007191   Thumb Code     8  cjson.o(i.cJSON_Print)
    cJSON_ReplaceItemInArray                 0x08007199   Thumb Code    64  cjson.o(i.cJSON_ReplaceItemInArray)
    cJSON_ReplaceItemInObject                0x080071d9   Thumb Code    64  cjson.o(i.cJSON_ReplaceItemInObject)
    floor                                    0x08007295   Thumb Code   204  floor.o(i.floor)
    main                                     0x08007381   Thumb Code    42  main.o(i.main)
    osDelay                                  0x080073b7   Thumb Code    16  cmsis_os.o(i.osDelay)
    osDelayUntil                             0x080073c7   Thumb Code    16  cmsis_os.o(i.osDelayUntil)
    osKernelStart                            0x080073d7   Thumb Code    10  cmsis_os.o(i.osKernelStart)
    osKernelSysTick                          0x080073e1   Thumb Code    24  cmsis_os.o(i.osKernelSysTick)
    osThreadCreate                           0x080073f9   Thumb Code    88  cmsis_os.o(i.osThreadCreate)
    pow                                      0x08007a55   Thumb Code  2512  pow.o(i.pow)
    pvPortMalloc                             0x08009219   Thumb Code   208  heap_4.o(i.pvPortMalloc)
    pxPortInitialiseStack                    0x080092ed   Thumb Code    24  port.o(i.pxPortInitialiseStack)
    scd4x_init                               0x08009309   Thumb Code    18  scd4x_i2c.o(i.scd4x_init)
    scd4x_read_measurement                   0x0800931d   Thumb Code    54  scd4x_i2c.o(i.scd4x_read_measurement)
    scd4x_read_measurement_ticks             0x08009359   Thumb Code    86  scd4x_i2c.o(i.scd4x_read_measurement_ticks)
    scd4x_start_periodic_measurement         0x080093af   Thumb Code    40  scd4x_i2c.o(i.scd4x_start_periodic_measurement)
    scd4x_stop_periodic_measurement          0x080093d9   Thumb Code    38  scd4x_i2c.o(i.scd4x_stop_periodic_measurement)
    sensirion_common_bytes_to_uint16_t       0x08009405   Thumb Code    10  sensirion_common.o(i.sensirion_common_bytes_to_uint16_t)
    sensirion_i2c_add_command_to_buffer      0x0800940f   Thumb Code    20  sensirion_i2c.o(i.sensirion_i2c_add_command_to_buffer)
    sensirion_i2c_check_crc                  0x08009423   Thumb Code    20  sensirion_i2c.o(i.sensirion_i2c_check_crc)
    sensirion_i2c_generate_crc               0x08009437   Thumb Code    52  sensirion_i2c.o(i.sensirion_i2c_generate_crc)
    sensirion_i2c_hal_init                   0x0800946b   Thumb Code     6  sensirion_i2c_hal.o(i.sensirion_i2c_hal_init)
    sensirion_i2c_hal_read                   0x08009471   Thumb Code    86  sensirion_i2c_hal.o(i.sensirion_i2c_hal_read)
    sensirion_i2c_hal_sleep_usec             0x080094c7   Thumb Code     6  sensirion_i2c_hal.o(i.sensirion_i2c_hal_sleep_usec)
    sensirion_i2c_hal_write                  0x080094cd   Thumb Code    92  sensirion_i2c_hal.o(i.sensirion_i2c_hal_write)
    sensirion_i2c_read_data_inplace          0x08009529   Thumb Code    88  sensirion_i2c.o(i.sensirion_i2c_read_data_inplace)
    sensirion_i2c_write_data                 0x08009581   Thumb Code     4  sensirion_i2c.o(i.sensirion_i2c_write_data)
    sqrt                                     0x08009599   Thumb Code    76  sqrt.o(i.sqrt)
    strtod                                   0x080095e5   Thumb Code    28  strtod.o(i.strtod)
    uxListRemove                             0x08009607   Thumb Code    38  list.o(i.uxListRemove)
    vApplicationGetIdleTaskMemory            0x0800962d   Thumb Code    16  freertos.o(i.vApplicationGetIdleTaskMemory)
    vApplicationGetTimerTaskMemory           0x08009641   Thumb Code    18  freertos.o(i.vApplicationGetTimerTaskMemory)
    vListInitialise                          0x08009659   Thumb Code    22  list.o(i.vListInitialise)
    vListInitialiseItem                      0x0800966f   Thumb Code     6  list.o(i.vListInitialiseItem)
    vListInsert                              0x08009675   Thumb Code    48  list.o(i.vListInsert)
    vListInsertEnd                           0x080096a5   Thumb Code    24  list.o(i.vListInsertEnd)
    vPortEnterCritical                       0x080096bd   Thumb Code    54  port.o(i.vPortEnterCritical)
    vPortExitCritical                        0x080096fd   Thumb Code    38  port.o(i.vPortExitCritical)
    vPortFree                                0x08009729   Thumb Code    88  heap_4.o(i.vPortFree)
    vPortSetupTimerInterrupt                 0x08009785   Thumb Code    32  port.o(i.vPortSetupTimerInterrupt)
    vPortValidateInterruptPriority           0x080097a9   Thumb Code    74  port.o(i.vPortValidateInterruptPriority)
    vQueueAddToRegistry                      0x080097fd   Thumb Code    32  queue.o(i.vQueueAddToRegistry)
    vQueueWaitForMessageRestricted           0x08009821   Thumb Code    70  queue.o(i.vQueueWaitForMessageRestricted)
    vTaskDelay                               0x08009869   Thumb Code    70  tasks.o(i.vTaskDelay)
    vTaskDelayUntil                          0x080098b9   Thumb Code   142  tasks.o(i.vTaskDelayUntil)
    vTaskInternalSetTimeOutState             0x08009951   Thumb Code    12  tasks.o(i.vTaskInternalSetTimeOutState)
    vTaskMissedYield                         0x08009961   Thumb Code     8  tasks.o(i.vTaskMissedYield)
    vTaskPlaceOnEventList                    0x0800996d   Thumb Code    46  tasks.o(i.vTaskPlaceOnEventList)
    vTaskPlaceOnEventListRestricted          0x080099a1   Thumb Code    54  tasks.o(i.vTaskPlaceOnEventListRestricted)
    vTaskStartScheduler                      0x080099dd   Thumb Code   126  tasks.o(i.vTaskStartScheduler)
    vTaskSuspendAll                          0x08009a6d   Thumb Code    10  tasks.o(i.vTaskSuspendAll)
    vTaskSwitchContext                       0x08009a7d   Thumb Code    86  tasks.o(i.vTaskSwitchContext)
    xPortStartScheduler                      0x08009add   Thumb Code   154  port.o(i.xPortStartScheduler)
    xQueueGenericCreateStatic                0x08009b85   Thumb Code   108  queue.o(i.xQueueGenericCreateStatic)
    xQueueGenericReset                       0x08009bf1   Thumb Code   134  queue.o(i.xQueueGenericReset)
    xQueueGenericSend                        0x08009c7d   Thumb Code   352  queue.o(i.xQueueGenericSend)
    xQueueGenericSendFromISR                 0x08009de1   Thumb Code   190  queue.o(i.xQueueGenericSendFromISR)
    xQueueReceive                            0x08009ea1   Thumb Code   310  queue.o(i.xQueueReceive)
    xTaskCheckForTimeOut                     0x08009fdd   Thumb Code   118  tasks.o(i.xTaskCheckForTimeOut)
    xTaskCreate                              0x0800a059   Thumb Code   100  tasks.o(i.xTaskCreate)
    xTaskCreateStatic                        0x0800a0bd   Thumb Code    92  tasks.o(i.xTaskCreateStatic)
    xTaskGetSchedulerState                   0x0800a119   Thumb Code    24  tasks.o(i.xTaskGetSchedulerState)
    xTaskGetTickCount                        0x0800a135   Thumb Code     6  tasks.o(i.xTaskGetTickCount)
    xTaskGetTickCountFromISR                 0x0800a141   Thumb Code    12  tasks.o(i.xTaskGetTickCountFromISR)
    xTaskIncrementTick                       0x0800a151   Thumb Code   196  tasks.o(i.xTaskIncrementTick)
    xTaskPriorityDisinherit                  0x0800a21d   Thumb Code   144  tasks.o(i.xTaskPriorityDisinherit)
    xTaskRemoveFromEventList                 0x0800a2b5   Thumb Code   114  tasks.o(i.xTaskRemoveFromEventList)
    xTaskResumeAll                           0x0800a331   Thumb Code   192  tasks.o(i.xTaskResumeAll)
    xTimerCreateTimerTask                    0x0800a3fd   Thumb Code    86  timers.o(i.xTimerCreateTimerTask)
    xTimerGenericCommand                     0x0800a465   Thumb Code   104  timers.o(i.xTimerGenericCommand)
    AHBPrescTable                            0x0800a55c   Data          16  system_stm32f1xx.o(.constdata)
    APBPrescTable                            0x0800a56c   Data           8  system_stm32f1xx.o(.constdata)
    __ctype_table                            0x0800a728   Data         129  ctype_o.o(.constdata)
    __mathlib_zero                           0x0800a7c0   Data           8  qnan.o(.constdata)
    Region$$Table$$Base                      0x0800a860   Number         0  anon$$obj.o(Region$$Table)
    Region$$Table$$Limit                     0x0800a880   Number         0  anon$$obj.o(Region$$Table)
    SENSORHandle                             0x20000020   Data           4  freertos.o(.data)
    SENDHandle                               0x20000024   Data           4  freertos.o(.data)
    NETHandle                                0x20000028   Data           4  freertos.o(.data)
    USARTHandle                              0x2000002c   Data           4  freertos.o(.data)
    FAULTHandle                              0x20000030   Data           4  freertos.o(.data)
    Upload_Period                            0x20000034   Data           2  sysparams.o(.data)
    FW_Version                               0x20000036   Data           2  sysparams.o(.data)
    Group_Info                               0x20000038   Data           4  sysparams.o(.data)
    DEV_LOC                                  0x2000003c   Data           4  sysparams.o(.data)
    unique_id                                0x20000040   Data           8  sysparams.o(.data)
    uwTickFreq                               0x20000048   Data           1  stm32f1xx_hal.o(.data)
    uwTickPrio                               0x2000004c   Data           4  stm32f1xx_hal.o(.data)
    uwTick                                   0x20000050   Data           4  stm32f1xx_hal.o(.data)
    SystemCoreClock                          0x20000054   Data           4  system_stm32f1xx.o(.data)
    pxCurrentTCB                             0x20000058   Data           4  tasks.o(.data)
    Send_List                                0x200000d8   Data           4  mqtt_app.o(.data)
    CO2_Value                                0x200000dc   Data           4  scd4x_i2c.o(.data)
    Temp_Value                               0x200000e0   Data           4  scd4x_i2c.o(.data)
    Humi_Value                               0x200000e4   Data           4  scd4x_i2c.o(.data)
    PM25_Data                                0x200000e8   Data           4  dsl_08.o(.data)
    PM10_Data                                0x200000ec   Data           4  dsl_08.o(.data)
    PM_instance                              0x200000f0   Data           4  dsl_08.o(.data)
    netDeviceInfo                            0x200000fe   Data           6  net_device.o(.data)
    faultTypeReport                          0x20000104   Data           1  fault.o(.data)
    wait_reply                               0x20000105   Data           1  onenet.o(.data)
    oneNetInfo                               0x20000106   Data         196  onenet.o(.data)
    huart1                                   0x20000778   Data          68  usart.o(.bss)
    huart2                                   0x200007bc   Data          68  usart.o(.bss)
    huart3                                   0x20000800   Data          68  usart.o(.bss)
    htim2                                    0x20000844   Data          72  stm32f1xx_hal_timebase_tim.o(.bss)
    mac_strings                              0x2000088c   Data          20  sysparams.o(.bss)
    hrtc                                     0x200008a0   Data          20  rtc.o(.bss)
    hiwdg                                    0x200008b4   Data          12  iwdg.o(.bss)
    pFlash                                   0x200008c0   Data          32  stm32f1xx_hal_flash.o(.bss)
    xQueueRegistry                           0x200008e0   Data          64  queue.o(.bss)
    STMFLASH_BUF                             0x200042d0   Data        1024  stmflash.o(.bss)
    pmIOInfo                                 0x200046d0   Data         104  dsl_08.o(.bss)
    netIOInfo                                0x20004758   Data         404  net_io.o(.bss)
    Uart2_ReadCache                          0x200048ec   Data          10  net_io.o(.bss)
    ctx                                      0x200048f8   Data         308  onenet.o(.bss)
    __initial_sp                             0x20004e58   Data           0  startup_stm32f103xb.o(STACK)



==============================================================================

Memory Map of the image

  Image Entry point : 0x080000ed

  Load Region LR_IROM1 (Base: 0x08000000, Size: 0x0000aa50, Max: 0x00010000, ABSOLUTE, COMPRESSED[0x0000a94c])

    Execution Region ER_IROM1 (Base: 0x08000000, Size: 0x0000a880, Max: 0x00010000, ABSOLUTE)

    Base Addr    Size         Type   Attr      Idx    E Section Name        Object

    0x08000000   0x000000ec   Data   RO            3    RESET               startup_stm32f103xb.o
    0x080000ec   0x00000000   Code   RO         7030  * .ARM.Collect$$$$00000000  mc_w.l(entry.o)
    0x080000ec   0x00000004   Code   RO         7452    .ARM.Collect$$$$00000001  mc_w.l(entry2.o)
    0x080000f0   0x00000004   Code   RO         7455    .ARM.Collect$$$$00000004  mc_w.l(entry5.o)
    0x080000f4   0x00000000   Code   RO         7457    .ARM.Collect$$$$00000008  mc_w.l(entry7b.o)
    0x080000f4   0x00000000   Code   RO         7459    .ARM.Collect$$$$0000000A  mc_w.l(entry8b.o)
    0x080000f4   0x00000008   Code   RO         7460    .ARM.Collect$$$$0000000B  mc_w.l(entry9a.o)
    0x080000fc   0x00000000   Code   RO         7462    .ARM.Collect$$$$0000000D  mc_w.l(entry10a.o)
    0x080000fc   0x00000000   Code   RO         7464    .ARM.Collect$$$$0000000F  mc_w.l(entry11a.o)
    0x080000fc   0x00000004   Code   RO         7453    .ARM.Collect$$$$00002712  mc_w.l(entry2.o)
    0x08000100   0x00000096   Code   RO         4896    .emb_text           port.o
    0x08000196   0x00000002   PAD
    0x08000198   0x00000024   Code   RO            4    .text               startup_stm32f103xb.o
    0x080001bc   0x00000020   Code   RO         7035    .text               mc_w.l(llushr.o)
    0x080001dc   0x00000008   Code   RO         7037    .text               mc_w.l(ctype_o.o)
    0x080001e4   0x00000012   Code   RO         7059    .text               mc_w.l(isspace_o.o)
    0x080001f6   0x0000000c   Code   RO         7065    .text               mc_w.l(tolower.o)
    0x08000202   0x00000002   PAD
    0x08000204   0x000000a8   Code   RO         7071    .text               mc_w.l(mktime.o)
    0x080002ac   0x00000040   Code   RO         7084    .text               mc_w.l(memmovea.o)
    0x080002ec   0x00000024   Code   RO         7088    .text               mc_w.l(memseta.o)
    0x08000310   0x00000018   Code   RO         7090    .text               mc_w.l(strcat.o)
    0x08000328   0x00000024   Code   RO         7092    .text               mc_w.l(strstr.o)
    0x0800034c   0x00000014   Code   RO         7094    .text               mc_w.l(strchr.o)
    0x08000360   0x0000000e   Code   RO         7096    .text               mc_w.l(strlen.o)
    0x0800036e   0x00000012   Code   RO         7098    .text               mc_w.l(strcpy.o)
    0x08000380   0x0000001e   Code   RO         7100    .text               mc_w.l(strncmp.o)
    0x0800039e   0x00000064   Code   RO         7395    .text               mf_w.l(fmul.o)
    0x08000402   0x0000007c   Code   RO         7397    .text               mf_w.l(fdiv.o)
    0x0800047e   0x0000014e   Code   RO         7399    .text               mf_w.l(dadd.o)
    0x080005cc   0x000000e4   Code   RO         7401    .text               mf_w.l(dmul.o)
    0x080006b0   0x000000de   Code   RO         7403    .text               mf_w.l(ddiv.o)
    0x0800078e   0x00000012   Code   RO         7405    .text               mf_w.l(fflti.o)
    0x080007a0   0x0000000a   Code   RO         7407    .text               mf_w.l(ffltui.o)
    0x080007aa   0x00000022   Code   RO         7409    .text               mf_w.l(dflti.o)
    0x080007cc   0x0000001a   Code   RO         7411    .text               mf_w.l(dfltui.o)
    0x080007e6   0x00000028   Code   RO         7413    .text               mf_w.l(ffixui.o)
    0x0800080e   0x0000003e   Code   RO         7415    .text               mf_w.l(dfixi.o)
    0x0800084c   0x00000032   Code   RO         7417    .text               mf_w.l(dfixui.o)
    0x0800087e   0x00000026   Code   RO         7419    .text               mf_w.l(f2d.o)
    0x080008a4   0x00000030   Code   RO         7421    .text               mf_w.l(cdcmple.o)
    0x080008d4   0x00000030   Code   RO         7423    .text               mf_w.l(cdrcmple.o)
    0x08000904   0x0000002c   Code   RO         7469    .text               mc_w.l(uidiv.o)
    0x08000930   0x00000062   Code   RO         7471    .text               mc_w.l(uldiv.o)
    0x08000992   0x0000001e   Code   RO         7473    .text               mc_w.l(llshl.o)
    0x080009b0   0x00000024   Code   RO         7475    .text               mc_w.l(llsshr.o)
    0x080009d4   0x0000000c   Code   RO         7477    .text               mc_w.l(localtime_w.o)
    0x080009e0   0x0000008c   Code   RO         7480    .text               mc_w.l(localtime_i.o)
    0x08000a6c   0x0000009c   Code   RO         7492    .text               mc_w.l(strtod.o)
    0x08000b08   0x00000000   Code   RO         7494    .text               mc_w.l(iusefp.o)
    0x08000b08   0x0000006e   Code   RO         7495    .text               mf_w.l(fepilogue.o)
    0x08000b76   0x000000ba   Code   RO         7497    .text               mf_w.l(depilogue.o)
    0x08000c30   0x0000002e   Code   RO         7499    .text               mf_w.l(dscalb.o)
    0x08000c5e   0x00000030   Code   RO         7501    .text               mf_w.l(dfixul.o)
    0x08000c8e   0x00000002   PAD
    0x08000c90   0x00000024   Code   RO         7503    .text               mc_w.l(init.o)
    0x08000cb4   0x00000338   Code   RO         7508    .text               mc_w.l(scanf_fp.o)
    0x08000fec   0x00000040   Code   RO         7512    .text               mc_w.l(_sgetc.o)
    0x0800102c   0x000000a2   Code   RO         7515    .text               mf_w.l(dsqrt.o)
    0x080010ce   0x00000018   Code   RO         7520    .text               mf_w.l(dfltul.o)
    0x080010e6   0x00000038   Code   RO         7522    .text               mf_w.l(d2f.o)
    0x0800111e   0x00000056   Code   RO         7532    .text               mc_w.l(__dczerorl2.o)
    0x08001174   0x00000004   Code   RO         6604    i.AQI_Process       dsl_08.o
    0x08001178   0x00000060   Code   RO         5980    i.AbneEvt_Dispose   direct.o
    0x080011d8   0x00000002   Code   RO          529    i.BusFault_Handler  stm32f1xx_it.o
    0x080011da   0x00000002   Code   RO          530    i.DebugMon_Handler  stm32f1xx_it.o
    0x080011dc   0x00000034   Code   RO         5904    i.DelayMs           delay.o
    0x08001210   0x00000040   Code   RO         5905    i.DelayUs           delay.o
    0x08001250   0x0000000e   Code   RO         5906    i.DelayXms          delay.o
    0x0800125e   0x00000002   PAD
    0x08001260   0x00000010   Code   RO          674    i.Dev_FwVer_Read    sysparams.o
    0x08001270   0x00000050   Code   RO          675    i.Dev_GroupInfo_Change  sysparams.o
    0x080012c0   0x00000020   Code   RO          676    i.Dev_GroupInfo_Init  sysparams.o
    0x080012e0   0x00000014   Code   RO          677    i.Dev_Loc_Read      sysparams.o
    0x080012f4   0x0000005c   Code   RO          678    i.Dev_Location_Change  sysparams.o
    0x08001350   0x00000030   Code   RO          679    i.Dev_Location_Init  sysparams.o
    0x08001380   0x00000068   Code   RO          680    i.Dev_Mac_Init      sysparams.o
    0x080013e8   0x00000050   Code   RO          772    i.Dev_Set_Time      rtc.o
    0x08001438   0x0000004c   Code   RO          681    i.Dev_UpLoad_Per_Change  sysparams.o
    0x08001484   0x00000028   Code   RO          682    i.Dev_UpLoad_Per_Init  sysparams.o
    0x080014ac   0x00000010   Code   RO          683    i.Dev_UpLoad_Per_Read  sysparams.o
    0x080014bc   0x00000004   Code   RO          684    i.Device_Reboot     sysparams.o
    0x080014c0   0x000000d4   Code   RO          229    i.Dir_Light_GPIO_Control  gpio.o
    0x08001594   0x000000f8   Code   RO          230    i.Dir_Light_GPIO_Init  gpio.o
    0x0800168c   0x00000074   Code   RO          231    i.Dir_Light_GPIO_Status_Get  gpio.o
    0x08001700   0x00000004   Code   RO         5981    i.Direct_GPIO_Init  direct.o
    0x08001704   0x00000010   Code   RO         5982    i.Direct_Init       direct.o
    0x08001714   0x00000004   Code   RO         5983    i.Direct_Light_Control  direct.o
    0x08001718   0x00000004   Code   RO         5984    i.Direct_Light_Get  direct.o
    0x0800171c   0x00000004   Code   RO           13    i.Error_Handler     main.o
    0x08001720   0x00000024   Code   RO         1736    i.FLASH_PageErase   stm32f1xx_hal_flash_ex.o
    0x08001744   0x0000001c   Code   RO         1624    i.FLASH_Program_HalfWord  stm32f1xx_hal_flash.o
    0x08001760   0x0000005c   Code   RO         1625    i.FLASH_SetErrorCode  stm32f1xx_hal_flash.o
    0x080017bc   0x00000054   Code   RO         1626    i.FLASH_WaitForLastOperation  stm32f1xx_hal_flash.o
    0x08001810   0x00000046   Code   RO         1288    i.HAL_DMA_Abort     stm32f1xx_hal_dma.o
    0x08001856   0x00000002   PAD
    0x08001858   0x00000098   Code   RO         1289    i.HAL_DMA_Abort_IT  stm32f1xx_hal_dma.o
    0x080018f0   0x00000024   Code   RO          911    i.HAL_Delay         stm32f1xx_hal.o
    0x08001914   0x00000014   Code   RO         1630    i.HAL_FLASH_Lock    stm32f1xx_hal_flash.o
    0x08001928   0x0000008c   Code   RO         1635    i.HAL_FLASH_Program  stm32f1xx_hal_flash.o
    0x080019b4   0x00000028   Code   RO         1637    i.HAL_FLASH_Unlock  stm32f1xx_hal_flash.o
    0x080019dc   0x000001f0   Code   RO         1224    i.HAL_GPIO_Init     stm32f1xx_hal_gpio.o
    0x08001bcc   0x0000000e   Code   RO         1226    i.HAL_GPIO_ReadPin  stm32f1xx_hal_gpio.o
    0x08001bda   0x00000010   Code   RO         1227    i.HAL_GPIO_TogglePin  stm32f1xx_hal_gpio.o
    0x08001bea   0x0000000e   Code   RO         1228    i.HAL_GPIO_WritePin  stm32f1xx_hal_gpio.o
    0x08001bf8   0x0000000c   Code   RO          915    i.HAL_GetTick       stm32f1xx_hal.o
    0x08001c04   0x0000005a   Code   RO         3431    i.HAL_IWDG_Init     stm32f1xx_hal_iwdg.o
    0x08001c5e   0x0000000c   Code   RO         3432    i.HAL_IWDG_Refresh  stm32f1xx_hal_iwdg.o
    0x08001c6a   0x00000002   PAD
    0x08001c6c   0x00000010   Code   RO          921    i.HAL_IncTick       stm32f1xx_hal.o
    0x08001c7c   0x00000024   Code   RO          922    i.HAL_Init          stm32f1xx_hal.o
    0x08001ca0   0x00000074   Code   RO          635    i.HAL_InitTick      stm32f1xx_hal_timebase_tim.o
    0x08001d14   0x00000034   Code   RO          611    i.HAL_MspInit       stm32f1xx_hal_msp.o
    0x08001d48   0x0000001a   Code   RO         1384    i.HAL_NVIC_EnableIRQ  stm32f1xx_hal_cortex.o
    0x08001d62   0x00000002   PAD
    0x08001d64   0x00000040   Code   RO         1390    i.HAL_NVIC_SetPriority  stm32f1xx_hal_cortex.o
    0x08001da4   0x00000024   Code   RO         1391    i.HAL_NVIC_SetPriorityGrouping  stm32f1xx_hal_cortex.o
    0x08001dc8   0x00000024   Code   RO         1392    i.HAL_NVIC_SystemReset  stm32f1xx_hal_cortex.o
    0x08001dec   0x0000000c   Code   RO         1506    i.HAL_PWR_EnableBkUpAccess  stm32f1xx_hal_pwr.o
    0x08001df8   0x000000d0   Code   RO         1186    i.HAL_RCCEx_GetPeriphCLKFreq  stm32f1xx_hal_rcc_ex.o
    0x08001ec8   0x0000010c   Code   RO         1187    i.HAL_RCCEx_PeriphCLKConfig  stm32f1xx_hal_rcc_ex.o
    0x08001fd4   0x00000154   Code   RO         1079    i.HAL_RCC_ClockConfig  stm32f1xx_hal_rcc.o
    0x08002128   0x0000003c   Code   RO         1083    i.HAL_RCC_GetClockConfig  stm32f1xx_hal_rcc.o
    0x08002164   0x0000000c   Code   RO         1084    i.HAL_RCC_GetHCLKFreq  stm32f1xx_hal_rcc.o
    0x08002170   0x00000020   Code   RO         1086    i.HAL_RCC_GetPCLK1Freq  stm32f1xx_hal_rcc.o
    0x08002190   0x00000020   Code   RO         1087    i.HAL_RCC_GetPCLK2Freq  stm32f1xx_hal_rcc.o
    0x080021b0   0x00000074   Code   RO         1088    i.HAL_RCC_GetSysClockFreq  stm32f1xx_hal_rcc.o
    0x08002224   0x00000384   Code   RO         1091    i.HAL_RCC_OscConfig  stm32f1xx_hal_rcc.o
    0x080025a8   0x00000052   Code   RO         3261    i.HAL_RTC_GetDate   stm32f1xx_hal_rtc.o
    0x080025fa   0x000000ea   Code   RO         3263    i.HAL_RTC_GetTime   stm32f1xx_hal_rtc.o
    0x080026e4   0x000000b4   Code   RO         3264    i.HAL_RTC_Init      stm32f1xx_hal_rtc.o
    0x08002798   0x00000048   Code   RO          774    i.HAL_RTC_MspInit   rtc.o
    0x080027e0   0x000000d4   Code   RO         3270    i.HAL_RTC_SetDate   stm32f1xx_hal_rtc.o
    0x080028b4   0x000000b8   Code   RO         3271    i.HAL_RTC_SetTime   stm32f1xx_hal_rtc.o
    0x0800296c   0x0000003c   Code   RO         3272    i.HAL_RTC_WaitForSynchro  stm32f1xx_hal_rtc.o
    0x080029a8   0x00000002   Code   RO         2622    i.HAL_TIMEx_BreakCallback  stm32f1xx_hal_tim_ex.o
    0x080029aa   0x00000002   Code   RO         2623    i.HAL_TIMEx_CommutCallback  stm32f1xx_hal_tim_ex.o
    0x080029ac   0x0000004a   Code   RO         1907    i.HAL_TIM_Base_Init  stm32f1xx_hal_tim.o
    0x080029f6   0x00000002   Code   RO         1909    i.HAL_TIM_Base_MspInit  stm32f1xx_hal_tim.o
    0x080029f8   0x00000064   Code   RO         1912    i.HAL_TIM_Base_Start_IT  stm32f1xx_hal_tim.o
    0x08002a5c   0x00000002   Code   RO         1941    i.HAL_TIM_IC_CaptureCallback  stm32f1xx_hal_tim.o
    0x08002a5e   0x0000016e   Code   RO         1955    i.HAL_TIM_IRQHandler  stm32f1xx_hal_tim.o
    0x08002bcc   0x00000002   Code   RO         1958    i.HAL_TIM_OC_DelayElapsedCallback  stm32f1xx_hal_tim.o
    0x08002bce   0x00000002   Code   RO         1985    i.HAL_TIM_PWM_PulseFinishedCallback  stm32f1xx_hal_tim.o
    0x08002bd0   0x0000000e   Code   RO           14    i.HAL_TIM_PeriodElapsedCallback  main.o
    0x08002bde   0x00000002   Code   RO         1998    i.HAL_TIM_TriggerCallback  stm32f1xx_hal_tim.o
    0x08002be0   0x00000052   Code   RO         2899    i.HAL_UARTEx_ReceiveToIdle_IT  stm32f1xx_hal_uart.o
    0x08002c32   0x00000002   PAD
    0x08002c34   0x00000020   Code   RO         6822    i.HAL_UARTEx_RxEventCallback  net_io.o
    0x08002c54   0x00000028   Code   RO         6605    i.HAL_UART_ErrorCallback  dsl_08.o
    0x08002c7c   0x000001cc   Code   RO         2917    i.HAL_UART_IRQHandler  stm32f1xx_hal_uart.o
    0x08002e48   0x00000064   Code   RO         2918    i.HAL_UART_Init     stm32f1xx_hal_uart.o
    0x08002eac   0x0000014c   Code   RO          460    i.HAL_UART_MspInit  usart.o
    0x08002ff8   0x0000002e   Code   RO         2923    i.HAL_UART_Receive_IT  stm32f1xx_hal_uart.o
    0x08003026   0x00000002   PAD
    0x08003028   0x00000040   Code   RO         6823    i.HAL_UART_RxCpltCallback  net_io.o
    0x08003068   0x000000be   Code   RO         2926    i.HAL_UART_Transmit  stm32f1xx_hal_uart.o
    0x08003126   0x00000002   Code   RO         2929    i.HAL_UART_TxCpltCallback  stm32f1xx_hal_uart.o
    0x08003128   0x00000002   Code   RO          531    i.HardFault_Handler  stm32f1xx_it.o
    0x0800312a   0x00000002   PAD
    0x0800312c   0x0000004c   Code   RO          232    i.IIC1_GPIO_Init    gpio.o
    0x08003178   0x0000003c   Code   RO         6518    i.IIC_Ack           myiic.o
    0x080031b4   0x00000018   Code   RO         6519    i.IIC_Init          myiic.o
    0x080031cc   0x0000003c   Code   RO         6520    i.IIC_NAck          myiic.o
    0x08003208   0x0000007c   Code   RO         6521    i.IIC_Read_Byte     myiic.o
    0x08003284   0x00000070   Code   RO         6522    i.IIC_Send_Byte     myiic.o
    0x080032f4   0x00000044   Code   RO         6523    i.IIC_Start         myiic.o
    0x08003338   0x0000004c   Code   RO         6524    i.IIC_Stop          myiic.o
    0x08003384   0x00000060   Code   RO         6525    i.IIC_Wait_Ack      myiic.o
    0x080033e4   0x00000014   Code   RO          305    i.IWDG_Task         freertos.o
    0x080033f8   0x0000000c   Code   RO          832    i.Iwdg_Feed         iwdg.o
    0x08003404   0x00000080   Code   RO          306    i.MX_FREERTOS_Init  freertos.o
    0x08003484   0x000000c4   Code   RO          233    i.MX_GPIO_Init      gpio.o
    0x08003548   0x0000002c   Code   RO          833    i.MX_IWDG_Init      iwdg.o
    0x08003574   0x00000068   Code   RO          775    i.MX_RTC_Init       rtc.o
    0x080035dc   0x00000038   Code   RO          461    i.MX_USART1_UART_Init  usart.o
    0x08003614   0x00000038   Code   RO          463    i.MX_USART3_UART_Init  usart.o
    0x0800364c   0x00000002   Code   RO          532    i.MemManage_Handler  stm32f1xx_it.o
    0x0800364e   0x000000a2   Code   RO         5856    i.MqttBuffer_AllocExtent  mqtt_buffer.o
    0x080036f0   0x0000004a   Code   RO         5857    i.MqttBuffer_Append  mqtt_buffer.o
    0x0800373a   0x0000001e   Code   RO         5858    i.MqttBuffer_AppendExtent  mqtt_buffer.o
    0x08003758   0x00000004   Code   RO         5859    i.MqttBuffer_Destroy  mqtt_buffer.o
    0x0800375c   0x00000014   Code   RO         5860    i.MqttBuffer_Init   mqtt_buffer.o
    0x08003770   0x0000002a   Code   RO         5861    i.MqttBuffer_Reset  mqtt_buffer.o
    0x0800379a   0x00000002   PAD
    0x0800379c   0x00000064   Code   RO         5709    i.MqttSample_HandleCmd  mqtt_app.o
    0x08003800   0x00000068   Code   RO         5710    i.MqttSample_HandleConnAck  mqtt_app.o
    0x08003868   0x00000010   Code   RO         5711    i.MqttSample_HandlePingResp  mqtt_app.o
    0x08003878   0x00000040   Code   RO         5712    i.MqttSample_HandlePubAck  mqtt_app.o
    0x080038b8   0x00000040   Code   RO         5713    i.MqttSample_HandlePubComp  mqtt_app.o
    0x080038f8   0x00000044   Code   RO         5714    i.MqttSample_HandlePubRec  mqtt_app.o
    0x0800393c   0x00000040   Code   RO         5715    i.MqttSample_HandlePubRel  mqtt_app.o
    0x0800397c   0x00000028   Code   RO         5716    i.MqttSample_HandlePublish  mqtt_app.o
    0x080039a4   0x00000044   Code   RO         5717    i.MqttSample_HandleSubAck  mqtt_app.o
    0x080039e8   0x00000040   Code   RO         5718    i.MqttSample_HandleUnsubAck  mqtt_app.o
    0x08003a28   0x000000e4   Code   RO         5719    i.MqttSample_Init   mqtt_app.o
    0x08003b0c   0x0000003a   Code   RO         5720    i.MqttSample_Publish  mqtt_app.o
    0x08003b46   0x00000002   PAD
    0x08003b48   0x0000002c   Code   RO         5722    i.MqttSample_RecvPkt  mqtt_app.o
    0x08003b74   0x00000138   Code   RO         5724    i.MqttSample_Savedata  mqtt_app.o
    0x08003cac   0x0000007c   Code   RO         5725    i.MqttSample_SendPkt  mqtt_app.o
    0x08003d28   0x0000001c   Code   RO         5726    i.MqttSample_Subscribe  mqtt_app.o
    0x08003d44   0x00000040   Code   RO         5325    i.Mqtt_CheckUtf8    mqtt.o
    0x08003d84   0x0000005e   Code   RO         5327    i.Mqtt_Dispatch     mqtt.o
    0x08003de2   0x00000024   Code   RO         5328    i.Mqtt_DumpLength   mqtt.o
    0x08003e06   0x00000032   Code   RO         5332    i.Mqtt_HandleConnAck  mqtt.o
    0x08003e38   0x00000012   Code   RO         5333    i.Mqtt_HandlePingResp  mqtt.o
    0x08003e4a   0x0000002c   Code   RO         5334    i.Mqtt_HandlePubAck  mqtt.o
    0x08003e76   0x0000002c   Code   RO         5335    i.Mqtt_HandlePubComp  mqtt.o
    0x08003ea2   0x00000066   Code   RO         5336    i.Mqtt_HandlePubRec  mqtt.o
    0x08003f08   0x00000066   Code   RO         5337    i.Mqtt_HandlePubRel  mqtt.o
    0x08003f6e   0x00000002   PAD
    0x08003f70   0x00000288   Code   RO         5338    i.Mqtt_HandlePublish  mqtt.o
    0x080041f8   0x00000050   Code   RO         5339    i.Mqtt_HandleSubAck  mqtt.o
    0x08004248   0x0000002c   Code   RO         5340    i.Mqtt_HandleUnsubAck  mqtt.o
    0x08004274   0x00000028   Code   RO         5342    i.Mqtt_InitContext  mqtt.o
    0x0800429c   0x00000074   Code   RO         5343    i.Mqtt_IsLegalUtf8  mqtt.o
    0x08004310   0x00000044   Code   RO         5350    i.Mqtt_PackPubAckPkt  mqtt.o
    0x08004354   0x00000044   Code   RO         5351    i.Mqtt_PackPubCompPkt  mqtt.o
    0x08004398   0x00000044   Code   RO         5352    i.Mqtt_PackPubRecPkt  mqtt.o
    0x080043dc   0x0000003c   Code   RO         5353    i.Mqtt_PackPubRelPkt  mqtt.o
    0x08004418   0x00000108   Code   RO         5354    i.Mqtt_PackPublishPkt  mqtt.o
    0x08004520   0x000000ea   Code   RO         5355    i.Mqtt_PackSubscribePkt  mqtt.o
    0x0800460a   0x00000026   Code   RO         5357    i.Mqtt_PktWriteString  mqtt.o
    0x08004630   0x0000000a   Code   RO         5358    i.Mqtt_RB16         mqtt.o
    0x0800463a   0x0000003e   Code   RO         5360    i.Mqtt_ReadLength   mqtt.o
    0x08004678   0x000000a2   Code   RO         5361    i.Mqtt_RecvPkt      mqtt.o
    0x0800471a   0x00000094   Code   RO         5362    i.Mqtt_SendPkt      mqtt.o
    0x080047ae   0x00000008   Code   RO         5364    i.Mqtt_WB16         mqtt.o
    0x080047b6   0x00000002   PAD
    0x080047b8   0x00000080   Code   RO          234    i.MultiPlexer_CH_Sel  gpio.o
    0x08004838   0x00000090   Code   RO          235    i.MultiPlexer_GPIO_Init  gpio.o
    0x080048c8   0x00000004   Code   RO         6715    i.NET_DEVICE_ClrData  net_device.o
    0x080048cc   0x0000009c   Code   RO          236    i.NET_DEVICE_GPIO_Init  gpio.o
    0x08004968   0x00000034   Code   RO         6717    i.NET_DEVICE_GetIPD  net_device.o
    0x0800499c   0x00000010   Code   RO         6718    i.NET_DEVICE_Get_DataMode  net_device.o
    0x080049ac   0x00000030   Code   RO         6719    i.NET_DEVICE_IO_Init  net_device.o
    0x080049dc   0x00000004   Code   RO         6726    i.NET_DEVICE_SendData  net_device.o
    0x080049e0   0x00000010   Code   RO         6727    i.NET_DEVICE_Set_DataMode  net_device.o
    0x080049f0   0x00000018   Code   RO         6824    i.NET_IO_ClearRecive  net_io.o
    0x08004a08   0x00000020   Code   RO         6825    i.NET_IO_Init       net_io.o
    0x08004a28   0x00000014   Code   RO         6826    i.NET_IO_Send       net_io.o
    0x08004a3c   0x00000020   Code   RO         6827    i.NET_IO_WaitRecive  net_io.o
    0x08004a5c   0x00000048   Code   RO          307    i.NET_Task          freertos.o
    0x08004aa4   0x00000002   Code   RO          533    i.NMI_Handler       stm32f1xx_it.o
    0x08004aa6   0x00000002   PAD
    0x08004aa8   0x00000704   Code   RO         6914    i.OneNet_App        onenet.o
    0x080051ac   0x0000007c   Code   RO         6917    i.OneNet_Evesdrop   onenet.o
    0x08005228   0x000001d0   Code   RO         6919    i.OneNet_OnLine     onenet.o
    0x080053f8   0x00000070   Code   RO         6920    i.OneNet_Publish    onenet.o
    0x08005468   0x00000278   Code   RO         6921    i.OneNet_SendData   onenet.o
    0x080056e0   0x000000e8   Code   RO         6922    i.OneNet_Send_Process  onenet.o
    0x080057c8   0x000000d4   Code   RO         6923    i.OneNet_Subscribe  onenet.o
    0x0800589c   0x00000058   Code   RO          237    i.PMSensor_GPIO_Init  gpio.o
    0x080058f4   0x0000005c   Code   RO         6606    i.PM_Data_Read      dsl_08.o
    0x08005950   0x00000014   Code   RO         6607    i.PM_IO_ClearReceive  dsl_08.o
    0x08005964   0x00000028   Code   RO         6608    i.PM_IO_Init        dsl_08.o
    0x0800598c   0x00000024   Code   RO         6609    i.PM_IO_Send        dsl_08.o
    0x080059b0   0x00000014   Code   RO         6610    i.PM_IO_WaitReceive  dsl_08.o
    0x080059c4   0x00000034   Code   RO         6611    i.PM_LRC_Check      dsl_08.o
    0x080059f8   0x00000006   Code   RO         6612    i.PM_Mode_Change    dsl_08.o
    0x080059fe   0x00000002   PAD
    0x08005a00   0x00000060   Code   RO         6613    i.PM_Receive_Data   dsl_08.o
    0x08005a60   0x0000002c   Code   RO         6614    i.PM_Send_CMD       dsl_08.o
    0x08005a8c   0x00000020   Code   RO         6616    i.PM_Sensor_Init    dsl_08.o
    0x08005aac   0x00000018   Code   RO         6617    i.PM_UARTEx_RxEventCallback  dsl_08.o
    0x08005ac4   0x00000024   Code   RO         1092    i.RCC_Delay         stm32f1xx_hal_rcc.o
    0x08005ae8   0x00000012   Code   RO         3273    i.RTC_Bcd2ToByte    stm32f1xx_hal_rtc.o
    0x08005afa   0x00000016   Code   RO         3274    i.RTC_ByteToBcd2    stm32f1xx_hal_rtc.o
    0x08005b10   0x000000ae   Code   RO         3275    i.RTC_DateUpdate    stm32f1xx_hal_rtc.o
    0x08005bbe   0x00000034   Code   RO         3276    i.RTC_EnterInitMode  stm32f1xx_hal_rtc.o
    0x08005bf2   0x00000034   Code   RO         3277    i.RTC_ExitInitMode  stm32f1xx_hal_rtc.o
    0x08005c26   0x0000002e   Code   RO         3278    i.RTC_IsLeapYear    stm32f1xx_hal_rtc.o
    0x08005c54   0x0000000e   Code   RO         3279    i.RTC_ReadAlarmCounter  stm32f1xx_hal_rtc.o
    0x08005c62   0x00000020   Code   RO         3280    i.RTC_ReadTimeCounter  stm32f1xx_hal_rtc.o
    0x08005c82   0x00000066   Code   RO         3281    i.RTC_WeekDayNum    stm32f1xx_hal_rtc.o
    0x08005ce8   0x0000002e   Code   RO         3282    i.RTC_WriteAlarmCounter  stm32f1xx_hal_rtc.o
    0x08005d16   0x0000002e   Code   RO         3283    i.RTC_WriteTimeCounter  stm32f1xx_hal_rtc.o
    0x08005d44   0x00000074   Code   RO          776    i.Read_MS           rtc.o
    0x08005db8   0x000000b0   Code   RO          777    i.Read_Stamp        rtc.o
    0x08005e68   0x0000004c   Code   RO         6091    i.SCDxx_Process     scd4x_i2c.o
    0x08005eb4   0x0000000c   Code   RO          308    i.SEND_Task         freertos.o
    0x08005ec0   0x00000064   Code   RO          309    i.SENSOR_Task       freertos.o
    0x08005f24   0x0000001e   Code   RO         6037    i.STMFLASH_Read     stmflash.o
    0x08005f42   0x00000004   Code   RO         6038    i.STMFLASH_ReadHalfWord  stmflash.o
    0x08005f46   0x00000004   Code   RO         6039    i.STMFLASH_ReadWord  stmflash.o
    0x08005f4a   0x00000002   PAD
    0x08005f4c   0x000000e4   Code   RO         6040    i.STMFLASH_Write    stmflash.o
    0x08006030   0x0000002a   Code   RO         6041    i.STMFLASH_Write_NoCheck  stmflash.o
    0x0800605a   0x00000002   PAD
    0x0800605c   0x0000002c   Code   RO         4897    i.SysTick_Handler   port.o
    0x08006088   0x0000007c   Code   RO           15    i.SystemClock_Config  main.o
    0x08006104   0x00000002   Code   RO         3462    i.SystemInit        system_stm32f1xx.o
    0x08006106   0x00000002   PAD
    0x08006108   0x0000000c   Code   RO          534    i.TIM2_IRQHandler   stm32f1xx_it.o
    0x08006114   0x0000006c   Code   RO         2000    i.TIM_Base_SetConfig  stm32f1xx_hal_tim.o
    0x08006180   0x00000010   Code   RO         2931    i.UART_DMAAbortOnError  stm32f1xx_hal_uart.o
    0x08006190   0x00000030   Code   RO         2941    i.UART_EndRxTransfer  stm32f1xx_hal_uart.o
    0x080061c0   0x0000001a   Code   RO         2942    i.UART_EndTransmit_IT  stm32f1xx_hal_uart.o
    0x080061da   0x000000bc   Code   RO         2944    i.UART_Receive_IT   stm32f1xx_hal_uart.o
    0x08006296   0x00000002   PAD
    0x08006298   0x000000b8   Code   RO         2945    i.UART_SetConfig    stm32f1xx_hal_uart.o
    0x08006350   0x00000036   Code   RO         2947    i.UART_Start_Receive_IT  stm32f1xx_hal_uart.o
    0x08006386   0x0000005e   Code   RO         2948    i.UART_Transmit_IT  stm32f1xx_hal_uart.o
    0x080063e4   0x00000064   Code   RO         2949    i.UART_WaitOnFlagUntilTimeout  stm32f1xx_hal_uart.o
    0x08006448   0x0000000c   Code   RO          535    i.USART1_IRQHandler  stm32f1xx_it.o
    0x08006454   0x0000000c   Code   RO          536    i.USART2_IRQHandler  stm32f1xx_it.o
    0x08006460   0x0000000c   Code   RO          537    i.USART3_IRQHandler  stm32f1xx_it.o
    0x0800646c   0x00000054   Code   RO          311    i.USART_Task        freertos.o
    0x080064c0   0x00000002   Code   RO          538    i.UsageFault_Handler  stm32f1xx_it.o
    0x080064c2   0x00000002   Code   RO          464    i.UsartPrintf       usart.o
    0x080064c4   0x00000028   Code   RO         7341    i.__0sprintf        mc_w.l(printfa.o)
    0x080064ec   0x00000028   Code   RO         7439    i.__ARM_fpclassify  m_ws.l(fpclassify.o)
    0x08006514   0x00000020   Code   RO         1397    i.__NVIC_SetPriority  stm32f1xx_hal_cortex.o
    0x08006534   0x000000aa   Code   RO         7441    i.__kernel_poly     m_ws.l(poly.o)
    0x080065de   0x00000002   PAD
    0x080065e0   0x00000010   Code   RO         7425    i.__mathlib_dbl_divzero  m_ws.l(dunder.o)
    0x080065f0   0x00000004   Code   RO         7427    i.__mathlib_dbl_infnan2  m_ws.l(dunder.o)
    0x080065f4   0x0000000c   Code   RO         7428    i.__mathlib_dbl_invalid  m_ws.l(dunder.o)
    0x08006600   0x0000000e   Code   RO         7429    i.__mathlib_dbl_overflow  m_ws.l(dunder.o)
    0x0800660e   0x00000002   PAD
    0x08006610   0x00000010   Code   RO         7431    i.__mathlib_dbl_underflow  m_ws.l(dunder.o)
    0x08006620   0x0000000e   Code   RO         7526    i.__scatterload_copy  mc_w.l(handlers.o)
    0x0800662e   0x00000002   Code   RO         7527    i.__scatterload_null  mc_w.l(handlers.o)
    0x08006630   0x0000000e   Code   RO         7528    i.__scatterload_zeroinit  mc_w.l(handlers.o)
    0x0800663e   0x00000002   PAD
    0x08006640   0x0000000c   Code   RO         7487    i.__set_errno       mc_w.l(errno.o)
    0x0800664c   0x00000184   Code   RO         7346    i._fp_digits        mc_w.l(printfa.o)
    0x080067d0   0x0000000e   Code   RO         7510    i._is_digit         mc_w.l(scanf_fp.o)
    0x080067de   0x00000002   PAD
    0x080067e0   0x000006dc   Code   RO         7347    i._printf_core      mc_w.l(printfa.o)
    0x08006ebc   0x00000024   Code   RO         7348    i._printf_post_padding  mc_w.l(printfa.o)
    0x08006ee0   0x0000002e   Code   RO         7349    i._printf_pre_padding  mc_w.l(printfa.o)
    0x08006f0e   0x0000000a   Code   RO         7351    i._sputc            mc_w.l(printfa.o)
    0x08006f18   0x0000001c   Code   RO         4975    i.cJSON_AddItemToArray  cjson.o
    0x08006f34   0x00000030   Code   RO         4976    i.cJSON_AddItemToObject  cjson.o
    0x08006f64   0x00000010   Code   RO         4977    i.cJSON_CreateArray  cjson.o
    0x08006f74   0x00000040   Code   RO         4982    i.cJSON_CreateIntArray  cjson.o
    0x08006fb4   0x00000024   Code   RO         4984    i.cJSON_CreateNumber  cjson.o
    0x08006fd8   0x00000010   Code   RO         4985    i.cJSON_CreateObject  cjson.o
    0x08006fe8   0x0000001c   Code   RO         4986    i.cJSON_CreateString  cjson.o
    0x08007004   0x00000040   Code   RO         4989    i.cJSON_Delete      cjson.o
    0x08007044   0x0000000e   Code   RO         4991    i.cJSON_DeleteItemFromObject  cjson.o
    0x08007052   0x00000038   Code   RO         4992    i.cJSON_DetachItemFromArray  cjson.o
    0x0800708a   0x00000034   Code   RO         4993    i.cJSON_DetachItemFromObject  cjson.o
    0x080070be   0x00000012   Code   RO         4995    i.cJSON_GetArrayItem  cjson.o
    0x080070d0   0x00000010   Code   RO         4996    i.cJSON_GetArraySize  cjson.o
    0x080070e0   0x00000024   Code   RO         4998    i.cJSON_GetObjectItem  cjson.o
    0x08007104   0x00000020   Code   RO         5001    i.cJSON_New_Item    cjson.o
    0x08007124   0x00000008   Code   RO         5002    i.cJSON_Parse       cjson.o
    0x0800712c   0x00000064   Code   RO         5003    i.cJSON_ParseWithOpts  cjson.o
    0x08007190   0x00000008   Code   RO         5004    i.cJSON_Print       cjson.o
    0x08007198   0x00000040   Code   RO         5006    i.cJSON_ReplaceItemInArray  cjson.o
    0x080071d8   0x00000040   Code   RO         5007    i.cJSON_ReplaceItemInObject  cjson.o
    0x08007218   0x0000004c   Code   RO         5008    i.cJSON_strcasecmp  cjson.o
    0x08007264   0x00000030   Code   RO         5009    i.cJSON_strdup      cjson.o
    0x08007294   0x000000dc   Code   RO         7013    i.floor             m_ws.l(floor.o)
    0x08007370   0x00000010   Code   RO         4466    i.inHandlerMode     cmsis_os.o
    0x08007380   0x0000002a   Code   RO           16    i.main              main.o
    0x080073aa   0x0000000c   Code   RO         4468    i.makeFreeRtosPriority  cmsis_os.o
    0x080073b6   0x00000010   Code   RO         4470    i.osDelay           cmsis_os.o
    0x080073c6   0x00000010   Code   RO         4471    i.osDelayUntil      cmsis_os.o
    0x080073d6   0x0000000a   Code   RO         4473    i.osKernelStart     cmsis_os.o
    0x080073e0   0x00000018   Code   RO         4474    i.osKernelSysTick   cmsis_os.o
    0x080073f8   0x00000058   Code   RO         4507    i.osThreadCreate    cmsis_os.o
    0x08007450   0x0000009c   Code   RO         5011    i.parse_array       cjson.o
    0x080074ec   0x000000be   Code   RO         5012    i.parse_hex4        cjson.o
    0x080075aa   0x00000002   PAD
    0x080075ac   0x00000180   Code   RO         5013    i.parse_number      cjson.o
    0x0800772c   0x000000f0   Code   RO         5014    i.parse_object      cjson.o
    0x0800781c   0x0000017c   Code   RO         5015    i.parse_string      cjson.o
    0x08007998   0x000000bc   Code   RO         5016    i.parse_value       cjson.o
    0x08007a54   0x000009d8   Code   RO         7017    i.pow               m_ws.l(pow.o)
    0x0800842c   0x00000144   Code   RO         5017    i.print_array       cjson.o
    0x08008570   0x0000012c   Code   RO         5018    i.print_number      cjson.o
    0x0800869c   0x00000234   Code   RO         5019    i.print_object      cjson.o
    0x080088d0   0x00000006   Code   RO         5020    i.print_string      cjson.o
    0x080088d6   0x00000002   PAD
    0x080088d8   0x000000fc   Code   RO         5021    i.print_string_ptr  cjson.o
    0x080089d4   0x00000074   Code   RO         5022    i.print_value       cjson.o
    0x08008a48   0x00000070   Code   RO         3972    i.prvAddCurrentTaskToDelayedList  tasks.o
    0x08008ab8   0x00000088   Code   RO         3973    i.prvAddNewTaskToReadyList  tasks.o
    0x08008b40   0x00000058   Code   RO         4315    i.prvCheckForValidListAndQueue  timers.o
    0x08008b98   0x0000003c   Code   RO         3974    i.prvCheckTasksWaitingTermination  tasks.o
    0x08008bd4   0x00000028   Code   RO         3497    i.prvCopyDataFromQueue  queue.o
    0x08008bfc   0x0000006e   Code   RO         3498    i.prvCopyDataToQueue  queue.o
    0x08008c6a   0x00000040   Code   RO         3975    i.prvDeleteTCB      tasks.o
    0x08008caa   0x00000002   PAD
    0x08008cac   0x00000024   Code   RO         4316    i.prvGetNextExpireTime  timers.o
    0x08008cd0   0x0000004c   Code   RO         4847    i.prvHeapInit       heap_4.o
    0x08008d1c   0x00000028   Code   RO         3976    i.prvIdleTask       tasks.o
    0x08008d44   0x00000018   Code   RO         3501    i.prvInitialiseNewQueue  queue.o
    0x08008d5c   0x0000009a   Code   RO         3977    i.prvInitialiseNewTask  tasks.o
    0x08008df6   0x00000002   PAD
    0x08008df8   0x00000058   Code   RO         3978    i.prvInitialiseTaskLists  tasks.o
    0x08008e50   0x00000054   Code   RO         4848    i.prvInsertBlockIntoFreeList  heap_4.o
    0x08008ea4   0x00000040   Code   RO         4318    i.prvInsertTimerInActiveList  timers.o
    0x08008ee4   0x0000001a   Code   RO         3502    i.prvIsQueueEmpty   queue.o
    0x08008efe   0x0000001e   Code   RO         3503    i.prvIsQueueFull    queue.o
    0x08008f1c   0x0000005c   Code   RO         4319    i.prvProcessExpiredTimer  timers.o
    0x08008f78   0x000000cc   Code   RO         4320    i.prvProcessReceivedCommands  timers.o
    0x08009044   0x0000006c   Code   RO         4321    i.prvProcessTimerOrBlockTask  timers.o
    0x080090b0   0x00000024   Code   RO         3979    i.prvResetNextTaskUnblockTime  tasks.o
    0x080090d4   0x0000002c   Code   RO         4322    i.prvSampleTimeNow  timers.o
    0x08009100   0x0000006c   Code   RO         4323    i.prvSwitchTimerLists  timers.o
    0x0800916c   0x0000002c   Code   RO         4898    i.prvTaskExitError  port.o
    0x08009198   0x00000014   Code   RO         4324    i.prvTimerTask      timers.o
    0x080091ac   0x0000006a   Code   RO         3504    i.prvUnlockQueue    queue.o
    0x08009216   0x00000002   PAD
    0x08009218   0x000000d4   Code   RO         4849    i.pvPortMalloc      heap_4.o
    0x080092ec   0x0000001c   Code   RO         4899    i.pxPortInitialiseStack  port.o
    0x08009308   0x00000012   Code   RO         6098    i.scd4x_init        scd4x_i2c.o
    0x0800931a   0x00000002   PAD
    0x0800931c   0x0000003c   Code   RO         6106    i.scd4x_read_measurement  scd4x_i2c.o
    0x08009358   0x00000056   Code   RO         6107    i.scd4x_read_measurement_ticks  scd4x_i2c.o
    0x080093ae   0x00000028   Code   RO         6115    i.scd4x_start_periodic_measurement  scd4x_i2c.o
    0x080093d6   0x00000002   PAD
    0x080093d8   0x0000002c   Code   RO         6116    i.scd4x_stop_periodic_measurement  scd4x_i2c.o
    0x08009404   0x0000000a   Code   RO         6277    i.sensirion_common_bytes_to_uint16_t  sensirion_common.o
    0x0800940e   0x00000014   Code   RO         6347    i.sensirion_i2c_add_command_to_buffer  sensirion_i2c.o
    0x08009422   0x00000014   Code   RO         6353    i.sensirion_i2c_check_crc  sensirion_i2c.o
    0x08009436   0x00000034   Code   RO         6357    i.sensirion_i2c_generate_crc  sensirion_i2c.o
    0x0800946a   0x00000006   Code   RO         6467    i.sensirion_i2c_hal_init  sensirion_i2c_hal.o
    0x08009470   0x00000056   Code   RO         6468    i.sensirion_i2c_hal_read  sensirion_i2c_hal.o
    0x080094c6   0x00000006   Code   RO         6470    i.sensirion_i2c_hal_sleep_usec  sensirion_i2c_hal.o
    0x080094cc   0x0000005c   Code   RO         6471    i.sensirion_i2c_hal_write  sensirion_i2c_hal.o
    0x08009528   0x00000058   Code   RO         6359    i.sensirion_i2c_read_data_inplace  sensirion_i2c.o
    0x08009580   0x00000004   Code   RO         6364    i.sensirion_i2c_write_data  sensirion_i2c.o
    0x08009584   0x00000014   Code   RO         5023    i.skip              cjson.o
    0x08009598   0x0000004c   Code   RO         7445    i.sqrt              m_ws.l(sqrt.o)
    0x080095e4   0x0000001c   Code   RO         7027    i.strtod            m_ws.l(strtod.o)
    0x08009600   0x00000006   Code   RO         5024    i.suffix_object     cjson.o
    0x08009606   0x00000026   Code   RO         3790    i.uxListRemove      list.o
    0x0800962c   0x00000014   Code   RO          312    i.vApplicationGetIdleTaskMemory  freertos.o
    0x08009640   0x00000018   Code   RO          313    i.vApplicationGetTimerTaskMemory  freertos.o
    0x08009658   0x00000016   Code   RO         3791    i.vListInitialise   list.o
    0x0800966e   0x00000006   Code   RO         3792    i.vListInitialiseItem  list.o
    0x08009674   0x00000030   Code   RO         3793    i.vListInsert       list.o
    0x080096a4   0x00000018   Code   RO         3794    i.vListInsertEnd    list.o
    0x080096bc   0x00000040   Code   RO         4901    i.vPortEnterCritical  port.o
    0x080096fc   0x0000002c   Code   RO         4902    i.vPortExitCritical  port.o
    0x08009728   0x0000005c   Code   RO         4850    i.vPortFree         heap_4.o
    0x08009784   0x00000024   Code   RO         4903    i.vPortSetupTimerInterrupt  port.o
    0x080097a8   0x00000054   Code   RO         4904    i.vPortValidateInterruptPriority  port.o
    0x080097fc   0x00000024   Code   RO         3508    i.vQueueAddToRegistry  queue.o
    0x08009820   0x00000046   Code   RO         3511    i.vQueueWaitForMessageRestricted  queue.o
    0x08009866   0x00000002   PAD
    0x08009868   0x00000050   Code   RO         3990    i.vTaskDelay        tasks.o
    0x080098b8   0x00000098   Code   RO         3991    i.vTaskDelayUntil   tasks.o
    0x08009950   0x00000010   Code   RO         3994    i.vTaskInternalSetTimeOutState  tasks.o
    0x08009960   0x0000000c   Code   RO         3995    i.vTaskMissedYield  tasks.o
    0x0800996c   0x00000034   Code   RO         3997    i.vTaskPlaceOnEventList  tasks.o
    0x080099a0   0x0000003c   Code   RO         3998    i.vTaskPlaceOnEventListRestricted  tasks.o
    0x080099dc   0x00000090   Code   RO         4005    i.vTaskStartScheduler  tasks.o
    0x08009a6c   0x00000010   Code   RO         4007    i.vTaskSuspendAll   tasks.o
    0x08009a7c   0x00000060   Code   RO         4008    i.vTaskSwitchContext  tasks.o
    0x08009adc   0x000000a8   Code   RO         4905    i.xPortStartScheduler  port.o
    0x08009b84   0x0000006c   Code   RO         3515    i.xQueueGenericCreateStatic  queue.o
    0x08009bf0   0x0000008c   Code   RO         3516    i.xQueueGenericReset  queue.o
    0x08009c7c   0x00000164   Code   RO         3517    i.xQueueGenericSend  queue.o
    0x08009de0   0x000000be   Code   RO         3518    i.xQueueGenericSendFromISR  queue.o
    0x08009e9e   0x00000002   PAD
    0x08009ea0   0x0000013c   Code   RO         3524    i.xQueueReceive     queue.o
    0x08009fdc   0x0000007c   Code   RO         4009    i.xTaskCheckForTimeOut  tasks.o
    0x0800a058   0x00000064   Code   RO         4010    i.xTaskCreate       tasks.o
    0x0800a0bc   0x0000005c   Code   RO         4011    i.xTaskCreateStatic  tasks.o
    0x0800a118   0x0000001c   Code   RO         4016    i.xTaskGetSchedulerState  tasks.o
    0x0800a134   0x0000000c   Code   RO         4017    i.xTaskGetTickCount  tasks.o
    0x0800a140   0x00000010   Code   RO         4018    i.xTaskGetTickCountFromISR  tasks.o
    0x0800a150   0x000000cc   Code   RO         4019    i.xTaskIncrementTick  tasks.o
    0x0800a21c   0x00000098   Code   RO         4022    i.xTaskPriorityDisinherit  tasks.o
    0x0800a2b4   0x0000007c   Code   RO         4024    i.xTaskRemoveFromEventList  tasks.o
    0x0800a330   0x000000cc   Code   RO         4025    i.xTaskResumeAll    tasks.o
    0x0800a3fc   0x00000068   Code   RO         4329    i.xTimerCreateTimerTask  timers.o
    0x0800a464   0x0000006c   Code   RO         4330    i.xTimerGenericCommand  timers.o
    0x0800a4d0   0x0000008c   Data   RO          315    .constdata          freertos.o
    0x0800a55c   0x00000010   Data   RO         3463    .constdata          system_stm32f1xx.o
    0x0800a56c   0x00000008   Data   RO         3464    .constdata          system_stm32f1xx.o
    0x0800a574   0x00000007   Data   RO         5025    .constdata          cjson.o
    0x0800a57b   0x00000100   Data   RO         5366    .constdata          mqtt.o
    0x0800a67b   0x00000014   Data   RO         5729    .constdata          mqtt_app.o
    0x0800a68f   0x00000001   PAD
    0x0800a690   0x0000000c   Data   RO         6926    .constdata          onenet.o
    0x0800a69c   0x00000004   PAD
    0x0800a6a0   0x00000088   Data   RO         7018    .constdata          m_ws.l(pow.o)
    0x0800a728   0x00000081   Data   RO         7038    .constdata          mc_w.l(ctype_o.o)
    0x0800a7a9   0x00000003   PAD
    0x0800a7ac   0x00000004   Data   RO         7039    .constdata          mc_w.l(ctype_o.o)
    0x0800a7b0   0x0000000c   Data   RO         7072    .constdata          mc_w.l(mktime.o)
    0x0800a7bc   0x00000004   PAD
    0x0800a7c0   0x00000008   Data   RO         7443    .constdata          m_ws.l(qnan.o)
    0x0800a7c8   0x0000000c   Data   RO         7481    .constdata          mc_w.l(localtime_i.o)
    0x0800a7d4   0x00000022   Data   RO          316    .conststring        freertos.o
    0x0800a7f6   0x00000002   PAD
    0x0800a7f8   0x00000045   Data   RO         5730    .conststring        mqtt_app.o
    0x0800a83d   0x00000003   PAD
    0x0800a840   0x0000001f   Data   RO         6927    .conststring        onenet.o
    0x0800a85f   0x00000001   PAD
    0x0800a860   0x00000020   Data   RO         7524    Region$$Table       anon$$obj.o


    Execution Region RW_IRAM1 (Base: 0x20000000, Size: 0x00004e58, Max: 0x00005000, ABSOLUTE, COMPRESSED[0x000000cc])

    Base Addr    Size         Type   Attr      Idx    E Section Name        Object

    0x20000000   0x00000020   Data   RW          238    .data               gpio.o
    0x20000020   0x00000014   Data   RW          319    .data               freertos.o
    0x20000034   0x00000014   Data   RW          686    .data               sysparams.o
    0x20000048   0x0000000c   Data   RW          929    .data               stm32f1xx_hal.o
    0x20000054   0x00000004   Data   RW         3465    .data               system_stm32f1xx.o
    0x20000058   0x0000003c   Data   RW         4028    .data               tasks.o
    0x20000094   0x00000014   Data   RW         4338    .data               timers.o
    0x200000a8   0x00000018   Data   RW         4855    .data               heap_4.o
    0x200000c0   0x0000000c   Data   RW         4906    .data               port.o
    0x200000cc   0x0000000c   Data   RW         5026    .data               cjson.o
    0x200000d8   0x00000004   Data   RW         5731    .data               mqtt_app.o
    0x200000dc   0x0000000c   Data   RW         6118    .data               scd4x_i2c.o
    0x200000e8   0x00000015   Data   RW         6619    .data               dsl_08.o
    0x200000fd   0x00000001   PAD
    0x200000fe   0x00000006   Data   RW         6728    .data               net_device.o
    0x20000104   0x00000001   Data   RW         6885    .data               fault.o
    0x20000105   0x000000c5   Data   RW         6928    .data               onenet.o
    0x200001ca   0x00000002   PAD
    0x200001cc   0x00000004   Data   RW         7488    .data               mc_w.l(errno.o)
    0x200001d0   0x000005a8   Zero   RW          314    .bss                freertos.o
    0x20000778   0x000000cc   Zero   RW          466    .bss                usart.o
    0x20000844   0x00000048   Zero   RW          638    .bss                stm32f1xx_hal_timebase_tim.o
    0x2000088c   0x00000014   Zero   RW          685    .bss                sysparams.o
    0x200008a0   0x00000014   Zero   RW          778    .bss                rtc.o
    0x200008b4   0x0000000c   Zero   RW          834    .bss                iwdg.o
    0x200008c0   0x00000020   Zero   RW         1638    .bss                stm32f1xx_hal_flash.o
    0x200008e0   0x00000040   Zero   RW         3527    .bss                queue.o
    0x20000920   0x000000f0   Zero   RW         4027    .bss                tasks.o
    0x20000a10   0x000000c0   Zero   RW         4337    .bss                timers.o
    0x20000ad0   0x00003800   Zero   RW         4854    .bss                heap_4.o
    0x200042d0   0x00000400   Zero   RW         6043    .bss                stmflash.o
    0x200046d0   0x00000088   Zero   RW         6618    .bss                dsl_08.o
    0x20004758   0x0000019e   Zero   RW         6828    .bss                net_io.o
    0x200048f6   0x00000002   PAD
    0x200048f8   0x00000134   Zero   RW         6925    .bss                onenet.o
    0x20004a2c   0x0000002c   Zero   RW         7478    .bss                mc_w.l(localtime_w.o)
    0x20004a58   0x00000400   Zero   RW            1    STACK               startup_stm32f103xb.o


==============================================================================

Image component sizes


      Code (inc. data)   RO Data    RW Data    ZI Data      Debug   Object Name

      4018        224          7         12          0      30835   cjson.o
       182          0          0          0          0      27564   cmsis_os.o
       130          8          0          0          0       1811   delay.o
       124          6          0          0          0       2717   direct.o
       506         72          0         21        136       9623   dsl_08.o
         0          0          0          1          0        316   fault.o
       460         70        174         20       1448       6683   freertos.o
      1364        106          0         32          0       6540   gpio.o
       464         22          0         24      14336       4787   heap_4.o
        56         14          0          0         12       1103   iwdg.o
       138          0          0          0          0       3398   list.o
       184          0          0          0          0     473828   main.o
      2672         72        256          0          0      29419   mqtt.o
      1446        608         89          4          0      13970   mqtt_app.o
       332          0          0          0          0       4781   mqtt_buffer.o
       620         42          0          0          0       4890   myiic.o
       140         28          0          6          0       4520   net_device.o
       204         52          0          0        414       4851   net_io.o
      3572        900         43        197        308      12528   onenet.o
       662         70          0         12          0      11129   port.o
      1552         20          0          0         64      32620   queue.o
       548         66          0          0         20       3689   rtc.o
       324         20          0         12          0       4968   scd4x_i2c.o
        10          0          0          0          0       1001   sensirion_common.o
       184          0          0          0          0       4218   sensirion_i2c.o
       190          0          0          0          0       3263   sensirion_i2c_hal.o
        36          8        236          0       1024        792   startup_stm32f103xb.o
       100         18          0         12          0       5230   stm32f1xx_hal.o
       194         24          0          0          0      28833   stm32f1xx_hal_cortex.o
       222          4          0          0          0       1735   stm32f1xx_hal_dma.o
       404         46          0          0         32       4302   stm32f1xx_hal_flash.o
        36          8          0          0          0        558   stm32f1xx_hal_flash_ex.o
       540         32          0          0          0       4068   stm32f1xx_hal_gpio.o
       102          0          0          0          0       1843   stm32f1xx_hal_iwdg.o
        52          4          0          0          0        834   stm32f1xx_hal_msp.o
        12          4          0          0          0        511   stm32f1xx_hal_pwr.o
      1528        114          0          0          0       7261   stm32f1xx_hal_rcc.o
       476         44          0          0          0       2669   stm32f1xx_hal_rcc_ex.o
      1556         14          0          0          0      13520   stm32f1xx_hal_rtc.o
       658         28          0          0          0       6202   stm32f1xx_hal_tim.o
         4          0          0          0          0       1509   stm32f1xx_hal_tim_ex.o
       116         14          0          0         72       1447   stm32f1xx_hal_timebase_tim.o
      1590         10          0          0          0      11348   stm32f1xx_hal_uart.o
        60         24          0          0          0       4303   stm32f1xx_it.o
       308         10          0          0       1024       4317   stmflash.o
         0          0          0          0          0        392   stream_buffer.o
       528         90          0         20         20       7641   sysparams.o
         2          0         24          4          0       1107   system_stm32f1xx.o
      2374        186          0         60        240      26015   tasks.o
       976         86          0         20        192      27263   timers.o
       446         40          0          0        204       3156   usart.o

    ----------------------------------------------------------------------
     32456       3208        872        460      19548     871908   Object Totals
         0          0         32          0          0          0   (incl. Generated)
        54          0         11          3          2          0   (incl. Padding)

    ----------------------------------------------------------------------

      Code (inc. data)   RO Data    RW Data    ZI Data      Debug   Library Member Name

        62         10          0          0          0        340   dunder.o
       220         16          0          0          0         84   floor.o
        40          0          0          0          0         68   fpclassify.o
       170          0          0          0          0         96   poly.o
      2520        190        136          0          0        324   pow.o
         0          0          8          0          0          0   qnan.o
        76          0          0          0          0         84   sqrt.o
        28          0          0          0          0         80   strtod.o
        86          0          0          0          0          0   __dczerorl2.o
        64          0          0          0          0         84   _sgetc.o
         8          4        133          0          0         68   ctype_o.o
         0          0          0          0          0          0   entry.o
         0          0          0          0          0          0   entry10a.o
         0          0          0          0          0          0   entry11a.o
         8          4          0          0          0          0   entry2.o
         4          0          0          0          0          0   entry5.o
         0          0          0          0          0          0   entry7b.o
         0          0          0          0          0          0   entry8b.o
         8          4          0          0          0          0   entry9a.o
        12          6          0          4          0         68   errno.o
        30          0          0          0          0          0   handlers.o
        36          8          0          0          0         68   init.o
        18          0          0          0          0         76   isspace_o.o
         0          0          0          0          0          0   iusefp.o
        30          0          0          0          0         68   llshl.o
        36          0          0          0          0         68   llsshr.o
        32          0          0          0          0         68   llushr.o
       140          6         12          0          0         76   localtime_i.o
        12          6          0          0         44         68   localtime_w.o
        64          0          0          0          0         76   memmovea.o
        36          0          0          0          0        108   memseta.o
       168         18         12          0          0         80   mktime.o
      2276         86          0          0          0        520   printfa.o
       838         12          0          0          0        216   scanf_fp.o
        24          0          0          0          0         68   strcat.o
        20          0          0          0          0         68   strchr.o
        18          0          0          0          0         68   strcpy.o
        14          0          0          0          0         68   strlen.o
        30          0          0          0          0         80   strncmp.o
        36          0          0          0          0         80   strstr.o
       156         12          0          0          0        120   strtod.o
        12          0          0          0          0         68   tolower.o
        44          0          0          0          0         80   uidiv.o
        98          0          0          0          0         92   uldiv.o
        48          0          0          0          0         68   cdcmple.o
        48          0          0          0          0         68   cdrcmple.o
        56          0          0          0          0         88   d2f.o
       334          0          0          0          0        148   dadd.o
       222          0          0          0          0        100   ddiv.o
       186          0          0          0          0        176   depilogue.o
        62          0          0          0          0         80   dfixi.o
        50          0          0          0          0         76   dfixui.o
        48          0          0          0          0         68   dfixul.o
        34          0          0          0          0         76   dflti.o
        26          0          0          0          0         76   dfltui.o
        24          0          0          0          0         76   dfltul.o
       228          0          0          0          0         96   dmul.o
        46          0          0          0          0         80   dscalb.o
       162          0          0          0          0        100   dsqrt.o
        38          0          0          0          0         68   f2d.o
       124          0          0          0          0         88   fdiv.o
       110          0          0          0          0        168   fepilogue.o
        40          0          0          0          0         68   ffixui.o
        18          0          0          0          0         68   fflti.o
        10          0          0          0          0         68   ffltui.o
       100          0          0          0          0         76   fmul.o

    ----------------------------------------------------------------------
      9500        382        308          4         44       5560   Library Totals
        12          0          7          0          0          0   (incl. Padding)

    ----------------------------------------------------------------------

      Code (inc. data)   RO Data    RW Data    ZI Data      Debug   Library Name

      3116        216        144          0          0       1076   m_ws.l
      4358        166        157          4         44       2504   mc_w.l
      2014          0          0          0          0       1980   mf_w.l

    ----------------------------------------------------------------------
      9500        382        308          4         44       5560   Library Totals

    ----------------------------------------------------------------------

==============================================================================


      Code (inc. data)   RO Data    RW Data    ZI Data      Debug   

     41956       3590       1180        464      19592     855964   Grand Totals
     41956       3590       1180        204      19592     855964   ELF Image Totals (compressed)
     41956       3590       1180        204          0          0   ROM Totals

==============================================================================

    Total RO  Size (Code + RO Data)                43136 (  42.13kB)
    Total RW  Size (RW Data + ZI Data)             20056 (  19.59kB)
    Total ROM Size (Code + RO Data + RW Data)      43340 (  42.32kB)

==============================================================================

