Component: ARM Compiler 5.06 update 6 (build 750) Tool: armlink [4d35ed]

==============================================================================

Section Cross References

    startup_stm32f103xb.o(RESET) refers to startup_stm32f103xb.o(STACK) for __initial_sp
    startup_stm32f103xb.o(RESET) refers to startup_stm32f103xb.o(.text) for Reset_Handler
    startup_stm32f103xb.o(RESET) refers to stm32f1xx_it.o(i.NMI_Handler) for NMI_Handler
    startup_stm32f103xb.o(RESET) refers to stm32f1xx_it.o(i.HardFault_Handler) for HardFault_Handler
    startup_stm32f103xb.o(RESET) refers to stm32f1xx_it.o(i.MemManage_Handler) for MemManage_Handler
    startup_stm32f103xb.o(RESET) refers to stm32f1xx_it.o(i.BusFault_Handler) for BusFault_Handler
    startup_stm32f103xb.o(RESET) refers to stm32f1xx_it.o(i.UsageFault_Handler) for UsageFault_Handler
    startup_stm32f103xb.o(RESET) refers to port.o(.emb_text) for SVC_Handler
    startup_stm32f103xb.o(RESET) refers to stm32f1xx_it.o(i.DebugMon_Handler) for DebugMon_Handler
    startup_stm32f103xb.o(RESET) refers to port.o(i.SysTick_Handler) for SysTick_Handler
    startup_stm32f103xb.o(RESET) refers to stm32f1xx_it.o(i.TIM2_IRQHandler) for TIM2_IRQHandler
    startup_stm32f103xb.o(RESET) refers to stm32f1xx_it.o(i.USART1_IRQHandler) for USART1_IRQHandler
    startup_stm32f103xb.o(.text) refers to system_stm32f1xx.o(i.SystemInit) for SystemInit
    startup_stm32f103xb.o(.text) refers to entry.o(.ARM.Collect$$$$00000000) for __main
    main.o(i.HAL_TIM_PeriodElapsedCallback) refers to stm32f1xx_hal.o(i.HAL_IncTick) for HAL_IncTick
    main.o(i.SystemClock_Config) refers to memseta.o(.text) for __aeabi_memclr4
    main.o(i.SystemClock_Config) refers to stm32f1xx_hal_rcc.o(i.HAL_RCC_OscConfig) for HAL_RCC_OscConfig
    main.o(i.SystemClock_Config) refers to stm32f1xx_hal_rcc.o(i.HAL_RCC_ClockConfig) for HAL_RCC_ClockConfig
    main.o(i.SystemClock_Config) refers to stm32f1xx_hal_rcc_ex.o(i.HAL_RCCEx_PeriphCLKConfig) for HAL_RCCEx_PeriphCLKConfig
    main.o(i.main) refers to stm32f1xx_hal.o(i.HAL_Init) for HAL_Init
    main.o(i.main) refers to main.o(i.SystemClock_Config) for SystemClock_Config
    main.o(i.main) refers to gpio.o(i.MX_GPIO_Init) for MX_GPIO_Init
    main.o(i.main) refers to rtc.o(i.MX_RTC_Init) for MX_RTC_Init
    main.o(i.main) refers to sysparams.o(i.Dev_Location_Init) for Dev_Location_Init
    main.o(i.main) refers to sysparams.o(i.Dev_UpLoad_Per_Init) for Dev_UpLoad_Per_Init
    main.o(i.main) refers to sysparams.o(i.Dev_Mac_Init) for Dev_Mac_Init
    main.o(i.main) refers to freertos.o(i.MX_FREERTOS_Init) for MX_FREERTOS_Init
    main.o(i.main) refers to cmsis_os.o(i.osKernelStart) for osKernelStart
    main.o(.data) refers to main.o(.conststring) for .conststring
    gpio.o(i.Dir_Light_GPIO_Control) refers to stm32f1xx_hal_gpio.o(i.HAL_GPIO_WritePin) for HAL_GPIO_WritePin
    gpio.o(i.Dir_Light_GPIO_Init) refers to stm32f1xx_hal_gpio.o(i.HAL_GPIO_WritePin) for HAL_GPIO_WritePin
    gpio.o(i.Dir_Light_GPIO_Init) refers to stm32f1xx_hal_gpio.o(i.HAL_GPIO_Init) for HAL_GPIO_Init
    gpio.o(i.Dir_Light_GPIO_Status_Get) refers to stm32f1xx_hal_gpio.o(i.HAL_GPIO_ReadPin) for HAL_GPIO_ReadPin
    gpio.o(i.Dir_Light_GPIO_Status_Get) refers to gpio.o(.data) for .data
    gpio.o(i.IIC1_GPIO_Init) refers to stm32f1xx_hal_gpio.o(i.HAL_GPIO_WritePin) for HAL_GPIO_WritePin
    gpio.o(i.IIC1_GPIO_Init) refers to stm32f1xx_hal_gpio.o(i.HAL_GPIO_Init) for HAL_GPIO_Init
    gpio.o(i.MX_GPIO_Init) refers to stm32f1xx_hal_gpio.o(i.HAL_GPIO_WritePin) for HAL_GPIO_WritePin
    gpio.o(i.MX_GPIO_Init) refers to stm32f1xx_hal_gpio.o(i.HAL_GPIO_Init) for HAL_GPIO_Init
    gpio.o(i.NET_DEVICE_GPIO_Init) refers to stm32f1xx_hal_gpio.o(i.HAL_GPIO_WritePin) for HAL_GPIO_WritePin
    gpio.o(i.NET_DEVICE_GPIO_Init) refers to stm32f1xx_hal_gpio.o(i.HAL_GPIO_Init) for HAL_GPIO_Init
    freertos.o(i.FAULT_Task) refers to usart.o(i.UsartPrintf) for UsartPrintf
    freertos.o(i.FAULT_Task) refers to fault.o(i.Fault_Process) for Fault_Process
    freertos.o(i.FAULT_Task) refers to cmsis_os.o(i.osDelay) for osDelay
    freertos.o(i.FAULT_Task) refers to fault.o(.data) for faultType
    freertos.o(i.FAULT_Task) refers to usart.o(.bss) for huart1
    freertos.o(i.HEART_Task) refers to onenet.o(i.OneNet_HeartBeat) for OneNet_HeartBeat
    freertos.o(i.HEART_Task) refers to cmsis_os.o(i.osDelay) for osDelay
    freertos.o(i.IWDG_Task) refers to cmsis_os.o(i.osDelay) for osDelay
    freertos.o(i.MX_FREERTOS_Init) refers to memmovea.o(.text) for __aeabi_memcpy4
    freertos.o(i.MX_FREERTOS_Init) refers to cmsis_os.o(i.osThreadCreate) for osThreadCreate
    freertos.o(i.MX_FREERTOS_Init) refers to freertos.o(.constdata) for .constdata
    freertos.o(i.MX_FREERTOS_Init) refers to freertos.o(.data) for .data
    freertos.o(i.NET_Task) refers to net_device.o(i.NET_DEVICE_IO_Init) for NET_DEVICE_IO_Init
[...]
    TIM3_IRQHandler                          0x080001b3   Thumb Code     0  startup_stm32f103xb.o(.text)
    TIM4_IRQHandler                          0x080001b3   Thumb Code     0  startup_stm32f103xb.o(.text)
    USART2_IRQHandler                        0x080001b3   Thumb Code     0  startup_stm32f103xb.o(.text)
    USART3_IRQHandler                        0x080001b3   Thumb Code     0  startup_stm32f103xb.o(.text)
    USBWakeUp_IRQHandler                     0x080001b3   Thumb Code     0  startup_stm32f103xb.o(.text)
    USB_HP_CAN1_TX_IRQHandler                0x080001b3   Thumb Code     0  startup_stm32f103xb.o(.text)
    USB_LP_CAN1_RX0_IRQHandler               0x080001b3   Thumb Code     0  startup_stm32f103xb.o(.text)
    WWDG_IRQHandler                          0x080001b3   Thumb Code     0  startup_stm32f103xb.o(.text)
    __aeabi_llsr                             0x080001bd   Thumb Code    32  llushr.o(.text)
    _ll_ushift_r                             0x080001bd   Thumb Code     0  llushr.o(.text)
    __rt_ctype_table                         0x080001dd   Thumb Code     4  ctype_o.o(.text)
    tolower                                  0x080001e5   Thumb Code    12  tolower.o(.text)
    mktime                                   0x080001f1   Thumb Code   150  mktime.o(.text)
    ___aeabi_memcpy8$move                    0x08000299   Thumb Code     0  memmovea.o(.text)
    __aeabi_memcpy                           0x08000299   Thumb Code    64  memmovea.o(.text)
    __aeabi_memcpy4                          0x08000299   Thumb Code     0  memmovea.o(.text)
    __aeabi_memmove                          0x08000299   Thumb Code     0  memmovea.o(.text)
    __aeabi_memmove4                         0x08000299   Thumb Code     0  memmovea.o(.text)
    __aeabi_memmove8                         0x08000299   Thumb Code     0  memmovea.o(.text)
    __aeabi_memset                           0x080002d9   Thumb Code    14  memseta.o(.text)
    __aeabi_memset4                          0x080002d9   Thumb Code     0  memseta.o(.text)
    __aeabi_memset8                          0x080002d9   Thumb Code     0  memseta.o(.text)
    __aeabi_memclr                           0x080002e7   Thumb Code     4  memseta.o(.text)
    __aeabi_memclr4                          0x080002e7   Thumb Code     0  memseta.o(.text)
    __aeabi_memclr8                          0x080002e7   Thumb Code     0  memseta.o(.text)
    memset                                   0x080002eb   Thumb Code    18  memseta.o(.text)
    strstr                                   0x080002fd   Thumb Code    36  strstr.o(.text)
    strchr                                   0x08000321   Thumb Code    20  strchr.o(.text)
    strlen                                   0x08000335   Thumb Code    14  strlen.o(.text)
    strcpy                                   0x08000343   Thumb Code    18  strcpy.o(.text)
    strncmp                                  0x08000355   Thumb Code    30  strncmp.o(.text)
    __aeabi_fmul                             0x08000373   Thumb Code   100  fmul.o(.text)
    __aeabi_fdiv                             0x080003d7   Thumb Code   124  fdiv.o(.text)
    __aeabi_dadd                             0x08000453   Thumb Code   322  dadd.o(.text)
    __aeabi_dsub                             0x08000595   Thumb Code     6  dadd.o(.text)
    __aeabi_drsub                            0x0800059b   Thumb Code     6  dadd.o(.text)
    __aeabi_dmul                             0x080005a1   Thumb Code   228  dmul.o(.text)
    __aeabi_i2f                              0x08000685   Thumb Code    18  fflti.o(.text)
    __aeabi_ui2f                             0x08000697   Thumb Code    10  ffltui.o(.text)
    __aeabi_i2d                              0x080006a1   Thumb Code    34  dflti.o(.text)
    __aeabi_ui2d                             0x080006c3   Thumb Code    26  dfltui.o(.text)
    __aeabi_f2uiz                            0x080006dd   Thumb Code    40  ffixui.o(.text)
    __aeabi_d2iz                             0x08000705   Thumb Code    62  dfixi.o(.text)
    __aeabi_f2d                              0x08000743   Thumb Code    38  f2d.o(.text)
    __aeabi_cdcmpeq                          0x08000769   Thumb Code     0  cdcmple.o(.text)
    __aeabi_cdcmple                          0x08000769   Thumb Code    48  cdcmple.o(.text)
    __aeabi_cdrcmple                         0x08000799   Thumb Code    48  cdrcmple.o(.text)
    __aeabi_uidiv                            0x080007c9   Thumb Code     0  uidiv.o(.text)
    __aeabi_uidivmod                         0x080007c9   Thumb Code    44  uidiv.o(.text)
    __aeabi_uldivmod                         0x080007f5   Thumb Code    98  uldiv.o(.text)
    __aeabi_llsl                             0x08000857   Thumb Code    30  llshl.o(.text)
    _ll_shift_l                              0x08000857   Thumb Code     0  llshl.o(.text)
    __aeabi_lasr                             0x08000875   Thumb Code    36  llsshr.o(.text)
    _ll_sshift_r                             0x08000875   Thumb Code     0  llsshr.o(.text)
    localtime                                0x08000899   Thumb Code     6  localtime_w.o(.text)
    _localtime                               0x080008a5   Thumb Code   134  localtime_i.o(.text)
    __I$use$fp                               0x08000931   Thumb Code     0  iusefp.o(.text)
    _float_round                             0x08000931   Thumb Code    18  fepilogue.o(.text)
    _float_epilogue                          0x08000943   Thumb Code    92  fepilogue.o(.text)
    _double_round                            0x0800099f   Thumb Code    30  depilogue.o(.text)
    _double_epilogue                         0x080009bd   Thumb Code   156  depilogue.o(.text)
    __aeabi_ddiv                             0x08000a59   Thumb Code   222  ddiv.o(.text)
    __ARM_scalbn                             0x08000b37   Thumb Code    46  dscalb.o(.text)
    scalbn                                   0x08000b37   Thumb Code     0  dscalb.o(.text)
    __aeabi_d2ulz                            0x08000b65   Thumb Code    48  dfixul.o(.text)
    __scatterload                            0x08000b95   Thumb Code    28  init.o(.text)
    __scatterload_rt2                        0x08000b95   Thumb Code     0  init.o(.text)
    _dsqrt                                   0x08000bb9   Thumb Code   162  dsqrt.o(.text)
    __decompress                             0x08000c5b   Thumb Code     0  __dczerorl2.o(.text)
    __decompress1                            0x08000c5b   Thumb Code    86  __dczerorl2.o(.text)
    AbneEvt_Dispose                          0x08000cb1   Thumb Code    62  direct.o(i.AbneEvt_Dispose)
    BusFault_Handler                         0x08000cf5   Thumb Code     2  stm32f1xx_it.o(i.BusFault_Handler)
    DebugMon_Handler                         0x08000cf7   Thumb Code     2  stm32f1xx_it.o(i.DebugMon_Handler)
    DelayMs                                  0x08000cf9   Thumb Code    52  delay.o(i.DelayMs)
    DelayUs                                  0x08000d2d   Thumb Code    54  delay.o(i.DelayUs)
    DelayXms                                 0x08000d6d   Thumb Code    14  delay.o(i.DelayXms)
    Dev_FwVer_Read                           0x08000d7d   Thumb Code     8  sysparams.o(i.Dev_FwVer_Read)
    Dev_Location_Change                      0x08000d89   Thumb Code    78  sysparams.o(i.Dev_Location_Change)
    Dev_Location_Init                        0x08000de1   Thumb Code    40  sysparams.o(i.Dev_Location_Init)
    Dev_Mac_Init                             0x08000e11   Thumb Code    82  sysparams.o(i.Dev_Mac_Init)
    Dev_Set_Time                             0x08000e75   Thumb Code    74  rtc.o(i.Dev_Set_Time)
    Dev_UpLoad_Per_Change                    0x08000ec5   Thumb Code    64  sysparams.o(i.Dev_UpLoad_Per_Change)
    Dev_UpLoad_Per_Init                      0x08000f0d   Thumb Code    30  sysparams.o(i.Dev_UpLoad_Per_Init)
    Dir_Light_GPIO_Control                   0x08000f35   Thumb Code   154  gpio.o(i.Dir_Light_GPIO_Control)
    Dir_Light_GPIO_Init                      0x08000fdd   Thumb Code   176  gpio.o(i.Dir_Light_GPIO_Init)
    Direct_GPIO_Init                         0x0800109d   Thumb Code     4  direct.o(i.Direct_GPIO_Init)
    Direct_Light_Control                     0x080010a1   Thumb Code     4  direct.o(i.Direct_Light_Control)
    Error_Handler                            0x080010a5   Thumb Code     4  main.o(i.Error_Handler)
    FLASH_PageErase                          0x080010a9   Thumb Code    28  stm32f1xx_hal_flash_ex.o(i.FLASH_PageErase)
    FLASH_WaitForLastOperation               0x08001145   Thumb Code    80  stm32f1xx_hal_flash.o(i.FLASH_WaitForLastOperation)
    HAL_DMA_Abort                            0x08001199   Thumb Code    70  stm32f1xx_hal_dma.o(i.HAL_DMA_Abort)
    HAL_DMA_Abort_IT                         0x080011e1   Thumb Code   148  stm32f1xx_hal_dma.o(i.HAL_DMA_Abort_IT)
    HAL_Delay                                0x08001279   Thumb Code    32  stm32f1xx_hal.o(i.HAL_Delay)
    HAL_FLASH_Lock                           0x0800129d   Thumb Code    14  stm32f1xx_hal_flash.o(i.HAL_FLASH_Lock)
    HAL_FLASH_Program                        0x080012b1   Thumb Code   122  stm32f1xx_hal_flash.o(i.HAL_FLASH_Program)
    HAL_FLASH_Unlock                         0x08001335   Thumb Code    28  stm32f1xx_hal_flash.o(i.HAL_FLASH_Unlock)
    HAL_GPIO_Init                            0x0800135d   Thumb Code   426  stm32f1xx_hal_gpio.o(i.HAL_GPIO_Init)
    HAL_GPIO_TogglePin                       0x08001529   Thumb Code    16  stm32f1xx_hal_gpio.o(i.HAL_GPIO_TogglePin)
    HAL_GPIO_WritePin                        0x08001539   Thumb Code    10  stm32f1xx_hal_gpio.o(i.HAL_GPIO_WritePin)
    HAL_GetTick                              0x08001545   Thumb Code     6  stm32f1xx_hal.o(i.HAL_GetTick)
    HAL_IncTick                              0x08001551   Thumb Code    12  stm32f1xx_hal.o(i.HAL_IncTick)
    HAL_Init                                 0x08001561   Thumb Code    32  stm32f1xx_hal.o(i.HAL_Init)
    HAL_InitTick                             0x08001585   Thumb Code   102  stm32f1xx_hal_timebase_tim.o(i.HAL_InitTick)
    HAL_MspInit                              0x080015f9   Thumb Code    48  stm32f1xx_hal_msp.o(i.HAL_MspInit)
    HAL_NVIC_EnableIRQ                       0x0800162d   Thumb Code    26  stm32f1xx_hal_cortex.o(i.HAL_NVIC_EnableIRQ)
    HAL_NVIC_SetPriority                     0x08001649   Thumb Code    60  stm32f1xx_hal_cortex.o(i.HAL_NVIC_SetPriority)
    HAL_NVIC_SetPriorityGrouping             0x08001689   Thumb Code    26  stm32f1xx_hal_cortex.o(i.HAL_NVIC_SetPriorityGrouping)
    HAL_PWR_EnableBkUpAccess                 0x080016ad   Thumb Code     8  stm32f1xx_hal_pwr.o(i.HAL_PWR_EnableBkUpAccess)
    HAL_RCCEx_GetPeriphCLKFreq               0x080016b9   Thumb Code   164  stm32f1xx_hal_rcc_ex.o(i.HAL_RCCEx_GetPeriphCLKFreq)
    HAL_RCCEx_PeriphCLKConfig                0x0800177d   Thumb Code   220  stm32f1xx_hal_rcc_ex.o(i.HAL_RCCEx_PeriphCLKConfig)
    HAL_RCC_ClockConfig                      0x08001865   Thumb Code   292  stm32f1xx_hal_rcc.o(i.HAL_RCC_ClockConfig)
    HAL_RCC_GetClockConfig                   0x0800199d   Thumb Code    54  stm32f1xx_hal_rcc.o(i.HAL_RCC_GetClockConfig)
    HAL_RCC_GetPCLK1Freq                     0x080019dd   Thumb Code    20  stm32f1xx_hal_rcc.o(i.HAL_RCC_GetPCLK1Freq)
    HAL_RCC_GetPCLK2Freq                     0x080019fd   Thumb Code    20  stm32f1xx_hal_rcc.o(i.HAL_RCC_GetPCLK2Freq)
    HAL_RCC_GetSysClockFreq                  0x08001a1d   Thumb Code    74  stm32f1xx_hal_rcc.o(i.HAL_RCC_GetSysClockFreq)
    HAL_RCC_OscConfig                        0x08001a89   Thumb Code   770  stm32f1xx_hal_rcc.o(i.HAL_RCC_OscConfig)
    HAL_RTC_GetDate                          0x08001da1   Thumb Code    78  stm32f1xx_hal_rtc.o(i.HAL_RTC_GetDate)
    HAL_RTC_GetTime                          0x08001def   Thumb Code   216  stm32f1xx_hal_rtc.o(i.HAL_RTC_GetTime)
    HAL_RTC_Init                             0x08001ec9   Thumb Code   154  stm32f1xx_hal_rtc.o(i.HAL_RTC_Init)
    HAL_RTC_MspInit                          0x08001f69   Thumb Code    60  rtc.o(i.HAL_RTC_MspInit)
    HAL_RTC_SetDate                          0x08001fb1   Thumb Code   192  stm32f1xx_hal_rtc.o(i.HAL_RTC_SetDate)
    HAL_RTC_SetTime                          0x08002075   Thumb Code   170  stm32f1xx_hal_rtc.o(i.HAL_RTC_SetTime)
    HAL_RTC_WaitForSynchro                   0x08002125   Thumb Code    58  stm32f1xx_hal_rtc.o(i.HAL_RTC_WaitForSynchro)
    HAL_TIMEx_BreakCallback                  0x0800215f   Thumb Code     2  stm32f1xx_hal_tim_ex.o(i.HAL_TIMEx_BreakCallback)
    HAL_TIMEx_CommutCallback                 0x08002161   Thumb Code     2  stm32f1xx_hal_tim_ex.o(i.HAL_TIMEx_CommutCallback)
    HAL_TIM_Base_Init                        0x08002163   Thumb Code    90  stm32f1xx_hal_tim.o(i.HAL_TIM_Base_Init)
    HAL_TIM_Base_MspInit                     0x080021bd   Thumb Code     2  stm32f1xx_hal_tim.o(i.HAL_TIM_Base_MspInit)
    HAL_TIM_Base_Start_IT                    0x080021c1   Thumb Code    76  stm32f1xx_hal_tim.o(i.HAL_TIM_Base_Start_IT)
    HAL_TIM_IC_CaptureCallback               0x08002219   Thumb Code     2  stm32f1xx_hal_tim.o(i.HAL_TIM_IC_CaptureCallback)
    HAL_TIM_IRQHandler                       0x0800221b   Thumb Code   358  stm32f1xx_hal_tim.o(i.HAL_TIM_IRQHandler)
    HAL_TIM_OC_DelayElapsedCallback          0x08002381   Thumb Code     2  stm32f1xx_hal_tim.o(i.HAL_TIM_OC_DelayElapsedCallback)
    HAL_TIM_PWM_PulseFinishedCallback        0x08002383   Thumb Code     2  stm32f1xx_hal_tim.o(i.HAL_TIM_PWM_PulseFinishedCallback)
    HAL_TIM_PeriodElapsedCallback            0x08002385   Thumb Code    14  main.o(i.HAL_TIM_PeriodElapsedCallback)
    HAL_TIM_TriggerCallback                  0x08002393   Thumb Code     2  stm32f1xx_hal_tim.o(i.HAL_TIM_TriggerCallback)
    HAL_UARTEx_ReceiveToIdle_IT              0x08002395   Thumb Code    74  stm32f1xx_hal_uart.o(i.HAL_UARTEx_ReceiveToIdle_IT)
    HAL_UARTEx_RxEventCallback               0x080023e1   Thumb Code    28  net_io.o(i.HAL_UARTEx_RxEventCallback)
    HAL_UART_ErrorCallback                   0x08002409   Thumb Code     2  stm32f1xx_hal_uart.o(i.HAL_UART_ErrorCallback)
    HAL_UART_IRQHandler                      0x0800240d   Thumb Code   520  stm32f1xx_hal_uart.o(i.HAL_UART_IRQHandler)
    HAL_UART_Init                            0x08002619   Thumb Code    98  stm32f1xx_hal_uart.o(i.HAL_UART_Init)
    HAL_UART_MspInit                         0x0800267d   Thumb Code   116  usart.o(i.HAL_UART_MspInit)
    HAL_UART_RxCpltCallback                  0x080026fd   Thumb Code     2  net_io.o(i.HAL_UART_RxCpltCallback)
    HAL_UART_Transmit                        0x080026ff   Thumb Code   176  stm32f1xx_hal_uart.o(i.HAL_UART_Transmit)
    HAL_UART_TxCpltCallback                  0x080027af   Thumb Code     2  stm32f1xx_hal_uart.o(i.HAL_UART_TxCpltCallback)
    HardFault_Handler                        0x080027b1   Thumb Code     2  stm32f1xx_it.o(i.HardFault_Handler)
    IIC1_GPIO_Init                           0x080027b5   Thumb Code    68  gpio.o(i.IIC1_GPIO_Init)
    IIC_Ack                                  0x08002801   Thumb Code    56  myiic.o(i.IIC_Ack)
    IIC_Init                                 0x0800283d   Thumb Code    18  myiic.o(i.IIC_Init)
    IIC_NAck                                 0x08002855   Thumb Code    56  myiic.o(i.IIC_NAck)
    IIC_Read_Byte                            0x08002891   Thumb Code   120  myiic.o(i.IIC_Read_Byte)
    IIC_Send_Byte                            0x0800290d   Thumb Code   104  myiic.o(i.IIC_Send_Byte)
    IIC_Start                                0x08002979   Thumb Code    62  myiic.o(i.IIC_Start)
    IIC_Stop                                 0x080029bd   Thumb Code    70  myiic.o(i.IIC_Stop)
    IIC_Wait_Ack                             0x08002a09   Thumb Code    90  myiic.o(i.IIC_Wait_Ack)
    MX_FREERTOS_Init                         0x08002a69   Thumb Code    96  freertos.o(i.MX_FREERTOS_Init)
    MX_GPIO_Init                             0x08002ad1   Thumb Code   180  gpio.o(i.MX_GPIO_Init)
    MX_RTC_Init                              0x08002b95   Thumb Code    96  rtc.o(i.MX_RTC_Init)
    MX_USART1_UART_Init                      0x08002bfd   Thumb Code    48  usart.o(i.MX_USART1_UART_Init)
    MemManage_Handler                        0x08002c35   Thumb Code     2  stm32f1xx_it.o(i.MemManage_Handler)
    MqttBuffer_AllocExtent                   0x08002c37   Thumb Code   156  mqtt_buffer.o(i.MqttBuffer_AllocExtent)
    MqttBuffer_Append                        0x08002cd3   Thumb Code    70  mqtt_buffer.o(i.MqttBuffer_Append)
    MqttBuffer_AppendExtent                  0x08002d19   Thumb Code    26  mqtt_buffer.o(i.MqttBuffer_AppendExtent)
    MqttBuffer_Destroy                       0x08002d33   Thumb Code     4  mqtt_buffer.o(i.MqttBuffer_Destroy)
    MqttBuffer_Init                          0x08002d37   Thumb Code    20  mqtt_buffer.o(i.MqttBuffer_Init)
    MqttBuffer_Reset                         0x08002d4b   Thumb Code    40  mqtt_buffer.o(i.MqttBuffer_Reset)
    MqttSample_Connect                       0x08002d75   Thumb Code   102  mqtt_app.o(i.MqttSample_Connect)
    MqttSample_HandleCmd                     0x08002e1d   Thumb Code    56  mqtt_app.o(i.MqttSample_HandleCmd)
    MqttSample_HandleConnAck                 0x08002e69   Thumb Code    38  mqtt_app.o(i.MqttSample_HandleConnAck)
    MqttSample_HandlePingResp                0x08002ed5   Thumb Code    16  mqtt_app.o(i.MqttSample_HandlePingResp)
    MqttSample_HandlePubAck                  0x08002ee9   Thumb Code    16  mqtt_app.o(i.MqttSample_HandlePubAck)
    MqttSample_HandlePubComp                 0x08002f29   Thumb Code    16  mqtt_app.o(i.MqttSample_HandlePubComp)
    MqttSample_HandlePubRec                  0x08002f69   Thumb Code    20  mqtt_app.o(i.MqttSample_HandlePubRec)
    MqttSample_HandlePubRel                  0x08002fad   Thumb Code    20  mqtt_app.o(i.MqttSample_HandlePubRel)
    MqttSample_HandlePublish                 0x08002fed   Thumb Code   128  mqtt_app.o(i.MqttSample_HandlePublish)
    MqttSample_HandleSubAck                  0x08003079   Thumb Code    42  mqtt_app.o(i.MqttSample_HandleSubAck)
    MqttSample_HandleUnsubAck                0x080030bd   Thumb Code    16  mqtt_app.o(i.MqttSample_HandleUnsubAck)
    MqttSample_Init                          0x080030fd   Thumb Code   126  mqtt_app.o(i.MqttSample_Init)
    MqttSample_ReInit                        0x080031e1   Thumb Code    12  mqtt_app.o(i.MqttSample_ReInit)
    MqttSample_RecvPkt                       0x080031ed   Thumb Code    36  mqtt_app.o(i.MqttSample_RecvPkt)
    MqttSample_Savedata                      0x08003219   Thumb Code   160  mqtt_app.o(i.MqttSample_Savedata)
    MqttSample_SendPkt                       0x0800333d   Thumb Code   118  mqtt_app.o(i.MqttSample_SendPkt)
    MqttSample_Subscribe                     0x080033dd   Thumb Code    34  mqtt_app.o(i.MqttSample_Subscribe)
    Mqtt_CheckClentIdentifier                0x08003439   Thumb Code    40  mqtt.o(i.Mqtt_CheckClentIdentifier)
    Mqtt_DumpLength                          0x080034ff   Thumb Code    34  mqtt.o(i.Mqtt_DumpLength)
    Mqtt_HandleConnAck                       0x08003521   Thumb Code    46  mqtt.o(i.Mqtt_HandleConnAck)
    Mqtt_HandlePingResp                      0x0800354f   Thumb Code    18  mqtt.o(i.Mqtt_HandlePingResp)
    Mqtt_HandlePubAck                        0x08003561   Thumb Code    38  mqtt.o(i.Mqtt_HandlePubAck)
    Mqtt_HandlePubComp                       0x08003587   Thumb Code    38  mqtt.o(i.Mqtt_HandlePubComp)
    Mqtt_HandlePubRec                        0x080035ad   Thumb Code   120  mqtt.o(i.Mqtt_HandlePubRec)
    Mqtt_HandlePubRel                        0x08003625   Thumb Code   134  mqtt.o(i.Mqtt_HandlePubRel)
    Mqtt_HandleSubAck                        0x0800385d   Thumb Code    68  mqtt.o(i.Mqtt_HandleSubAck)
    Mqtt_HandleUnsubAck                      0x080038a1   Thumb Code    38  mqtt.o(i.Mqtt_HandleUnsubAck)
    Mqtt_InitContext                         0x080038c7   Thumb Code    38  mqtt.o(i.Mqtt_InitContext)
    Mqtt_PackConnectPkt                      0x08003961   Thumb Code   440  mqtt.o(i.Mqtt_PackConnectPkt)
    Mqtt_PackPublishPkt                      0x08003b1d   Thumb Code   244  mqtt.o(i.Mqtt_PackPublishPkt)
    Mqtt_PackSubscribePkt                    0x08003c11   Thumb Code   218  mqtt.o(i.Mqtt_PackSubscribePkt)
    Mqtt_PktWriteString                      0x08003ceb   Thumb Code    38  mqtt.o(i.Mqtt_PktWriteString)
    Mqtt_RB16                                0x08003d11   Thumb Code     6  mqtt.o(i.Mqtt_RB16)
    Mqtt_ReadLength                          0x08003d17   Thumb Code    62  mqtt.o(i.Mqtt_ReadLength)
    Mqtt_RecvPkt                             0x08003d55   Thumb Code   172  mqtt.o(i.Mqtt_RecvPkt)
    Mqtt_SendPkt                             0x08003e01   Thumb Code   142  mqtt.o(i.Mqtt_SendPkt)
    Mqtt_WB16                                0x08003e8f   Thumb Code     8  mqtt.o(i.Mqtt_WB16)
    NET_DEVICE_ClrData                       0x08003e97   Thumb Code     4  net_device.o(i.NET_DEVICE_ClrData)
    NET_DEVICE_GPIO_Init                     0x08003e9d   Thumb Code   142  gpio.o(i.NET_DEVICE_GPIO_Init)
    NET_DEVICE_GetIPD                        0x08003f39   Thumb Code    38  net_device.o(i.NET_DEVICE_GetIPD)
    NET_DEVICE_Get_DataMode                  0x08003f69   Thumb Code    10  net_device.o(i.NET_DEVICE_Get_DataMode)
    NET_DEVICE_IO_Init                       0x08003f79   Thumb Code    32  net_device.o(i.NET_DEVICE_IO_Init)
    NET_DEVICE_SendData                      0x08003f9d   Thumb Code     4  net_device.o(i.NET_DEVICE_SendData)
    NET_DEVICE_Set_DataMode                  0x08003fa1   Thumb Code    12  net_device.o(i.NET_DEVICE_Set_DataMode)
    NET_IO_ClearRecive                       0x08003fb1   Thumb Code    16  net_io.o(i.NET_IO_ClearRecive)
    NET_IO_Init                              0x08003fc5   Thumb Code    26  net_io.o(i.NET_IO_Init)
    NET_IO_Send                              0x08003fe9   Thumb Code    14  net_io.o(i.NET_IO_Send)
    NET_IO_WaitRecive                        0x08003ffd   Thumb Code    14  net_io.o(i.NET_IO_WaitRecive)
    NET_Task                                 0x08004011   Thumb Code   152  freertos.o(i.NET_Task)
    NMI_Handler                              0x080040dd   Thumb Code     2  stm32f1xx_it.o(i.NMI_Handler)
    OneNet_App                               0x080040e1   Thumb Code   368  onenet.o(i.OneNet_App)
    OneNet_DevLink                           0x080042e5   Thumb Code    98  onenet.o(i.OneNet_DevLink)
    OneNet_SendData                          0x0800439d   Thumb Code   400  onenet.o(i.OneNet_SendData)
    OneNet_Subscribe                         0x08004609   Thumb Code    76  onenet.o(i.OneNet_Subscribe)
    Read_Stamp                               0x08004889   Thumb Code   152  rtc.o(i.Read_Stamp)
    SCDxx_Process                            0x08004935   Thumb Code    68  scd4x_i2c.o(i.SCDxx_Process)
    SEND_Task                                0x08004981   Thumb Code    22  freertos.o(i.SEND_Task)
    SENSOR_Task                              0x0800499d   Thumb Code    52  freertos.o(i.SENSOR_Task)
    STMFLASH_Read                            0x080049d5   Thumb Code    24  stmflash.o(i.STMFLASH_Read)
    STMFLASH_Write                           0x080049ed   Thumb Code   214  stmflash.o(i.STMFLASH_Write)
    STMFLASH_Write_NoCheck                   0x08004acd   Thumb Code    42  stmflash.o(i.STMFLASH_Write_NoCheck)
    SysTick_Handler                          0x08004af9   Thumb Code    38  port.o(i.SysTick_Handler)
    SystemClock_Config                       0x08004b25   Thumb Code   124  main.o(i.SystemClock_Config)
    SystemInit                               0x08004ba1   Thumb Code     2  system_stm32f1xx.o(i.SystemInit)
    TIM2_IRQHandler                          0x08004ba5   Thumb Code     6  stm32f1xx_it.o(i.TIM2_IRQHandler)
    TIM_Base_SetConfig                       0x08004bb1   Thumb Code    94  stm32f1xx_hal_tim.o(i.TIM_Base_SetConfig)
    UART_Start_Receive_IT                    0x08004dcd   Thumb Code    54  stm32f1xx_hal_uart.o(i.UART_Start_Receive_IT)
    USART1_IRQHandler                        0x08004e65   Thumb Code     6  stm32f1xx_it.o(i.USART1_IRQHandler)
    USART_Task                               0x08004e71   Thumb Code    48  freertos.o(i.USART_Task)
    UsageFault_Handler                       0x08004ec5   Thumb Code     2  stm32f1xx_it.o(i.UsageFault_Handler)
    UsartPrintf                              0x08004ec7   Thumb Code     2  usart.o(i.UsartPrintf)
    __0sprintf                               0x08004ec9   Thumb Code    34  printfa.o(i.__0sprintf)
    __1sprintf                               0x08004ec9   Thumb Code     0  printfa.o(i.__0sprintf)
    __2sprintf                               0x08004ec9   Thumb Code     0  printfa.o(i.__0sprintf)
    __c89sprintf                             0x08004ec9   Thumb Code     0  printfa.o(i.__0sprintf)
    sprintf                                  0x08004ec9   Thumb Code     0  printfa.o(i.__0sprintf)
    __ARM_fpclassify                         0x08004ef1   Thumb Code    40  fpclassify.o(i.__ARM_fpclassify)
    __kernel_poly                            0x08004f39   Thumb Code   170  poly.o(i.__kernel_poly)
    __mathlib_dbl_divzero                    0x08004fe5   Thumb Code    12  dunder.o(i.__mathlib_dbl_divzero)
    __mathlib_dbl_infnan2                    0x08004ff5   Thumb Code     4  dunder.o(i.__mathlib_dbl_infnan2)
    __mathlib_dbl_invalid                    0x08004ff9   Thumb Code    12  dunder.o(i.__mathlib_dbl_invalid)
    __mathlib_dbl_overflow                   0x08005005   Thumb Code    14  dunder.o(i.__mathlib_dbl_overflow)
    __mathlib_dbl_underflow                  0x08005015   Thumb Code    10  dunder.o(i.__mathlib_dbl_underflow)
    __scatterload_copy                       0x08005025   Thumb Code    14  handlers.o(i.__scatterload_copy)
    __scatterload_null                       0x08005033   Thumb Code     2  handlers.o(i.__scatterload_null)
    __scatterload_zeroinit                   0x08005035   Thumb Code    14  handlers.o(i.__scatterload_zeroinit)
    __set_errno                              0x08005045   Thumb Code     6  errno.o(i.__set_errno)
    cJSON_AddItemToArray                     0x0800590d   Thumb Code    28  cjson.o(i.cJSON_AddItemToArray)
    cJSON_AddItemToObject                    0x08005929   Thumb Code    42  cjson.o(i.cJSON_AddItemToObject)
    cJSON_CreateNumber                       0x08005959   Thumb Code    36  cjson.o(i.cJSON_CreateNumber)
    cJSON_CreateObject                       0x0800597d   Thumb Code    16  cjson.o(i.cJSON_CreateObject)
    cJSON_CreateString                       0x0800598d   Thumb Code    28  cjson.o(i.cJSON_CreateString)
    cJSON_Delete                             0x080059a9   Thumb Code    60  cjson.o(i.cJSON_Delete)
    cJSON_GetArrayItem                       0x080059e9   Thumb Code    18  cjson.o(i.cJSON_GetArrayItem)
    cJSON_GetArraySize                       0x080059fb   Thumb Code    16  cjson.o(i.cJSON_GetArraySize)
    cJSON_GetObjectItem                      0x08005a0b   Thumb Code    32  cjson.o(i.cJSON_GetObjectItem)
    cJSON_Parse                              0x08005a49   Thumb Code     8  cjson.o(i.cJSON_Parse)
    cJSON_ParseWithOpts                      0x08005a51   Thumb Code    92  cjson.o(i.cJSON_ParseWithOpts)
    cJSON_Print                              0x08005ab1   Thumb Code     8  cjson.o(i.cJSON_Print)
    floor                                    0x08005b25   Thumb Code   204  floor.o(i.floor)
    main                                     0x08005c01   Thumb Code    38  main.o(i.main)
    osDelay                                  0x08005c33   Thumb Code    14  cmsis_os.o(i.osDelay)
    osKernelStart                            0x08005c41   Thumb Code    10  cmsis_os.o(i.osKernelStart)
    osThreadCreate                           0x08005c4b   Thumb Code    84  cmsis_os.o(i.osThreadCreate)
    pow                                      0x080061ed   Thumb Code  2512  pow.o(i.pow)
    pvPortMalloc                             0x080078c9   Thumb Code   210  heap_4.o(i.pvPortMalloc)
    pxPortInitialiseStack                    0x080079a1   Thumb Code    32  port.o(i.pxPortInitialiseStack)
    scd4x_init                               0x080079c5   Thumb Code    18  scd4x_i2c.o(i.scd4x_init)
    scd4x_read_measurement                   0x080079d9   Thumb Code    54  scd4x_i2c.o(i.scd4x_read_measurement)
    scd4x_read_measurement_ticks             0x08007a15   Thumb Code    86  scd4x_i2c.o(i.scd4x_read_measurement_ticks)
    scd4x_start_periodic_measurement         0x08007a6b   Thumb Code    40  scd4x_i2c.o(i.scd4x_start_periodic_measurement)
    scd4x_stop_periodic_measurement          0x08007a95   Thumb Code    38  scd4x_i2c.o(i.scd4x_stop_periodic_measurement)
    sensirion_common_bytes_to_uint16_t       0x08007ac1   Thumb Code     6  sensirion_common.o(i.sensirion_common_bytes_to_uint16_t)
    sensirion_i2c_add_command_to_buffer      0x08007ac7   Thumb Code    16  sensirion_i2c.o(i.sensirion_i2c_add_command_to_buffer)
    sensirion_i2c_check_crc                  0x08007ad7   Thumb Code    20  sensirion_i2c.o(i.sensirion_i2c_check_crc)
    sensirion_i2c_generate_crc               0x08007aeb   Thumb Code    50  sensirion_i2c.o(i.sensirion_i2c_generate_crc)
    sensirion_i2c_hal_init                   0x08007b1d   Thumb Code     6  sensirion_i2c_hal.o(i.sensirion_i2c_hal_init)
    sensirion_i2c_hal_read                   0x08007b23   Thumb Code    86  sensirion_i2c_hal.o(i.sensirion_i2c_hal_read)
    sensirion_i2c_hal_sleep_usec             0x08007b79   Thumb Code     6  sensirion_i2c_hal.o(i.sensirion_i2c_hal_sleep_usec)
    sensirion_i2c_hal_write                  0x08007b7f   Thumb Code    90  sensirion_i2c_hal.o(i.sensirion_i2c_hal_write)
    sensirion_i2c_read_data_inplace          0x08007bd9   Thumb Code    88  sensirion_i2c.o(i.sensirion_i2c_read_data_inplace)
    sensirion_i2c_write_data                 0x08007c31   Thumb Code     4  sensirion_i2c.o(i.sensirion_i2c_write_data)
    sqrt                                     0x08007c49   Thumb Code    76  sqrt.o(i.sqrt)
    uxListRemove                             0x08007c95   Thumb Code    38  list.o(i.uxListRemove)
    vApplicationGetIdleTaskMemory            0x08007cbd   Thumb Code    16  freertos.o(i.vApplicationGetIdleTaskMemory)
    vApplicationGetTimerTaskMemory           0x08007cd1   Thumb Code    18  freertos.o(i.vApplicationGetTimerTaskMemory)
    vListInitialise                          0x08007ce9   Thumb Code    22  list.o(i.vListInitialise)
    vListInitialiseItem                      0x08007cff   Thumb Code     6  list.o(i.vListInitialiseItem)
    vListInsert                              0x08007d05   Thumb Code    48  list.o(i.vListInsert)
    vListInsertEnd                           0x08007d35   Thumb Code    24  list.o(i.vListInsertEnd)
    vPortEnterCritical                       0x08007d4d   Thumb Code    54  port.o(i.vPortEnterCritical)
    vPortExitCritical                        0x08007d8d   Thumb Code    34  port.o(i.vPortExitCritical)
    vPortFree                                0x08007db5   Thumb Code    88  heap_4.o(i.vPortFree)
    vPortSetupTimerInterrupt                 0x08007e11   Thumb Code    32  port.o(i.vPortSetupTimerInterrupt)
    vPortValidateInterruptPriority           0x08007e35   Thumb Code    74  port.o(i.vPortValidateInterruptPriority)
    vQueueAddToRegistry                      0x08007e89   Thumb Code    32  queue.o(i.vQueueAddToRegistry)
    vQueueWaitForMessageRestricted           0x08007ead   Thumb Code    68  queue.o(i.vQueueWaitForMessageRestricted)
    vTaskDelay                               0x08007ef1   Thumb Code    66  tasks.o(i.vTaskDelay)
    vTaskInternalSetTimeOutState             0x08007f3d   Thumb Code    12  tasks.o(i.vTaskInternalSetTimeOutState)
    vTaskMissedYield                         0x08007f4d   Thumb Code     8  tasks.o(i.vTaskMissedYield)
    vTaskPlaceOnEventList                    0x08007f59   Thumb Code    44  tasks.o(i.vTaskPlaceOnEventList)
    vTaskPlaceOnEventListRestricted          0x08007f89   Thumb Code    52  tasks.o(i.vTaskPlaceOnEventListRestricted)
    vTaskStartScheduler                      0x08007fc1   Thumb Code   116  tasks.o(i.vTaskStartScheduler)
    vTaskSuspendAll                          0x08008045   Thumb Code    10  tasks.o(i.vTaskSuspendAll)
    vTaskSwitchContext                       0x08008055   Thumb Code    82  tasks.o(i.vTaskSwitchContext)
    xPortStartScheduler                      0x080080b1   Thumb Code   156  port.o(i.xPortStartScheduler)
    xQueueGenericCreateStatic                0x08008159   Thumb Code   102  queue.o(i.xQueueGenericCreateStatic)
    xQueueGenericReset                       0x080081c1   Thumb Code   132  queue.o(i.xQueueGenericReset)
    xQueueGenericSend                        0x08008249   Thumb Code   350  queue.o(i.xQueueGenericSend)
    xQueueGenericSendFromISR                 0x080083ad   Thumb Code   188  queue.o(i.xQueueGenericSendFromISR)
    xQueueReceive                            0x08008469   Thumb Code   308  queue.o(i.xQueueReceive)
    xTaskCheckForTimeOut                     0x080085a1   Thumb Code   112  tasks.o(i.xTaskCheckForTimeOut)
    xTaskCreate                              0x08008615   Thumb Code    90  tasks.o(i.xTaskCreate)
    xTaskCreateStatic                        0x0800866f   Thumb Code    90  tasks.o(i.xTaskCreateStatic)
    xTaskGetSchedulerState                   0x080086c9   Thumb Code    22  tasks.o(i.xTaskGetSchedulerState)
    xTaskGetTickCount                        0x080086e5   Thumb Code     6  tasks.o(i.xTaskGetTickCount)
    xTaskIncrementTick                       0x080086f1   Thumb Code   192  tasks.o(i.xTaskIncrementTick)
    xTaskPriorityDisinherit                  0x080087b9   Thumb Code   144  tasks.o(i.xTaskPriorityDisinherit)
    xTaskRemoveFromEventList                 0x08008851   Thumb Code   108  tasks.o(i.xTaskRemoveFromEventList)
    xTaskResumeAll                           0x080088c5   Thumb Code   182  tasks.o(i.xTaskResumeAll)
    xTimerCreateTimerTask                    0x08008989   Thumb Code    78  timers.o(i.xTimerCreateTimerTask)
    xTimerGenericCommand                     0x080089e9   Thumb Code    94  timers.o(i.xTimerGenericCommand)
    AHBPrescTable                            0x08008abc   Data          16  system_stm32f1xx.o(.constdata)
    APBPrescTable                            0x08008acc   Data           8  system_stm32f1xx.o(.constdata)
    __ctype_table                            0x08008ca0   Data         129  ctype_o.o(.constdata)
    __mathlib_zero                           0x08008d38   Data           8  qnan.o(.constdata)
    Region$$Table$$Base                      0x08008e6c   Number         0  anon$$obj.o(Region$$Table)
    Region$$Table$$Limit                     0x08008e8c   Number         0  anon$$obj.o(Region$$Table)
    timerCount                               0x20000000   Data           2  freertos.o(.data)
    SENSORHandle                             0x20000004   Data           4  freertos.o(.data)
    SENDHandle                               0x20000008   Data           4  freertos.o(.data)
    NETHandle                                0x2000000c   Data           4  freertos.o(.data)
    USARTHandle                              0x20000010   Data           4  freertos.o(.data)
    Upload_Period                            0x20000014   Data           2  sysparams.o(.data)
    FW_Version                               0x20000016   Data           2  sysparams.o(.data)
    DEV_LOC                                  0x20000018   Data           4  sysparams.o(.data)
    unique_id                                0x2000001c   Data           8  sysparams.o(.data)
    uwTickFreq                               0x20000024   Data           1  stm32f1xx_hal.o(.data)
    uwTickPrio                               0x20000028   Data           4  stm32f1xx_hal.o(.data)
    uwTick                                   0x2000002c   Data           4  stm32f1xx_hal.o(.data)
    SystemCoreClock                          0x20000030   Data           4  system_stm32f1xx.o(.data)
    pxCurrentTCB                             0x20000034   Data           4  tasks.o(.data)
    CO2_Value                                0x200000b4   Data           2  scd4x_i2c.o(.data)
    Temp_Value                               0x200000b8   Data           4  scd4x_i2c.o(.data)
    Humi_Value                               0x200000bc   Data           4  scd4x_i2c.o(.data)
    netDeviceInfo                            0x200000c0   Data           6  net_device.o(.data)
    faultTypeReport                          0x200000c6   Data           1  fault.o(.data)
    topics                                   0x200000c8   Data           4  onenet.o(.data)
    oneNetInfo                               0x200000cc   Data         195  onenet.o(.data)
    huart1                                   0x2000073c   Data          68  usart.o(.bss)
    htim2                                    0x20000780   Data          72  stm32f1xx_hal_timebase_tim.o(.bss)
    mac_strings                              0x200007c8   Data          20  sysparams.o(.bss)
    hrtc                                     0x200007dc   Data          20  rtc.o(.bss)
    pFlash                                   0x200007f0   Data          32  stm32f1xx_hal_flash.o(.bss)
    xQueueRegistry                           0x20000810   Data          64  queue.o(.bss)
    g_cmdid                                  0x20003e00   Data          64  mqtt_app.o(.bss)
    STMFLASH_BUF                             0x20003e40   Data        1024  stmflash.o(.bss)
    netIOInfo                                0x20004240   Data         324  net_io.o(.bss)
    ctx                                      0x20004384   Data         308  onenet.o(.bss)
    __initial_sp                             0x20004de8   Data           0  startup_stm32f103xb.o(STACK)



==============================================================================

Memory Map of the image

  Image Entry point : 0x080000ed

  Load Region LR_IROM1 (Base: 0x08000000, Size: 0x00009020, Max: 0x00010000, ABSOLUTE, COMPRESSED[0x00008f44])

    Execution Region ER_IROM1 (Exec base: 0x08000000, Load base: 0x08000000, Size: 0x00008e8c, Max: 0x00010000, ABSOLUTE)

    Exec Addr    Load Addr    Size         Type   Attr      Idx    E Section Name        Object

    0x08000000   0x08000000   0x000000ec   Data   RO            3    RESET               startup_stm32f103xb.o
    0x080000ec   0x080000ec   0x00000000   Code   RO         6607  * .ARM.Collect$$$$00000000  mc_w.l(entry.o)
    0x080000ec   0x080000ec   0x00000004   Code   RO         7003    .ARM.Collect$$$$00000001  mc_w.l(entry2.o)
    0x080000f0   0x080000f0   0x00000004   Code   RO         7006    .ARM.Collect$$$$00000004  mc_w.l(entry5.o)
    0x080000f4   0x080000f4   0x00000000   Code   RO         7008    .ARM.Collect$$$$00000008  mc_w.l(entry7b.o)
    0x080000f4   0x080000f4   0x00000000   Code   RO         7010    .ARM.Collect$$$$0000000A  mc_w.l(entry8b.o)
    0x080000f4   0x080000f4   0x00000008   Code   RO         7011    .ARM.Collect$$$$0000000B  mc_w.l(entry9a.o)
    0x080000fc   0x080000fc   0x00000000   Code   RO         7013    .ARM.Collect$$$$0000000D  mc_w.l(entry10a.o)
    0x080000fc   0x080000fc   0x00000000   Code   RO         7015    .ARM.Collect$$$$0000000F  mc_w.l(entry11a.o)
    0x080000fc   0x080000fc   0x00000004   Code   RO         7004    .ARM.Collect$$$$00002712  mc_w.l(entry2.o)
    0x08000100   0x08000100   0x00000096   Code   RO         4649    .emb_text           port.o
    0x08000196   0x08000196   0x00000002   PAD
    0x08000198   0x08000198   0x00000024   Code   RO            4    .text               startup_stm32f103xb.o
    0x080001bc   0x080001bc   0x00000020   Code   RO         6612    .text               mc_w.l(llushr.o)
    0x080001dc   0x080001dc   0x00000008   Code   RO         6614    .text               mc_w.l(ctype_o.o)
    0x080001e4   0x080001e4   0x0000000c   Code   RO         6642    .text               mc_w.l(tolower.o)
    0x080001f0   0x080001f0   0x000000a8   Code   RO         6650    .text               mc_w.l(mktime.o)
    0x08000298   0x08000298   0x00000040   Code   RO         6663    .text               mc_w.l(memmovea.o)
    0x080002d8   0x080002d8   0x00000024   Code   RO         6667    .text               mc_w.l(memseta.o)
    0x080002fc   0x080002fc   0x00000024   Code   RO         6671    .text               mc_w.l(strstr.o)
    0x08000320   0x08000320   0x00000014   Code   RO         6675    .text               mc_w.l(strchr.o)
    0x08000334   0x08000334   0x0000000e   Code   RO         6677    .text               mc_w.l(strlen.o)
    0x08000342   0x08000342   0x00000012   Code   RO         6681    .text               mc_w.l(strcpy.o)
    0x08000354   0x08000354   0x0000001e   Code   RO         6683    .text               mc_w.l(strncmp.o)
    0x08000372   0x08000372   0x00000064   Code   RO         6950    .text               mf_w.l(fmul.o)
    0x080003d6   0x080003d6   0x0000007c   Code   RO         6952    .text               mf_w.l(fdiv.o)
    0x08000452   0x08000452   0x0000014e   Code   RO         6954    .text               mf_w.l(dadd.o)
    0x080005a0   0x080005a0   0x000000e4   Code   RO         6956    .text               mf_w.l(dmul.o)
    0x08000684   0x08000684   0x00000012   Code   RO         6958    .text               mf_w.l(fflti.o)
    0x08000696   0x08000696   0x0000000a   Code   RO         6960    .text               mf_w.l(ffltui.o)
    0x080006a0   0x080006a0   0x00000022   Code   RO         6962    .text               mf_w.l(dflti.o)
    0x080006c2   0x080006c2   0x0000001a   Code   RO         6964    .text               mf_w.l(dfltui.o)
    0x080006dc   0x080006dc   0x00000028   Code   RO         6966    .text               mf_w.l(ffixui.o)
    0x08000704   0x08000704   0x0000003e   Code   RO         6968    .text               mf_w.l(dfixi.o)
    0x08000742   0x08000742   0x00000026   Code   RO         6970    .text               mf_w.l(f2d.o)
    0x08000768   0x08000768   0x00000030   Code   RO         6972    .text               mf_w.l(cdcmple.o)
    0x08000798   0x08000798   0x00000030   Code   RO         6974    .text               mf_w.l(cdrcmple.o)
    0x080007c8   0x080007c8   0x0000002c   Code   RO         7020    .text               mc_w.l(uidiv.o)
    0x080007f4   0x080007f4   0x00000062   Code   RO         7022    .text               mc_w.l(uldiv.o)
    0x08000856   0x08000856   0x0000001e   Code   RO         7024    .text               mc_w.l(llshl.o)
    0x08000874   0x08000874   0x00000024   Code   RO         7026    .text               mc_w.l(llsshr.o)
    0x08000898   0x08000898   0x0000000c   Code   RO         7028    .text               mc_w.l(localtime_w.o)
    0x080008a4   0x080008a4   0x0000008c   Code   RO         7031    .text               mc_w.l(localtime_i.o)
    0x08000930   0x08000930   0x00000000   Code   RO         7041    .text               mc_w.l(iusefp.o)
    0x08000930   0x08000930   0x0000006e   Code   RO         7042    .text               mf_w.l(fepilogue.o)
    0x0800099e   0x0800099e   0x000000ba   Code   RO         7044    .text               mf_w.l(depilogue.o)
    0x08000a58   0x08000a58   0x000000de   Code   RO         7046    .text               mf_w.l(ddiv.o)
    0x08000b36   0x08000b36   0x0000002e   Code   RO         7048    .text               mf_w.l(dscalb.o)
    0x08000b64   0x08000b64   0x00000030   Code   RO         7050    .text               mf_w.l(dfixul.o)
    0x08000b94   0x08000b94   0x00000024   Code   RO         7052    .text               mc_w.l(init.o)
    0x08000bb8   0x08000bb8   0x000000a2   Code   RO         7056    .text               mf_w.l(dsqrt.o)
    0x08000c5a   0x08000c5a   0x00000056   Code   RO         7066    .text               mc_w.l(__dczerorl2.o)
    0x08000cb0   0x08000cb0   0x00000044   Code   RO         5679    i.AbneEvt_Dispose   direct.o
    0x08000cf4   0x08000cf4   0x00000002   Code   RO          502    i.BusFault_Handler  stm32f1xx_it.o
    0x08000cf6   0x08000cf6   0x00000002   Code   RO          503    i.DebugMon_Handler  stm32f1xx_it.o
    0x08000cf8   0x08000cf8   0x00000034   Code   RO         5603    i.DelayMs           delay.o
    0x08000d2c   0x08000d2c   0x00000040   Code   RO         5604    i.DelayUs           delay.o
    0x08000d6c   0x08000d6c   0x0000000e   Code   RO         5605    i.DelayXms          delay.o
    0x08000d7a   0x08000d7a   0x00000002   PAD
    0x08000d7c   0x08000d7c   0x0000000c   Code   RO          632    i.Dev_FwVer_Read    sysparams.o
    0x08000d88   0x08000d88   0x00000058   Code   RO          633    i.Dev_Location_Change  sysparams.o
    0x08000de0   0x08000de0   0x00000030   Code   RO          634    i.Dev_Location_Init  sysparams.o
    0x08000e10   0x08000e10   0x00000064   Code   RO          635    i.Dev_Mac_Init      sysparams.o
    0x08000e74   0x08000e74   0x00000050   Code   RO          691    i.Dev_Set_Time      rtc.o
    0x08000ec4   0x08000ec4   0x00000048   Code   RO          636    i.Dev_UpLoad_Per_Change  sysparams.o
    0x08000f0c   0x08000f0c   0x00000028   Code   RO          637    i.Dev_UpLoad_Per_Init  sysparams.o
    0x08000f34   0x08000f34   0x000000a8   Code   RO          230    i.Dir_Light_GPIO_Control  gpio.o
    0x08000fdc   0x08000fdc   0x000000c0   Code   RO          231    i.Dir_Light_GPIO_Init  gpio.o
    0x0800109c   0x0800109c   0x00000004   Code   RO         5680    i.Direct_GPIO_Init  direct.o
    0x080010a0   0x080010a0   0x00000004   Code   RO         5682    i.Direct_Light_Control  direct.o
    0x080010a4   0x080010a4   0x00000004   Code   RO           13    i.Error_Handler     main.o
    0x080010a8   0x080010a8   0x00000024   Code   RO         1604    i.FLASH_PageErase   stm32f1xx_hal_flash_ex.o
    0x080010cc   0x080010cc   0x0000001c   Code   RO         1496    i.FLASH_Program_HalfWord  stm32f1xx_hal_flash.o
    0x080010e8   0x080010e8   0x0000005c   Code   RO         1497    i.FLASH_SetErrorCode  stm32f1xx_hal_flash.o
    0x08001144   0x08001144   0x00000054   Code   RO         1498    i.FLASH_WaitForLastOperation  stm32f1xx_hal_flash.o
    0x08001198   0x08001198   0x00000046   Code   RO         1160    i.HAL_DMA_Abort     stm32f1xx_hal_dma.o
    0x080011de   0x080011de   0x00000002   PAD
    0x080011e0   0x080011e0   0x00000098   Code   RO         1161    i.HAL_DMA_Abort_IT  stm32f1xx_hal_dma.o
    0x08001278   0x08001278   0x00000024   Code   RO          788    i.HAL_Delay         stm32f1xx_hal.o
    0x0800129c   0x0800129c   0x00000014   Code   RO         1502    i.HAL_FLASH_Lock    stm32f1xx_hal_flash.o
    0x080012b0   0x080012b0   0x00000084   Code   RO         1507    i.HAL_FLASH_Program  stm32f1xx_hal_flash.o
    0x08001334   0x08001334   0x00000028   Code   RO         1509    i.HAL_FLASH_Unlock  stm32f1xx_hal_flash.o
    0x0800135c   0x0800135c   0x000001cc   Code   RO         1096    i.HAL_GPIO_Init     stm32f1xx_hal_gpio.o
    0x08001528   0x08001528   0x00000010   Code   RO         1099    i.HAL_GPIO_TogglePin  stm32f1xx_hal_gpio.o
    0x08001538   0x08001538   0x0000000a   Code   RO         1100    i.HAL_GPIO_WritePin  stm32f1xx_hal_gpio.o
    0x08001542   0x08001542   0x00000002   PAD
    0x08001544   0x08001544   0x0000000c   Code   RO          792    i.HAL_GetTick       stm32f1xx_hal.o
    0x08001550   0x08001550   0x00000010   Code   RO          798    i.HAL_IncTick       stm32f1xx_hal.o
    0x08001560   0x08001560   0x00000024   Code   RO          799    i.HAL_Init          stm32f1xx_hal.o
    0x08001584   0x08001584   0x00000074   Code   RO          596    i.HAL_InitTick      stm32f1xx_hal_timebase_tim.o
    0x080015f8   0x080015f8   0x00000034   Code   RO          572    i.HAL_MspInit       stm32f1xx_hal_msp.o
    0x0800162c   0x0800162c   0x0000001a   Code   RO         1256    i.HAL_NVIC_EnableIRQ  stm32f1xx_hal_cortex.o
    0x08001646   0x08001646   0x00000002   PAD
    0x08001648   0x08001648   0x00000040   Code   RO         1262    i.HAL_NVIC_SetPriority  stm32f1xx_hal_cortex.o
    0x08001688   0x08001688   0x00000024   Code   RO         1263    i.HAL_NVIC_SetPriorityGrouping  stm32f1xx_hal_cortex.o
    0x080016ac   0x080016ac   0x0000000c   Code   RO         1378    i.HAL_PWR_EnableBkUpAccess  stm32f1xx_hal_pwr.o
    0x080016b8   0x080016b8   0x000000c4   Code   RO         1058    i.HAL_RCCEx_GetPeriphCLKFreq  stm32f1xx_hal_rcc_ex.o
    0x0800177c   0x0800177c   0x000000e8   Code   RO         1059    i.HAL_RCCEx_PeriphCLKConfig  stm32f1xx_hal_rcc_ex.o
    0x08001864   0x08001864   0x00000138   Code   RO          956    i.HAL_RCC_ClockConfig  stm32f1xx_hal_rcc.o
    0x0800199c   0x0800199c   0x00000040   Code   RO          960    i.HAL_RCC_GetClockConfig  stm32f1xx_hal_rcc.o
    0x080019dc   0x080019dc   0x00000020   Code   RO          963    i.HAL_RCC_GetPCLK1Freq  stm32f1xx_hal_rcc.o
    0x080019fc   0x080019fc   0x00000020   Code   RO          964    i.HAL_RCC_GetPCLK2Freq  stm32f1xx_hal_rcc.o
    0x08001a1c   0x08001a1c   0x0000006c   Code   RO          965    i.HAL_RCC_GetSysClockFreq  stm32f1xx_hal_rcc.o
    0x08001a88   0x08001a88   0x00000318   Code   RO          968    i.HAL_RCC_OscConfig  stm32f1xx_hal_rcc.o
    0x08001da0   0x08001da0   0x0000004e   Code   RO         3091    i.HAL_RTC_GetDate   stm32f1xx_hal_rtc.o
    0x08001dee   0x08001dee   0x000000d8   Code   RO         3093    i.HAL_RTC_GetTime   stm32f1xx_hal_rtc.o
    0x08001ec6   0x08001ec6   0x00000002   PAD
    0x08001ec8   0x08001ec8   0x000000a0   Code   RO         3094    i.HAL_RTC_Init      stm32f1xx_hal_rtc.o
    0x08001f68   0x08001f68   0x00000048   Code   RO          693    i.HAL_RTC_MspInit   rtc.o
    0x08001fb0   0x08001fb0   0x000000c4   Code   RO         3100    i.HAL_RTC_SetDate   stm32f1xx_hal_rtc.o
    0x08002074   0x08002074   0x000000b0   Code   RO         3101    i.HAL_RTC_SetTime   stm32f1xx_hal_rtc.o
    0x08002124   0x08002124   0x0000003a   Code   RO         3102    i.HAL_RTC_WaitForSynchro  stm32f1xx_hal_rtc.o
    0x0800215e   0x0800215e   0x00000002   Code   RO         2462    i.HAL_TIMEx_BreakCallback  stm32f1xx_hal_tim_ex.o
    0x08002160   0x08002160   0x00000002   Code   RO         2463    i.HAL_TIMEx_CommutCallback  stm32f1xx_hal_tim_ex.o
    0x08002162   0x08002162   0x0000005a   Code   RO         1758    i.HAL_TIM_Base_Init  stm32f1xx_hal_tim.o
    0x080021bc   0x080021bc   0x00000002   Code   RO         1760    i.HAL_TIM_Base_MspInit  stm32f1xx_hal_tim.o
    0x080021be   0x080021be   0x00000002   PAD
    0x080021c0   0x080021c0   0x00000058   Code   RO         1763    i.HAL_TIM_Base_Start_IT  stm32f1xx_hal_tim.o
    0x08002218   0x08002218   0x00000002   Code   RO         1792    i.HAL_TIM_IC_CaptureCallback  stm32f1xx_hal_tim.o
    0x0800221a   0x0800221a   0x00000166   Code   RO         1806    i.HAL_TIM_IRQHandler  stm32f1xx_hal_tim.o
    0x08002380   0x08002380   0x00000002   Code   RO         1809    i.HAL_TIM_OC_DelayElapsedCallback  stm32f1xx_hal_tim.o
    0x08002382   0x08002382   0x00000002   Code   RO         1836    i.HAL_TIM_PWM_PulseFinishedCallback  stm32f1xx_hal_tim.o
    0x08002384   0x08002384   0x0000000e   Code   RO           14    i.HAL_TIM_PeriodElapsedCallback  main.o
    0x08002392   0x08002392   0x00000002   Code   RO         1849    i.HAL_TIM_TriggerCallback  stm32f1xx_hal_tim.o
    0x08002394   0x08002394   0x0000004a   Code   RO         2739    i.HAL_UARTEx_ReceiveToIdle_IT  stm32f1xx_hal_uart.o
    0x080023de   0x080023de   0x00000002   PAD
    0x080023e0   0x080023e0   0x00000028   Code   RO         6408    i.HAL_UARTEx_RxEventCallback  net_io.o
    0x08002408   0x08002408   0x00000002   Code   RO         2754    i.HAL_UART_ErrorCallback  stm32f1xx_hal_uart.o
    0x0800240a   0x0800240a   0x00000002   PAD
    0x0800240c   0x0800240c   0x0000020c   Code   RO         2757    i.HAL_UART_IRQHandler  stm32f1xx_hal_uart.o
    0x08002618   0x08002618   0x00000062   Code   RO         2758    i.HAL_UART_Init     stm32f1xx_hal_uart.o
    0x0800267a   0x0800267a   0x00000002   PAD
    0x0800267c   0x0800267c   0x00000080   Code   RO          445    i.HAL_UART_MspInit  usart.o
    0x080026fc   0x080026fc   0x00000002   Code   RO         6409    i.HAL_UART_RxCpltCallback  net_io.o
    0x080026fe   0x080026fe   0x000000b0   Code   RO         2766    i.HAL_UART_Transmit  stm32f1xx_hal_uart.o
    0x080027ae   0x080027ae   0x00000002   Code   RO         2769    i.HAL_UART_TxCpltCallback  stm32f1xx_hal_uart.o
    0x080027b0   0x080027b0   0x00000002   Code   RO          504    i.HardFault_Handler  stm32f1xx_it.o
    0x080027b2   0x080027b2   0x00000002   PAD
    0x080027b4   0x080027b4   0x0000004c   Code   RO          233    i.IIC1_GPIO_Init    gpio.o
    0x08002800   0x08002800   0x0000003c   Code   RO         6210    i.IIC_Ack           myiic.o
    0x0800283c   0x0800283c   0x00000018   Code   RO         6211    i.IIC_Init          myiic.o
    0x08002854   0x08002854   0x0000003c   Code   RO         6212    i.IIC_NAck          myiic.o
    0x08002890   0x08002890   0x0000007c   Code   RO         6213    i.IIC_Read_Byte     myiic.o
    0x0800290c   0x0800290c   0x0000006c   Code   RO         6214    i.IIC_Send_Byte     myiic.o
    0x08002978   0x08002978   0x00000044   Code   RO         6215    i.IIC_Start         myiic.o
    0x080029bc   0x080029bc   0x0000004c   Code   RO         6216    i.IIC_Stop          myiic.o
    0x08002a08   0x08002a08   0x00000060   Code   RO         6217    i.IIC_Wait_Ack      myiic.o
    0x08002a68   0x08002a68   0x00000068   Code   RO          289    i.MX_FREERTOS_Init  freertos.o
    0x08002ad0   0x08002ad0   0x000000c4   Code   RO          234    i.MX_GPIO_Init      gpio.o
    0x08002b94   0x08002b94   0x00000068   Code   RO          694    i.MX_RTC_Init       rtc.o
    0x08002bfc   0x08002bfc   0x00000038   Code   RO          446    i.MX_USART1_UART_Init  usart.o
    0x08002c34   0x08002c34   0x00000002   Code   RO          505    i.MemManage_Handler  stm32f1xx_it.o
    0x08002c36   0x08002c36   0x0000009c   Code   RO         5557    i.MqttBuffer_AllocExtent  mqtt_buffer.o
    0x08002cd2   0x08002cd2   0x00000046   Code   RO         5558    i.MqttBuffer_Append  mqtt_buffer.o
    0x08002d18   0x08002d18   0x0000001a   Code   RO         5559    i.MqttBuffer_AppendExtent  mqtt_buffer.o
    0x08002d32   0x08002d32   0x00000004   Code   RO         5560    i.MqttBuffer_Destroy  mqtt_buffer.o
    0x08002d36   0x08002d36   0x00000014   Code   RO         5561    i.MqttBuffer_Init   mqtt_buffer.o
    0x08002d4a   0x08002d4a   0x00000028   Code   RO         5562    i.MqttBuffer_Reset  mqtt_buffer.o
    0x08002d72   0x08002d72   0x00000002   PAD
    0x08002d74   0x08002d74   0x000000a8   Code   RO         5410    i.MqttSample_Connect  mqtt_app.o
    0x08002e1c   0x08002e1c   0x0000004c   Code   RO         5411    i.MqttSample_HandleCmd  mqtt_app.o
    0x08002e68   0x08002e68   0x0000006c   Code   RO         5412    i.MqttSample_HandleConnAck  mqtt_app.o
    0x08002ed4   0x08002ed4   0x00000014   Code   RO         5413    i.MqttSample_HandlePingResp  mqtt_app.o
    0x08002ee8   0x08002ee8   0x00000040   Code   RO         5414    i.MqttSample_HandlePubAck  mqtt_app.o
    0x08002f28   0x08002f28   0x00000040   Code   RO         5415    i.MqttSample_HandlePubComp  mqtt_app.o
    0x08002f68   0x08002f68   0x00000044   Code   RO         5416    i.MqttSample_HandlePubRec  mqtt_app.o
    0x08002fac   0x08002fac   0x00000040   Code   RO         5417    i.MqttSample_HandlePubRel  mqtt_app.o
    0x08002fec   0x08002fec   0x0000008c   Code   RO         5418    i.MqttSample_HandlePublish  mqtt_app.o
    0x08003078   0x08003078   0x00000044   Code   RO         5419    i.MqttSample_HandleSubAck  mqtt_app.o
    0x080030bc   0x080030bc   0x00000040   Code   RO         5420    i.MqttSample_HandleUnsubAck  mqtt_app.o
    0x080030fc   0x080030fc   0x000000e4   Code   RO         5421    i.MqttSample_Init   mqtt_app.o
    0x080031e0   0x080031e0   0x0000000c   Code   RO         5423    i.MqttSample_ReInit  mqtt_app.o
    0x080031ec   0x080031ec   0x0000002c   Code   RO         5424    i.MqttSample_RecvPkt  mqtt_app.o
    0x08003218   0x08003218   0x00000124   Code   RO         5426    i.MqttSample_Savedata  mqtt_app.o
    0x0800333c   0x0800333c   0x000000a0   Code   RO         5427    i.MqttSample_SendPkt  mqtt_app.o
    0x080033dc   0x080033dc   0x0000005c   Code   RO         5428    i.MqttSample_Subscribe  mqtt_app.o
    0x08003438   0x08003438   0x00000028   Code   RO         5063    i.Mqtt_CheckClentIdentifier  mqtt.o
    0x08003460   0x08003460   0x00000040   Code   RO         5064    i.Mqtt_CheckUtf8    mqtt.o
    0x080034a0   0x080034a0   0x0000005e   Code   RO         5066    i.Mqtt_Dispatch     mqtt.o
    0x080034fe   0x080034fe   0x00000022   Code   RO         5067    i.Mqtt_DumpLength   mqtt.o
    0x08003520   0x08003520   0x0000002e   Code   RO         5071    i.Mqtt_HandleConnAck  mqtt.o
    0x0800354e   0x0800354e   0x00000012   Code   RO         5072    i.Mqtt_HandlePingResp  mqtt.o
    0x08003560   0x08003560   0x00000026   Code   RO         5073    i.Mqtt_HandlePubAck  mqtt.o
    0x08003586   0x08003586   0x00000026   Code   RO         5074    i.Mqtt_HandlePubComp  mqtt.o
    0x080035ac   0x080035ac   0x00000078   Code   RO         5075    i.Mqtt_HandlePubRec  mqtt.o
    0x08003624   0x08003624   0x00000086   Code   RO         5076    i.Mqtt_HandlePubRel  mqtt.o
    0x080036aa   0x080036aa   0x00000002   PAD
    0x080036ac   0x080036ac   0x000001b0   Code   RO         5077    i.Mqtt_HandlePublish  mqtt.o
    0x0800385c   0x0800385c   0x00000044   Code   RO         5078    i.Mqtt_HandleSubAck  mqtt.o
    0x080038a0   0x080038a0   0x00000026   Code   RO         5079    i.Mqtt_HandleUnsubAck  mqtt.o
    0x080038c6   0x080038c6   0x00000026   Code   RO         5081    i.Mqtt_InitContext  mqtt.o
    0x080038ec   0x080038ec   0x00000074   Code   RO         5082    i.Mqtt_IsLegalUtf8  mqtt.o
    0x08003960   0x08003960   0x000001bc   Code   RO         5084    i.Mqtt_PackConnectPkt  mqtt.o
    0x08003b1c   0x08003b1c   0x000000f4   Code   RO         5089    i.Mqtt_PackPublishPkt  mqtt.o
    0x08003c10   0x08003c10   0x000000da   Code   RO         5090    i.Mqtt_PackSubscribePkt  mqtt.o
    0x08003cea   0x08003cea   0x00000026   Code   RO         5092    i.Mqtt_PktWriteString  mqtt.o
    0x08003d10   0x08003d10   0x00000006   Code   RO         5093    i.Mqtt_RB16         mqtt.o
    0x08003d16   0x08003d16   0x0000003e   Code   RO         5095    i.Mqtt_ReadLength   mqtt.o
    0x08003d54   0x08003d54   0x000000ac   Code   RO         5096    i.Mqtt_RecvPkt      mqtt.o
    0x08003e00   0x08003e00   0x0000008e   Code   RO         5097    i.Mqtt_SendPkt      mqtt.o
    0x08003e8e   0x08003e8e   0x00000008   Code   RO         5099    i.Mqtt_WB16         mqtt.o
    0x08003e96   0x08003e96   0x00000004   Code   RO         6297    i.NET_DEVICE_ClrData  net_device.o
    0x08003e9a   0x08003e9a   0x00000002   PAD
    0x08003e9c   0x08003e9c   0x0000009c   Code   RO          235    i.NET_DEVICE_GPIO_Init  gpio.o
    0x08003f38   0x08003f38   0x00000030   Code   RO         6299    i.NET_DEVICE_GetIPD  net_device.o
    0x08003f68   0x08003f68   0x00000010   Code   RO         6300    i.NET_DEVICE_Get_DataMode  net_device.o
    0x08003f78   0x08003f78   0x00000024   Code   RO         6301    i.NET_DEVICE_IO_Init  net_device.o
    0x08003f9c   0x08003f9c   0x00000004   Code   RO         6308    i.NET_DEVICE_SendData  net_device.o
    0x08003fa0   0x08003fa0   0x00000010   Code   RO         6309    i.NET_DEVICE_Set_DataMode  net_device.o
    0x08003fb0   0x08003fb0   0x00000014   Code   RO         6410    i.NET_IO_ClearRecive  net_io.o
    0x08003fc4   0x08003fc4   0x00000024   Code   RO         6411    i.NET_IO_Init       net_io.o
    0x08003fe8   0x08003fe8   0x00000014   Code   RO         6412    i.NET_IO_Send       net_io.o
    0x08003ffc   0x08003ffc   0x00000014   Code   RO         6413    i.NET_IO_WaitRecive  net_io.o
    0x08004010   0x08004010   0x000000cc   Code   RO          290    i.NET_Task          freertos.o
    0x080040dc   0x080040dc   0x00000002   Code   RO          506    i.NMI_Handler       stm32f1xx_it.o
    0x080040de   0x080040de   0x00000002   PAD
    0x080040e0   0x080040e0   0x00000204   Code   RO         6502    i.OneNet_App        onenet.o
    0x080042e4   0x080042e4   0x000000b8   Code   RO         6504    i.OneNet_DevLink    onenet.o
    0x0800439c   0x0800439c   0x0000026c   Code   RO         6508    i.OneNet_SendData   onenet.o
    0x08004608   0x08004608   0x0000006c   Code   RO         6509    i.OneNet_Subscribe  onenet.o
    0x08004674   0x08004674   0x00000012   Code   RO         3103    i.RTC_Bcd2ToByte    stm32f1xx_hal_rtc.o
    0x08004686   0x08004686   0x00000016   Code   RO         3104    i.RTC_ByteToBcd2    stm32f1xx_hal_rtc.o
    0x0800469c   0x0800469c   0x000000ae   Code   RO         3105    i.RTC_DateUpdate    stm32f1xx_hal_rtc.o
    0x0800474a   0x0800474a   0x00000034   Code   RO         3106    i.RTC_EnterInitMode  stm32f1xx_hal_rtc.o
    0x0800477e   0x0800477e   0x00000034   Code   RO         3107    i.RTC_ExitInitMode  stm32f1xx_hal_rtc.o
    0x080047b2   0x080047b2   0x0000000e   Code   RO         3108    i.RTC_ReadAlarmCounter  stm32f1xx_hal_rtc.o
    0x080047c0   0x080047c0   0x00000020   Code   RO         3109    i.RTC_ReadTimeCounter  stm32f1xx_hal_rtc.o
    0x080047e0   0x080047e0   0x00000056   Code   RO         3110    i.RTC_WeekDayNum    stm32f1xx_hal_rtc.o
    0x08004836   0x08004836   0x00000028   Code   RO         3111    i.RTC_WriteAlarmCounter  stm32f1xx_hal_rtc.o
    0x0800485e   0x0800485e   0x00000028   Code   RO         3112    i.RTC_WriteTimeCounter  stm32f1xx_hal_rtc.o
    0x08004886   0x08004886   0x00000002   PAD
    0x08004888   0x08004888   0x000000ac   Code   RO          695    i.Read_Stamp        rtc.o
    0x08004934   0x08004934   0x0000004c   Code   RO         5787    i.SCDxx_Process     scd4x_i2c.o
    0x08004980   0x08004980   0x0000001c   Code   RO          292    i.SEND_Task         freertos.o
    0x0800499c   0x0800499c   0x00000038   Code   RO          293    i.SENSOR_Task       freertos.o
    0x080049d4   0x080049d4   0x00000018   Code   RO         5735    i.STMFLASH_Read     stmflash.o
    0x080049ec   0x080049ec   0x000000e0   Code   RO         5738    i.STMFLASH_Write    stmflash.o
    0x08004acc   0x08004acc   0x0000002a   Code   RO         5739    i.STMFLASH_Write_NoCheck  stmflash.o
    0x08004af6   0x08004af6   0x00000002   PAD
    0x08004af8   0x08004af8   0x0000002c   Code   RO         4650    i.SysTick_Handler   port.o
    0x08004b24   0x08004b24   0x0000007c   Code   RO           15    i.SystemClock_Config  main.o
    0x08004ba0   0x08004ba0   0x00000002   Code   RO         3257    i.SystemInit        system_stm32f1xx.o
    0x08004ba2   0x08004ba2   0x00000002   PAD
    0x08004ba4   0x08004ba4   0x0000000c   Code   RO          507    i.TIM2_IRQHandler   stm32f1xx_it.o
    0x08004bb0   0x08004bb0   0x0000006c   Code   RO         1851    i.TIM_Base_SetConfig  stm32f1xx_hal_tim.o
    0x08004c1c   0x08004c1c   0x00000010   Code   RO         2771    i.UART_DMAAbortOnError  stm32f1xx_hal_uart.o
    0x08004c2c   0x08004c2c   0x00000030   Code   RO         2781    i.UART_EndRxTransfer  stm32f1xx_hal_uart.o
    0x08004c5c   0x08004c5c   0x000000b6   Code   RO         2783    i.UART_Receive_IT   stm32f1xx_hal_uart.o
    0x08004d12   0x08004d12   0x00000002   PAD
    0x08004d14   0x08004d14   0x000000b8   Code   RO         2784    i.UART_SetConfig    stm32f1xx_hal_uart.o
    0x08004dcc   0x08004dcc   0x00000036   Code   RO         2786    i.UART_Start_Receive_IT  stm32f1xx_hal_uart.o
    0x08004e02   0x08004e02   0x00000062   Code   RO         2787    i.UART_WaitOnFlagUntilTimeout  stm32f1xx_hal_uart.o
    0x08004e64   0x08004e64   0x0000000c   Code   RO          508    i.USART1_IRQHandler  stm32f1xx_it.o
    0x08004e70   0x08004e70   0x00000054   Code   RO          295    i.USART_Task        freertos.o
    0x08004ec4   0x08004ec4   0x00000002   Code   RO          509    i.UsageFault_Handler  stm32f1xx_it.o
    0x08004ec6   0x08004ec6   0x00000002   Code   RO          447    i.UsartPrintf       usart.o
    0x08004ec8   0x08004ec8   0x00000028   Code   RO         6924    i.__0sprintf        mc_w.l(printfa.o)
    0x08004ef0   0x08004ef0   0x00000028   Code   RO         6990    i.__ARM_fpclassify  m_ws.l(fpclassify.o)
    0x08004f18   0x08004f18   0x00000020   Code   RO         1269    i.__NVIC_SetPriority  stm32f1xx_hal_cortex.o
    0x08004f38   0x08004f38   0x000000aa   Code   RO         6992    i.__kernel_poly     m_ws.l(poly.o)
    0x08004fe2   0x08004fe2   0x00000002   PAD
    0x08004fe4   0x08004fe4   0x00000010   Code   RO         6976    i.__mathlib_dbl_divzero  m_ws.l(dunder.o)
    0x08004ff4   0x08004ff4   0x00000004   Code   RO         6978    i.__mathlib_dbl_infnan2  m_ws.l(dunder.o)
    0x08004ff8   0x08004ff8   0x0000000c   Code   RO         6979    i.__mathlib_dbl_invalid  m_ws.l(dunder.o)
    0x08005004   0x08005004   0x0000000e   Code   RO         6980    i.__mathlib_dbl_overflow  m_ws.l(dunder.o)
    0x08005012   0x08005012   0x00000002   PAD
    0x08005014   0x08005014   0x00000010   Code   RO         6982    i.__mathlib_dbl_underflow  m_ws.l(dunder.o)
    0x08005024   0x08005024   0x0000000e   Code   RO         7060    i.__scatterload_copy  mc_w.l(handlers.o)
    0x08005032   0x08005032   0x00000002   Code   RO         7061    i.__scatterload_null  mc_w.l(handlers.o)
    0x08005034   0x08005034   0x0000000e   Code   RO         7062    i.__scatterload_zeroinit  mc_w.l(handlers.o)
    0x08005042   0x08005042   0x00000002   PAD
    0x08005044   0x08005044   0x0000000c   Code   RO         7036    i.__set_errno       mc_w.l(errno.o)
    0x08005050   0x08005050   0x00000184   Code   RO         6929    i._fp_digits        mc_w.l(printfa.o)
    0x080051d4   0x080051d4   0x000006dc   Code   RO         6930    i._printf_core      mc_w.l(printfa.o)
    0x080058b0   0x080058b0   0x00000024   Code   RO         6931    i._printf_post_padding  mc_w.l(printfa.o)
    0x080058d4   0x080058d4   0x0000002e   Code   RO         6932    i._printf_pre_padding  mc_w.l(printfa.o)
    0x08005902   0x08005902   0x0000000a   Code   RO         6934    i._sputc            mc_w.l(printfa.o)
    0x0800590c   0x0800590c   0x0000001c   Code   RO         4728    i.cJSON_AddItemToArray  cjson.o
    0x08005928   0x08005928   0x00000030   Code   RO         4729    i.cJSON_AddItemToObject  cjson.o
    0x08005958   0x08005958   0x00000024   Code   RO         4737    i.cJSON_CreateNumber  cjson.o
    0x0800597c   0x0800597c   0x00000010   Code   RO         4738    i.cJSON_CreateObject  cjson.o
    0x0800598c   0x0800598c   0x0000001c   Code   RO         4739    i.cJSON_CreateString  cjson.o
    0x080059a8   0x080059a8   0x00000040   Code   RO         4742    i.cJSON_Delete      cjson.o
    0x080059e8   0x080059e8   0x00000012   Code   RO         4748    i.cJSON_GetArrayItem  cjson.o
    0x080059fa   0x080059fa   0x00000010   Code   RO         4749    i.cJSON_GetArraySize  cjson.o
    0x08005a0a   0x08005a0a   0x00000020   Code   RO         4751    i.cJSON_GetObjectItem  cjson.o
    0x08005a2a   0x08005a2a   0x00000002   PAD
    0x08005a2c   0x08005a2c   0x0000001c   Code   RO         4754    i.cJSON_New_Item    cjson.o
    0x08005a48   0x08005a48   0x00000008   Code   RO         4755    i.cJSON_Parse       cjson.o
    0x08005a50   0x08005a50   0x00000060   Code   RO         4756    i.cJSON_ParseWithOpts  cjson.o
    0x08005ab0   0x08005ab0   0x00000008   Code   RO         4757    i.cJSON_Print       cjson.o
    0x08005ab8   0x08005ab8   0x00000042   Code   RO         4761    i.cJSON_strcasecmp  cjson.o
    0x08005afa   0x08005afa   0x00000002   PAD
    0x08005afc   0x08005afc   0x00000028   Code   RO         4762    i.cJSON_strdup      cjson.o
    0x08005b24   0x08005b24   0x000000dc   Code   RO         6594    i.floor             m_ws.l(floor.o)
    0x08005c00   0x08005c00   0x00000026   Code   RO           16    i.main              main.o
    0x08005c26   0x08005c26   0x0000000c   Code   RO         4221    i.makeFreeRtosPriority  cmsis_os.o
    0x08005c32   0x08005c32   0x0000000e   Code   RO         4223    i.osDelay           cmsis_os.o
    0x08005c40   0x08005c40   0x0000000a   Code   RO         4226    i.osKernelStart     cmsis_os.o
    0x08005c4a   0x08005c4a   0x00000054   Code   RO         4260    i.osThreadCreate    cmsis_os.o
    0x08005c9e   0x08005c9e   0x00000002   PAD
    0x08005ca0   0x08005ca0   0x00000088   Code   RO         4764    i.parse_array       cjson.o
    0x08005d28   0x08005d28   0x000000a6   Code   RO         4765    i.parse_hex4        cjson.o
    0x08005dce   0x08005dce   0x00000002   PAD
    0x08005dd0   0x08005dd0   0x00000158   Code   RO         4766    i.parse_number      cjson.o
    0x08005f28   0x08005f28   0x000000b4   Code   RO         4767    i.parse_object      cjson.o
    0x08005fdc   0x08005fdc   0x0000015c   Code   RO         4768    i.parse_string      cjson.o
    0x08006138   0x08006138   0x000000b4   Code   RO         4769    i.parse_value       cjson.o
    0x080061ec   0x080061ec   0x000009d8   Code   RO         6598    i.pow               m_ws.l(pow.o)
    0x08006bc4   0x08006bc4   0x00000138   Code   RO         4770    i.print_array       cjson.o
    0x08006cfc   0x08006cfc   0x00000118   Code   RO         4771    i.print_number      cjson.o
    0x08006e14   0x08006e14   0x0000021c   Code   RO         4772    i.print_object      cjson.o
    0x08007030   0x08007030   0x000000e0   Code   RO         4773    i.print_string_ptr  cjson.o
    0x08007110   0x08007110   0x0000006c   Code   RO         4774    i.print_value       cjson.o
    0x0800717c   0x0800717c   0x00000070   Code   RO         3757    i.prvAddCurrentTaskToDelayedList  tasks.o
    0x080071ec   0x080071ec   0x000000d0   Code   RO         3758    i.prvAddNewTaskToReadyList  tasks.o
    0x080072bc   0x080072bc   0x00000058   Code   RO         4078    i.prvCheckForValidListAndQueue  timers.o
    0x08007314   0x08007314   0x00000026   Code   RO         3435    i.prvCopyDataFromQueue  queue.o
    0x0800733a   0x0800733a   0x0000006c   Code   RO         3436    i.prvCopyDataToQueue  queue.o
    0x080073a6   0x080073a6   0x00000034   Code   RO         3759    i.prvDeleteTCB      tasks.o
    0x080073da   0x080073da   0x00000002   PAD
    0x080073dc   0x080073dc   0x0000004c   Code   RO         4600    i.prvHeapInit       heap_4.o
    0x08007428   0x08007428   0x0000005c   Code   RO         3760    i.prvIdleTask       tasks.o
    0x08007484   0x08007484   0x00000016   Code   RO         3438    i.prvInitialiseNewQueue  queue.o
    0x0800749a   0x0800749a   0x0000009c   Code   RO         3761    i.prvInitialiseNewTask  tasks.o
    0x08007536   0x08007536   0x00000002   PAD
    0x08007538   0x08007538   0x0000004c   Code   RO         4601    i.prvInsertBlockIntoFreeList  heap_4.o
    0x08007584   0x08007584   0x00000038   Code   RO         4080    i.prvInsertTimerInActiveList  timers.o
    0x080075bc   0x080075bc   0x0000001a   Code   RO         3439    i.prvIsQueueEmpty   queue.o
    0x080075d6   0x080075d6   0x00000002   PAD
    0x080075d8   0x080075d8   0x000000cc   Code   RO         4081    i.prvProcessReceivedCommands  timers.o
    0x080076a4   0x080076a4   0x000000b4   Code   RO         4082    i.prvProcessTimerOrBlockTask  timers.o
    0x08007758   0x08007758   0x00000020   Code   RO         3762    i.prvResetNextTaskUnblockTime  tasks.o
    0x08007778   0x08007778   0x00000028   Code   RO         4083    i.prvSampleTimeNow  timers.o
    0x080077a0   0x080077a0   0x0000006c   Code   RO         4084    i.prvSwitchTimerLists  timers.o
    0x0800780c   0x0800780c   0x00000028   Code   RO         4651    i.prvTaskExitError  port.o
    0x08007834   0x08007834   0x00000028   Code   RO         4085    i.prvTimerTask      timers.o
    0x0800785c   0x0800785c   0x0000006a   Code   RO         3440    i.prvUnlockQueue    queue.o
    0x080078c6   0x080078c6   0x00000002   PAD
    0x080078c8   0x080078c8   0x000000d8   Code   RO         4602    i.pvPortMalloc      heap_4.o
    0x080079a0   0x080079a0   0x00000024   Code   RO         4652    i.pxPortInitialiseStack  port.o
    0x080079c4   0x080079c4   0x00000012   Code   RO         5794    i.scd4x_init        scd4x_i2c.o
    0x080079d6   0x080079d6   0x00000002   PAD
    0x080079d8   0x080079d8   0x0000003c   Code   RO         5802    i.scd4x_read_measurement  scd4x_i2c.o
    0x08007a14   0x08007a14   0x00000056   Code   RO         5803    i.scd4x_read_measurement_ticks  scd4x_i2c.o
    0x08007a6a   0x08007a6a   0x00000028   Code   RO         5811    i.scd4x_start_periodic_measurement  scd4x_i2c.o
    0x08007a92   0x08007a92   0x00000002   PAD
    0x08007a94   0x08007a94   0x0000002c   Code   RO         5812    i.scd4x_stop_periodic_measurement  scd4x_i2c.o
    0x08007ac0   0x08007ac0   0x00000006   Code   RO         5972    i.sensirion_common_bytes_to_uint16_t  sensirion_common.o
    0x08007ac6   0x08007ac6   0x00000010   Code   RO         6040    i.sensirion_i2c_add_command_to_buffer  sensirion_i2c.o
    0x08007ad6   0x08007ad6   0x00000014   Code   RO         6046    i.sensirion_i2c_check_crc  sensirion_i2c.o
    0x08007aea   0x08007aea   0x00000032   Code   RO         6050    i.sensirion_i2c_generate_crc  sensirion_i2c.o
    0x08007b1c   0x08007b1c   0x00000006   Code   RO         6159    i.sensirion_i2c_hal_init  sensirion_i2c_hal.o
    0x08007b22   0x08007b22   0x00000056   Code   RO         6160    i.sensirion_i2c_hal_read  sensirion_i2c_hal.o
    0x08007b78   0x08007b78   0x00000006   Code   RO         6162    i.sensirion_i2c_hal_sleep_usec  sensirion_i2c_hal.o
    0x08007b7e   0x08007b7e   0x0000005a   Code   RO         6163    i.sensirion_i2c_hal_write  sensirion_i2c_hal.o
    0x08007bd8   0x08007bd8   0x00000058   Code   RO         6052    i.sensirion_i2c_read_data_inplace  sensirion_i2c.o
    0x08007c30   0x08007c30   0x00000004   Code   RO         6057    i.sensirion_i2c_write_data  sensirion_i2c.o
    0x08007c34   0x08007c34   0x00000014   Code   RO         4775    i.skip              cjson.o
    0x08007c48   0x08007c48   0x0000004c   Code   RO         6996    i.sqrt              m_ws.l(sqrt.o)
    0x08007c94   0x08007c94   0x00000026   Code   RO         3395    i.uxListRemove      list.o
    0x08007cba   0x08007cba   0x00000002   PAD
    0x08007cbc   0x08007cbc   0x00000014   Code   RO          296    i.vApplicationGetIdleTaskMemory  freertos.o
    0x08007cd0   0x08007cd0   0x00000018   Code   RO          297    i.vApplicationGetTimerTaskMemory  freertos.o
    0x08007ce8   0x08007ce8   0x00000016   Code   RO         3396    i.vListInitialise   list.o
    0x08007cfe   0x08007cfe   0x00000006   Code   RO         3397    i.vListInitialiseItem  list.o
    0x08007d04   0x08007d04   0x00000030   Code   RO         3398    i.vListInsert       list.o
    0x08007d34   0x08007d34   0x00000018   Code   RO         3399    i.vListInsertEnd    list.o
    0x08007d4c   0x08007d4c   0x00000040   Code   RO         4654    i.vPortEnterCritical  port.o
    0x08007d8c   0x08007d8c   0x00000028   Code   RO         4655    i.vPortExitCritical  port.o
    0x08007db4   0x08007db4   0x0000005c   Code   RO         4603    i.vPortFree         heap_4.o
    0x08007e10   0x08007e10   0x00000024   Code   RO         4656    i.vPortSetupTimerInterrupt  port.o
    0x08007e34   0x08007e34   0x00000054   Code   RO         4657    i.vPortValidateInterruptPriority  port.o
    0x08007e88   0x08007e88   0x00000024   Code   RO         3444    i.vQueueAddToRegistry  queue.o
    0x08007eac   0x08007eac   0x00000044   Code   RO         3447    i.vQueueWaitForMessageRestricted  queue.o
    0x08007ef0   0x08007ef0   0x0000004c   Code   RO         3772    i.vTaskDelay        tasks.o
    0x08007f3c   0x08007f3c   0x00000010   Code   RO         3775    i.vTaskInternalSetTimeOutState  tasks.o
    0x08007f4c   0x08007f4c   0x0000000c   Code   RO         3776    i.vTaskMissedYield  tasks.o
    0x08007f58   0x08007f58   0x00000030   Code   RO         3778    i.vTaskPlaceOnEventList  tasks.o
    0x08007f88   0x08007f88   0x00000038   Code   RO         3779    i.vTaskPlaceOnEventListRestricted  tasks.o
    0x08007fc0   0x08007fc0   0x00000084   Code   RO         3786    i.vTaskStartScheduler  tasks.o
    0x08008044   0x08008044   0x00000010   Code   RO         3788    i.vTaskSuspendAll   tasks.o
    0x08008054   0x08008054   0x0000005c   Code   RO         3789    i.vTaskSwitchContext  tasks.o
    0x080080b0   0x080080b0   0x000000a8   Code   RO         4658    i.xPortStartScheduler  port.o
    0x08008158   0x08008158   0x00000066   Code   RO         3451    i.xQueueGenericCreateStatic  queue.o
    0x080081be   0x080081be   0x00000002   PAD
    0x080081c0   0x080081c0   0x00000088   Code   RO         3452    i.xQueueGenericReset  queue.o
    0x08008248   0x08008248   0x00000164   Code   RO         3453    i.xQueueGenericSend  queue.o
    0x080083ac   0x080083ac   0x000000bc   Code   RO         3454    i.xQueueGenericSendFromISR  queue.o
    0x08008468   0x08008468   0x00000138   Code   RO         3460    i.xQueueReceive     queue.o
    0x080085a0   0x080085a0   0x00000074   Code   RO         3790    i.xTaskCheckForTimeOut  tasks.o
    0x08008614   0x08008614   0x0000005a   Code   RO         3791    i.xTaskCreate       tasks.o
    0x0800866e   0x0800866e   0x0000005a   Code   RO         3792    i.xTaskCreateStatic  tasks.o
    0x080086c8   0x080086c8   0x0000001c   Code   RO         3797    i.xTaskGetSchedulerState  tasks.o
    0x080086e4   0x080086e4   0x0000000c   Code   RO         3798    i.xTaskGetTickCount  tasks.o
    0x080086f0   0x080086f0   0x000000c8   Code   RO         3800    i.xTaskIncrementTick  tasks.o
    0x080087b8   0x080087b8   0x00000098   Code   RO         3803    i.xTaskPriorityDisinherit  tasks.o
    0x08008850   0x08008850   0x00000074   Code   RO         3805    i.xTaskRemoveFromEventList  tasks.o
    0x080088c4   0x080088c4   0x000000c4   Code   RO         3806    i.xTaskResumeAll    tasks.o
    0x08008988   0x08008988   0x00000060   Code   RO         4090    i.xTimerCreateTimerTask  timers.o
    0x080089e8   0x080089e8   0x00000064   Code   RO         4091    i.xTimerGenericCommand  timers.o
    0x08008a4c   0x08008a4c   0x00000070   Data   RO          299    .constdata          freertos.o
    0x08008abc   0x08008abc   0x00000010   Data   RO         3258    .constdata          system_stm32f1xx.o
    0x08008acc   0x08008acc   0x00000008   Data   RO         3259    .constdata          system_stm32f1xx.o
    0x08008ad4   0x08008ad4   0x00000007   Data   RO         4776    .constdata          cjson.o
    0x08008adb   0x08008adb   0x00000100   Data   RO         5101    .constdata          mqtt.o
    0x08008bdb   0x08008bdb   0x00000001   PAD
    0x08008bdc   0x08008bdc   0x0000003c   Data   RO         5431    .constdata          mqtt_app.o
    0x08008c18   0x08008c18   0x00000088   Data   RO         6599    .constdata          m_ws.l(pow.o)
    0x08008ca0   0x08008ca0   0x00000081   Data   RO         6615    .constdata          mc_w.l(ctype_o.o)
    0x08008d21   0x08008d21   0x00000003   PAD
    0x08008d24   0x08008d24   0x00000004   Data   RO         6616    .constdata          mc_w.l(ctype_o.o)
    0x08008d28   0x08008d28   0x0000000c   Data   RO         6651    .constdata          mc_w.l(mktime.o)
    0x08008d34   0x08008d34   0x00000004   PAD
    0x08008d38   0x08008d38   0x00000008   Data   RO         6994    .constdata          m_ws.l(qnan.o)
    0x08008d40   0x08008d40   0x0000000c   Data   RO         7032    .constdata          mc_w.l(localtime_i.o)
    0x08008d4c   0x08008d4c   0x0000001a   Data   RO          300    .conststring        freertos.o
    0x08008d66   0x08008d66   0x00000002   PAD
    0x08008d68   0x08008d68   0x000000e0   Data   RO         5432    .conststring        mqtt_app.o
    0x08008e48   0x08008e48   0x00000024   Data   RO         6513    .conststring        onenet.o
    0x08008e6c   0x08008e6c   0x00000020   Data   RO         7058    Region$$Table       anon$$obj.o


    Execution Region RW_IRAM1 (Exec base: 0x20000000, Load base: 0x08008e8c, Size: 0x00004de8, Max: 0x00005000, ABSOLUTE, COMPRESSED[0x000000b8])

    Exec Addr    Load Addr    Size         Type   Attr      Idx    E Section Name        Object

    0x20000000   COMPRESSED   0x00000014   Data   RW          301    .data               freertos.o
    0x20000014   COMPRESSED   0x00000010   Data   RW          639    .data               sysparams.o
    0x20000024   COMPRESSED   0x0000000c   Data   RW          806    .data               stm32f1xx_hal.o
    0x20000030   COMPRESSED   0x00000004   Data   RW         3260    .data               system_stm32f1xx.o
    0x20000034   COMPRESSED   0x0000003c   Data   RW         3809    .data               tasks.o
    0x20000070   COMPRESSED   0x00000014   Data   RW         4099    .data               timers.o
    0x20000084   COMPRESSED   0x00000018   Data   RW         4608    .data               heap_4.o
    0x2000009c   COMPRESSED   0x0000000c   Data   RW         4659    .data               port.o
    0x200000a8   COMPRESSED   0x0000000c   Data   RW         4777    .data               cjson.o
    0x200000b4   COMPRESSED   0x0000000c   Data   RW         5814    .data               scd4x_i2c.o
    0x200000c0   COMPRESSED   0x00000006   Data   RW         6310    .data               net_device.o
    0x200000c6   COMPRESSED   0x00000001   Data   RW         6473    .data               fault.o
    0x200000c7   COMPRESSED   0x00000001   PAD
    0x200000c8   COMPRESSED   0x000000c7   Data   RW         6514    .data               onenet.o
    0x2000018f   COMPRESSED   0x00000001   PAD
    0x20000190   COMPRESSED   0x00000004   Data   RW         7037    .data               mc_w.l(errno.o)
    0x20000194        -       0x000005a8   Zero   RW          298    .bss                freertos.o
    0x2000073c        -       0x00000044   Zero   RW          449    .bss                usart.o
    0x20000780        -       0x00000048   Zero   RW          599    .bss                stm32f1xx_hal_timebase_tim.o
    0x200007c8        -       0x00000014   Zero   RW          638    .bss                sysparams.o
    0x200007dc        -       0x00000014   Zero   RW          696    .bss                rtc.o
    0x200007f0        -       0x00000020   Zero   RW         1510    .bss                stm32f1xx_hal_flash.o
    0x20000810        -       0x00000040   Zero   RW         3463    .bss                queue.o
    0x20000850        -       0x000000f0   Zero   RW         3808    .bss                tasks.o
    0x20000940        -       0x000000c0   Zero   RW         4098    .bss                timers.o
    0x20000a00        -       0x00003400   Zero   RW         4607    .bss                heap_4.o
    0x20003e00        -       0x00000040   Zero   RW         5430    .bss                mqtt_app.o
    0x20003e40        -       0x00000400   Zero   RW         5741    .bss                stmflash.o
    0x20004240        -       0x00000144   Zero   RW         6414    .bss                net_io.o
    0x20004384        -       0x00000134   Zero   RW         6512    .bss                onenet.o
    0x200044b8        -       0x0000002c   Zero   RW         7029    .bss                mc_w.l(localtime_w.o)
    0x200044e4   COMPRESSED   0x00000004   PAD
    0x200044e8        -       0x00000900   Zero   RW            1    STACK               startup_stm32f103xb.o


==============================================================================

Image component sizes


      Code (inc. data)   RO Data    RW Data    ZI Data      Debug   Object Name

      3370        218          7         12          0      22987   cjson.o
       120          0          0          0          0      22113   cmsis_os.o
       130         10          0          0          0       2171   delay.o
        76          6          0          0          0       2142   direct.o
         0          0          0          0          0      17952   event_groups.o
         0          0          0          1          0        288   fault.o
       520        116        138         20       1448       5819   freertos.o
       788         68          0          0          0       3390   gpio.o
       460         24          0         24      13312       4563   heap_4.o
       138          0          0          0          0       3210   list.o
       180          0          0          0          0     477373   main.o
      2652         34        256          0          0      28206   mqtt.o
      1732        776        284          0         64      13516   mqtt_app.o
       316          0          0          0          0       4473   mqtt_buffer.o
       616         40          0          0          0       4666   myiic.o
       124         24          0          6          0       5024   net_device.o
       138         38          0          0        324       4611   net_io.o
      1428        486         36        199        308       7540   onenet.o
       662         68          0         12          0      10777   port.o
      1498         18          0          0         64      13896   queue.o
       428         46          0          0         20       2819   rtc.o
       324         20          0         12          0       4734   scd4x_i2c.o
         6          0          0          0          0       1179   sensirion_common.o
       178          0          0          0          0       4167   sensirion_i2c.o
       188          0          0          0          0       3159   sensirion_i2c_hal.o
        36          8        236          0       2304        772   startup_stm32f103xb.o
       100         18          0         12          0       5026   stm32f1xx_hal.o
       158         14          0          0          0      27994   stm32f1xx_hal_cortex.o
       222          4          0          0          0       1675   stm32f1xx_hal_dma.o
       396         48          0          0         32       4494   stm32f1xx_hal_flash.o
        36          8          0          0          0       1777   stm32f1xx_hal_flash_ex.o
       486         34          0          0          0       3333   stm32f1xx_hal_gpio.o
        52          4          0          0          0        782   stm32f1xx_hal_msp.o
        12          4          0          0          0        483   stm32f1xx_hal_pwr.o
      1340        110          0          0          0       5745   stm32f1xx_hal_rcc.o
       428         44          0          0          0       2525   stm32f1xx_hal_rcc_ex.o
      1414         16          0          0          0      12324   stm32f1xx_hal_rtc.o
       654         26          0          0          0       6880   stm32f1xx_hal_tim.o
         4          0          0          0          0       1501   stm32f1xx_hal_tim_ex.o
       116         14          0          0         72       1327   stm32f1xx_hal_timebase_tim.o
      1458         10          0          0          0       9831   stm32f1xx_hal_uart.o
        36         12          0          0          0       3207   stm32f1xx_it.o
       290         10          0          0       1024       3133   stmflash.o
         0          0          0          0          0        392   stream_buffer.o
       360         58          0         16         20       4533   sysparams.o
         2          0         24          4          0       1023   system_stm32f1xx.o
      2100        154          0         60        240      22416   tasks.o
       912         84          0         20        192      25891   timers.o
       186         20          0          0         68       2144   usart.o

    ----------------------------------------------------------------------
     26932       2692       1016        400      19492     819983   Object Totals
         0          0         32          0          0          0   (incl. Generated)
        62          0          3          2          0          0   (incl. Padding)

    ----------------------------------------------------------------------

      Code (inc. data)   RO Data    RW Data    ZI Data      Debug   Library Member Name

        62         10          0          0          0        340   dunder.o
       220         16          0          0          0         84   floor.o
        40          0          0          0          0         68   fpclassify.o
       170          0          0          0          0         96   poly.o
      2520        190        136          0          0        324   pow.o
         0          0          8          0          0          0   qnan.o
        76          0          0          0          0         84   sqrt.o
        86          0          0          0          0          0   __dczerorl2.o
         8          4        133          0          0         68   ctype_o.o
         0          0          0          0          0          0   entry.o
         0          0          0          0          0          0   entry10a.o
         0          0          0          0          0          0   entry11a.o
         8          4          0          0          0          0   entry2.o
         4          0          0          0          0          0   entry5.o
         0          0          0          0          0          0   entry7b.o
         0          0          0          0          0          0   entry8b.o
         8          4          0          0          0          0   entry9a.o
        12          6          0          4          0         68   errno.o
        30          0          0          0          0          0   handlers.o
        36          8          0          0          0         68   init.o
         0          0          0          0          0          0   iusefp.o
        30          0          0          0          0         68   llshl.o
        36          0          0          0          0         68   llsshr.o
        32          0          0          0          0         68   llushr.o
       140          6         12          0          0         76   localtime_i.o
        12          6          0          0         44         68   localtime_w.o
        64          0          0          0          0         76   memmovea.o
        36          0          0          0          0        108   memseta.o
       168         18         12          0          0         80   mktime.o
      2276         86          0          0          0        520   printfa.o
        20          0          0          0          0         68   strchr.o
        18          0          0          0          0         68   strcpy.o
        14          0          0          0          0         68   strlen.o
        30          0          0          0          0         80   strncmp.o
        36          0          0          0          0         80   strstr.o
        12          0          0          0          0         68   tolower.o
        44          0          0          0          0         80   uidiv.o
        98          0          0          0          0         92   uldiv.o
        48          0          0          0          0         68   cdcmple.o
        48          0          0          0          0         68   cdrcmple.o
       334          0          0          0          0        148   dadd.o
       222          0          0          0          0        100   ddiv.o
       186          0          0          0          0        176   depilogue.o
        62          0          0          0          0         80   dfixi.o
        48          0          0          0          0         68   dfixul.o
        34          0          0          0          0         76   dflti.o
        26          0          0          0          0         76   dfltui.o
       228          0          0          0          0         96   dmul.o
        46          0          0          0          0         80   dscalb.o
       162          0          0          0          0        100   dsqrt.o
        38          0          0          0          0         68   f2d.o
       124          0          0          0          0         88   fdiv.o
       110          0          0          0          0        168   fepilogue.o
        40          0          0          0          0         68   ffixui.o
        18          0          0          0          0         68   fflti.o
        10          0          0          0          0         68   ffltui.o
       100          0          0          0          0         76   fmul.o

    ----------------------------------------------------------------------
      8236        358        308          4         48       4676   Library Totals
         6          0          7          0          4          0   (incl. Padding)

    ----------------------------------------------------------------------

      Code (inc. data)   RO Data    RW Data    ZI Data      Debug   Library Name

      3088        216        144          0          0        996   m_ws.l
      3258        142        157          4         44       1940   mc_w.l
      1884          0          0          0          0       1740   mf_w.l

    ----------------------------------------------------------------------
      8236        358        308          4         48       4676   Library Totals

    ----------------------------------------------------------------------

==============================================================================


      Code (inc. data)   RO Data    RW Data    ZI Data      Debug   

     35168       3050       1324        404      19540     806899   Grand Totals
     35168       3050       1324        184      19540     806899   ELF Image Totals (compressed)
     35168       3050       1324        184          0          0   ROM Totals

==============================================================================

    Total RO  Size (Code + RO Data)                36492 (  35.64kB)
    Total RW  Size (RW Data + ZI Data)             19944 (  19.48kB)
    Total ROM Size (Code + RO Data + RW Data)      36676 (  35.82kB)

==============================================================================

