<html>
<body>
<pre>
<h1>礦ision Build Log</h1>
<h2>Tool Versions:</h2>
IDE-Version: μVision V5.28.0.0
Copyright (C) 2019 ARM Ltd and ARM Germany GmbH. All rights reserved.
License Information: CL CL, HP Inc., LIC=BUUAR-KEXHB-WD9K8-3U9L5-A8NHB-N1FED
 
Tool Versions:
Toolchain:       MDK-ARM Plus  Version: 5.28.0.0
Toolchain Path:  E:\Keil_v5\ARM\ARMCC\Bin
C Compiler:      Armcc.exe V5.06 update 6 (build 750)
Assembler:       Armasm.exe V5.06 update 6 (build 750)
Linker/Locator:  ArmLink.exe V5.06 update 6 (build 750)
Library Manager: ArmAr.exe V5.06 update 6 (build 750)
Hex Converter:   FromElf.exe V5.06 update 6 (build 750)
CPU DLL:         SARMCM3.DLL V5.28.0.0
Dialog DLL:      DCM.DLL V1.17.3.0
Target DLL:      STLink\ST-LINKIII-KEIL_SWO.dll V3.0.6.0
Dialog DLL:      TCM.DLL V1.36.2.0
 
<h2>Project:</h2>
E:\Projects\EIS_MQTT\MDK-ARM\EIS_MQTT.uvprojx
Project File Date:  11/01/2022

<h2>Output:</h2>
*** Using Compiler 'V5.06 update 6 (build 750)', folder: 'E:\Keil_v5\ARM\ARMCC\Bin'
Rebuild target 'EIS_MQTT'
assembling startup_stm32f103xb.s...
compiling stm32f1xx_hal_msp.c...
compiling usart.c...
compiling stm32f1xx_it.c...
compiling sysparams.c...
..\Core\Src\sysparams.c(54): warning:  #186-D: pointless comparison of unsigned integer with zero
  	 if((devloc_new[0]>= 0)&&(devloc_new[1]>=0)&&(devloc_new[1]<1000))
..\Core\Src\sysparams.c(54): warning:  #186-D: pointless comparison of unsigned integer with zero
  	 if((devloc_new[0]>= 0)&&(devloc_new[1]>=0)&&(devloc_new[1]<1000))
..\Core\Src\sysparams.c(98): warning:  #186-D: pointless comparison of unsigned integer with zero
  	 if((upload_per_new >= 0)&&(upload_per_new <= 3600))
..\Core\Src\sysparams.c: 3 warnings, 0 errors
compiling gpio.c...
../Core/Src/gpio.c(229): warning:  #68-D: integer conversion resulted in a change of sign
  			return -1;
../Core/Src/gpio.c: 1 warning, 0 errors
compiling main.c...
../Core/Src/main.c(42): warning:  #188-D: enumerated type mixed with another type
  						{"",NULL,0,1},
../Core/Src/main.c: 1 warning, 0 errors
compiling freertos.c...
../Core/Src/freertos.c(327): warning:  #177-D: variable "pms_buff"  was declared but never referenced
  	uint8_t dummy_buff[20],pms_buff;
../Core/Src/freertos.c: 1 warning, 0 errors
compiling rtc.c...
compiling stm32f1xx_hal.c...
compiling stm32f1xx_hal_timebase_tim.c...
compiling stm32f1xx_hal_rcc_ex.c...
compiling stm32f1xx_hal_gpio_ex.c...
compiling stm32f1xx_hal_rcc.c...
compiling stm32f1xx_hal_flash_ex.c...
compiling stm32f1xx_hal_gpio.c...
compiling stm32f1xx_hal_cortex.c...
compiling stm32f1xx_hal_pwr.c...
compiling stm32f1xx_hal_dma.c...
compiling stm32f1xx_hal_flash.c...
compiling stm32f1xx_hal_tim_ex.c...
compiling stm32f1xx_hal_rtc.c...
compiling system_stm32f1xx.c...
compiling croutine.c...
compiling list.c...
compiling event_groups.c...
compiling stm32f1xx_hal_exti.c...
compiling queue.c...
compiling stream_buffer.c...
compiling stm32f1xx_hal_uart.c...
compiling timers.c...
compiling heap_4.c...
compiling tasks.c...
compiling port.c...
compiling cmsis_os.c...
compiling stm32f1xx_hal_tim.c...
compiling mqtt_buffer.c...
compiling cJSON.c...
..\Middlewares\Third_Party\MQTT\cJSON.c(63): warning:  #1293-D: assignment in condition
      if (!(copy = (char*)cJSON_malloc(len))) return 0;
..\Middlewares\Third_Party\MQTT\cJSON.c(170): warning:  #177-D: variable "t"  was declared but never referenced
  unsigned t=0;
..\Middlewares\Third_Party\MQTT\cJSON.c(303): warning:  #1293-D: assignment in condition
      while ((token=*ptr) && ++len)
..\Middlewares\Third_Party\MQTT\cJSON.c(517): warning:  #1293-D: assignment in condition
          if (!(new_item=cJSON_New_Item())) return 0; 	/* memory fail */
..\Middlewares\Third_Party\MQTT\cJSON.c(629): warning:  #1293-D: assignment in condition
          if (!(new_item=cJSON_New_Item()))	return 0; /* memory fail */
..\Middlewares\Third_Party\MQTT\cJSON.c: 5 warnings, 0 errors
compiling direct.c...
..\Drivers\USER_Hardware\src\direct.c(55): warning:  #186-D: pointless comparison of unsigned integer with zero
  	if((abnloc[0]>=0)&&(abnloc[1]>=0)&&(abnloc[1]<1000))
..\Drivers\USER_Hardware\src\direct.c(55): warning:  #186-D: pointless comparison of unsigned integer with zero
  	if((abnloc[0]>=0)&&(abnloc[1]>=0)&&(abnloc[1]<1000))
..\Drivers\USER_Hardware\src\direct.c: 2 warnings, 0 errors
compiling stmflash.c...
compiling delay.c...
compiling scd4x_i2c.c...
..\Drivers\USER_Hardware\src\scd4x_i2c.c(75): warning:  #177-D: variable "i"  was declared but never referenced
  		uint8_t i=0;
..\Drivers\USER_Hardware\src\scd4x_i2c.c: 1 warning, 0 errors
compiling sensirion_common.c...
compiling selfcheck.c...
..\Drivers\USER_Hardware\src\selfcheck.c(50): warning:  #177-D: variable "value"  was declared but never referenced
  	unsigned char value = 0;
..\Drivers\USER_Hardware\src\selfcheck.c: 1 warning, 0 errors
compiling mqtt_app.c...
compiling sensirion_i2c_hal.c...
compiling sensirion_i2c.c...
compiling mqtt.c...
..\Middlewares\Third_Party\MQTT\mqtt.c(322): warning:  #1293-D: assignment in condition
      if(!(fix_head->next) || !(first_payload = fix_head->next->next) ||
..\Middlewares\Third_Party\MQTT\mqtt.c: 1 warning, 0 errors
compiling fault.c...
compiling net_io.c...
..\Middlewares\Third_Party\NET\device\src\net_io.c(79): warning:  #177-D: variable "count"  was declared but never referenced
  	unsigned short count = 0;
..\Middlewares\Third_Party\NET\device\src\net_io.c(120): warning:  #111-D: statement is unreachable
  	return REV_WAIT;								//返回接收未完成标志
..\Middlewares\Third_Party\NET\device\src\net_io.c: 2 warnings, 0 errors
compiling myiic.c...
compiling onenet.c...
..\Middlewares\Third_Party\NET\protocol\src\onenet.c(530): warning:  #177-D: variable "cur_ver_str"  was declared but never referenced
  				char cur_ver_str[7] ="";
..\Middlewares\Third_Party\NET\protocol\src\onenet.c(581): warning:  #188-D: enumerated type mixed with another type
  				Direct_Light_Control(cjson_DIR->valueint);
..\Middlewares\Third_Party\NET\protocol\src\onenet.c(501): warning:  #177-D: variable "dataPtr"  was declared but never referenced
  	char *dataPtr;
..\Middlewares\Third_Party\NET\protocol\src\onenet.c(502): warning:  #177-D: variable "numBuf"  was declared but never referenced
  	char numBuf[10];
..\Middlewares\Third_Party\NET\protocol\src\onenet.c: 4 warnings, 0 errors
compiling net_device.c...
..\Middlewares\Third_Party\NET\device\src\net_device.c(389): warning:  #177-D: variable "retry"  was declared but never referenced
  	unsigned short timeOut = 300 ,retry = 5;
..\Middlewares\Third_Party\NET\device\src\net_device.c: 1 warning, 0 errors
linking...
Program Size: Code=35168 RO-data=1324 RW-data=404 ZI-data=19540  
FromELF: creating hex file...
"EIS_MQTT\EIS_MQTT.axf" - 0 Error(s), 23 Warning(s).

<h2>Software Packages used:</h2>

Package Vendor: ARM
                http://www.keil.com/pack/ARM.CMSIS.5.6.0.pack
                ARM.CMSIS.5.6.0
                CMSIS (Cortex Microcontroller Software Interface Standard)
   * Component: CORE Version: 5.3.0

Package Vendor: GigaDevice
                http://gd32mcu.com/data/documents/pack/GigaDevice.GD32F10x_DFP.2.0.2.pack
                GigaDevice.GD32F10x_DFP.2.0.2
                GigaDevice GD32F10x Series Device Support and Examples

<h2>Collection of Component include folders:</h2>
  .\RTE\_EIS_MQTT
  C:\Users\CL\AppData\Local\Arm\Packs\ARM\CMSIS\5.6.0\CMSIS\Core\Include
  C:\Users\CL\AppData\Local\Arm\Packs\GigaDevice\GD32F10x_DFP\2.0.2\Device\Include

<h2>Collection of Component Files used:</h2>

   * Component: ARM::CMSIS:CORE:5.3.0
Build Time Elapsed:  00:00:10
</pre>
</body>
</html>
